Archive member included to satisfy reference by file (symbol)

../../libdaisy//build\libdaisy.a(daisy_seed.o)
                              build/main.o (daisy::DaisySeed::StartAudio(void (*)(float const* const*, float**, unsigned int)))
../../libdaisy//build\libdaisy.a(codec_ak4556.o)
                              ../../libdaisy//build\libdaisy.a(daisy_seed.o) (daisy::Ak4556::Init(dsy_gpio_pin))
../../libdaisy//build\libdaisy.a(codec_wm8731.o)
                              ../../libdaisy//build\libdaisy.a(daisy_seed.o) (daisy::Wm8731::Init(daisy::Wm8731::Config const&, daisy::I2CHandle))
../../libdaisy//build\libdaisy.a(sdram.o)
                              ../../libdaisy//build\libdaisy.a(daisy_seed.o) (SdramHandle::Init())
../../libdaisy//build\libdaisy.a(audio.o)
                              ../../libdaisy//build\libdaisy.a(daisy_seed.o) (daisy::AudioHandle::Init(daisy::AudioHandle::Config const&, daisy::SaiHandle))
../../libdaisy//build\libdaisy.a(logger.o)
                              build/main.o (daisy::Logger<(daisy::LoggerDestination)1>::PrintLine(char const*, ...))
../../libdaisy//build\libdaisy.a(usb.o)
                              ../../libdaisy//build\libdaisy.a(logger.o) (daisy::UsbHandle::Init(daisy::UsbHandle::UsbPeriph))
../../libdaisy//build\libdaisy.a(gpio.o)
                              ../../libdaisy//build\libdaisy.a(daisy_seed.o) (dsy_gpio_init)
../../libdaisy//build\libdaisy.a(i2c.o)
                              ../../libdaisy//build\libdaisy.a(daisy_seed.o) (daisy::I2CHandle::Init(daisy::I2CHandle::Config const&))
../../libdaisy//build\libdaisy.a(qspi.o)
                              ../../libdaisy//build\libdaisy.a(daisy_seed.o) (daisy::QSPIHandle::Init(daisy::QSPIHandle::Config const&))
../../libdaisy//build\libdaisy.a(sai.o)
                              ../../libdaisy//build\libdaisy.a(daisy_seed.o) (daisy::SaiHandle::Init(daisy::SaiHandle::Config const&))
../../libdaisy//build\libdaisy.a(uart.o)
                              build/main.o (daisy::UartHandler::Init(daisy::UartHandler::Config const&))
../../libdaisy//build\libdaisy.a(system.o)
                              ../../libdaisy//build\libdaisy.a(daisy_seed.o) (daisy::System::DeInit())
../../libdaisy//build\libdaisy.a(system_stm32h7xx.o)
                              build/startup_stm32h750xx.o (SystemInit)
../../libdaisy//build\libdaisy.a(usbd_cdc_if.o)
                              ../../libdaisy//build\libdaisy.a(usb.o) (CDC_Transmit_FS)
../../libdaisy//build\libdaisy.a(usbd_conf.o)
                              ../../libdaisy//build\libdaisy.a(system.o) (hpcd_USB_OTG_HS)
../../libdaisy//build\libdaisy.a(usbd_desc.o)
                              ../../libdaisy//build\libdaisy.a(usb.o) (HS_Desc)
../../libdaisy//build\libdaisy.a(usbh_conf.o)
                              ../../libdaisy//build\libdaisy.a(system.o) (hhcd_USB_OTG_HS)
../../libdaisy//build\libdaisy.a(hal_map.o)
                              ../../libdaisy//build\libdaisy.a(gpio.o) (dsy_hal_map_get_port)
../../libdaisy//build\libdaisy.a(stm32h7xx_hal.o)
                              ../../libdaisy//build\libdaisy.a(system.o) (HAL_Init)
../../libdaisy//build\libdaisy.a(stm32h7xx_hal_cortex.o)
                              ../../libdaisy//build\libdaisy.a(stm32h7xx_hal.o) (HAL_NVIC_SetPriorityGrouping)
../../libdaisy//build\libdaisy.a(stm32h7xx_hal_dma.o)
                              ../../libdaisy//build\libdaisy.a(i2c.o) (HAL_DMA_Init)
../../libdaisy//build\libdaisy.a(stm32h7xx_hal_gpio.o)
                              ../../libdaisy//build\libdaisy.a(sdram.o) (HAL_GPIO_Init)
../../libdaisy//build\libdaisy.a(stm32h7xx_hal_hcd.o)
                              ../../libdaisy//build\libdaisy.a(usbh_conf.o) (HAL_HCD_HC_Init)
../../libdaisy//build\libdaisy.a(stm32h7xx_hal_i2c.o)
                              ../../libdaisy//build\libdaisy.a(i2c.o) (HAL_I2C_Init)
../../libdaisy//build\libdaisy.a(stm32h7xx_hal_i2c_ex.o)
                              ../../libdaisy//build\libdaisy.a(i2c.o) (HAL_I2CEx_ConfigAnalogFilter)
../../libdaisy//build\libdaisy.a(stm32h7xx_hal_pcd.o)
                              ../../libdaisy//build\libdaisy.a(usbd_conf.o) (HAL_PCD_Init)
../../libdaisy//build\libdaisy.a(stm32h7xx_hal_pcd_ex.o)
                              ../../libdaisy//build\libdaisy.a(usbd_conf.o) (HAL_PCDEx_SetTxFiFo)
../../libdaisy//build\libdaisy.a(stm32h7xx_hal_pwr_ex.o)
                              ../../libdaisy//build\libdaisy.a(system.o) (HAL_PWREx_ConfigSupply)
../../libdaisy//build\libdaisy.a(stm32h7xx_hal_qspi.o)
                              ../../libdaisy//build\libdaisy.a(qspi.o) (HAL_QSPI_Init)
../../libdaisy//build\libdaisy.a(stm32h7xx_hal_rcc.o)
                              ../../libdaisy//build\libdaisy.a(system.o) (HAL_RCC_OscConfig)
../../libdaisy//build\libdaisy.a(stm32h7xx_hal_rcc_ex.o)
                              ../../libdaisy//build\libdaisy.a(system.o) (HAL_RCCEx_PeriphCLKConfig)
../../libdaisy//build\libdaisy.a(stm32h7xx_hal_sai.o)
[...]
Memory Configuration

Name             Origin             Length             Attributes
FLASH            0x08000000         0x00020000         xr
DTCMRAM          0x20000000         0x00020000         xrw
SRAM             0x24000000         0x00080000         xrw
RAM_D2           0x30000000         0x00048000         xrw
RAM_D3           0x38000000         0x00010000         xrw
ITCMRAM          0x00000000         0x00010000         xrw
SDRAM            0xc0000000         0x04000000         xrw
QSPIFLASH        0x90000000         0x00800000         xr
*default*        0x00000000         0xffffffff

Linker script and memory map

LOAD c:/users/amelia/desktop/capstone/daisy/daisytoolchain-0.3.1/windows/bin/../lib/gcc/arm-none-eabi/10.2.1/thumb/v7e-m+dp/hard/crti.o
LOAD c:/users/amelia/desktop/capstone/daisy/daisytoolchain-0.3.1/windows/bin/../lib/gcc/arm-none-eabi/10.2.1/thumb/v7e-m+dp/hard/crtbegin.o
LOAD c:/users/amelia/desktop/capstone/daisy/daisytoolchain-0.3.1/windows/bin/../lib/gcc/arm-none-eabi/10.2.1/../../../../arm-none-eabi/lib/thumb/v7e-m+dp/hard/crt0.o
LOAD build/startup_stm32h750xx.o
LOAD build/main.o
LOAD ../../libdaisy//build\libdaisy.a
LOAD c:/users/amelia/desktop/capstone/daisy/daisytoolchain-0.3.1/windows/bin/../lib/gcc/arm-none-eabi/10.2.1/../../../../arm-none-eabi/lib/thumb/v7e-m+dp/hard\libnosys.a
LOAD ../../DaisySP//build\libdaisysp.a
LOAD c:/users/amelia/desktop/capstone/daisy/daisytoolchain-0.3.1/windows/bin/../lib/gcc/arm-none-eabi/10.2.1/../../../../arm-none-eabi/lib/thumb/v7e-m+dp/hard\libstdc++_nano.a
LOAD c:/users/amelia/desktop/capstone/daisy/daisytoolchain-0.3.1/windows/bin/../lib/gcc/arm-none-eabi/10.2.1/../../../../arm-none-eabi/lib/thumb/v7e-m+dp/hard\libm.a
LOAD c:/users/amelia/desktop/capstone/daisy/daisytoolchain-0.3.1/windows/bin/../lib/gcc/arm-none-eabi/10.2.1/../../../../arm-none-eabi/lib/thumb/v7e-m+dp/hard\libc_nano.a
START GROUP
LOAD c:/users/amelia/desktop/capstone/daisy/daisytoolchain-0.3.1/windows/bin/../lib/gcc/arm-none-eabi/10.2.1/thumb/v7e-m+dp/hard\libgcc.a
LOAD c:/users/amelia/desktop/capstone/daisy/daisytoolchain-0.3.1/windows/bin/../lib/gcc/arm-none-eabi/10.2.1/../../../../arm-none-eabi/lib/thumb/v7e-m+dp/hard\libc_nano.a
END GROUP
START GROUP
LOAD c:/users/amelia/desktop/capstone/daisy/daisytoolchain-0.3.1/windows/bin/../lib/gcc/arm-none-eabi/10.2.1/thumb/v7e-m+dp/hard\libgcc.a
LOAD c:/users/amelia/desktop/capstone/daisy/daisytoolchain-0.3.1/windows/bin/../lib/gcc/arm-none-eabi/10.2.1/../../../../arm-none-eabi/lib/thumb/v7e-m+dp/hard\libc_nano.a
LOAD c:/users/amelia/desktop/capstone/daisy/daisytoolchain-0.3.1/windows/bin/../lib/gcc/arm-none-eabi/10.2.1/../../../../arm-none-eabi/lib/thumb/v7e-m+dp/hard\libnosys.a
END GROUP
START GROUP
LOAD c:/users/amelia/desktop/capstone/daisy/daisytoolchain-0.3.1/windows/bin/../lib/gcc/arm-none-eabi/10.2.1/thumb/v7e-m+dp/hard\libgcc.a
LOAD c:/users/amelia/desktop/capstone/daisy/daisytoolchain-0.3.1/windows/bin/../lib/gcc/arm-none-eabi/10.2.1/../../../../arm-none-eabi/lib/thumb/v7e-m+dp/hard\libc_nano.a
LOAD c:/users/amelia/desktop/capstone/daisy/daisytoolchain-0.3.1/windows/bin/../lib/gcc/arm-none-eabi/10.2.1/../../../../arm-none-eabi/lib/thumb/v7e-m+dp/hard\libnosys.a
END GROUP
LOAD c:/users/amelia/desktop/capstone/daisy/daisytoolchain-0.3.1/windows/bin/../lib/gcc/arm-none-eabi/10.2.1/thumb/v7e-m+dp/hard/crtend.o
LOAD c:/users/amelia/desktop/capstone/daisy/daisytoolchain-0.3.1/windows/bin/../lib/gcc/arm-none-eabi/10.2.1/thumb/v7e-m+dp/hard/crtn.o
                0x20020000                _estack = 0x20020000

.isr_vector     0x08000000      0x298
                0x08000000                . = ALIGN (0x4)
 *(.isr_vector)
 .isr_vector    0x08000000      0x298 build/startup_stm32h750xx.o
                0x08000000                g_pfnVectors
                0x08000298                . = ALIGN (0x4)

.text           0x080002a0    0x113a4
                0x080002a0                . = ALIGN (0x4)
                0x080002a0                _stext = .
 *(.text)
 .text          0x080002a0       0x40 c:/users/amelia/desktop/capstone/daisy/daisytoolchain-0.3.1/windows/bin/../lib/gcc/arm-none-eabi/10.2.1/thumb/v7e-m+dp/hard/crtbegin.o
 .text          0x080002e0       0xa0 c:/users/amelia/desktop/capstone/daisy/daisytoolchain-0.3.1/windows/bin/../lib/gcc/arm-none-eabi/10.2.1/../../../../arm-none-eabi/lib/thumb/v7e-m+dp/hard\libc_nano.a(lib_a-memchr.o)
                0x080002e0                memchr
 .text          0x08000380       0x14 c:/users/amelia/desktop/capstone/daisy/daisytoolchain-0.3.1/windows/bin/../lib/gcc/arm-none-eabi/10.2.1/../../../../arm-none-eabi/lib/thumb/v7e-m+dp/hard\libc_nano.a(lib_a-strcmp.o)
                0x08000380                strcmp
 .text          0x08000394       0x30 c:/users/amelia/desktop/capstone/daisy/daisytoolchain-0.3.1/windows/bin/../lib/gcc/arm-none-eabi/10.2.1/thumb/v7e-m+dp/hard\libgcc.a(_aeabi_uldivmod.o)
                0x08000394                __aeabi_uldivmod
 .text          0x080003c4      0x2d0 c:/users/amelia/desktop/capstone/daisy/daisytoolchain-0.3.1/windows/bin/../lib/gcc/arm-none-eabi/10.2.1/thumb/v7e-m+dp/hard\libgcc.a(_udivmoddi4.o)
                0x080003c4                __udivmoddi4
 .text          0x08000694        0x4 c:/users/amelia/desktop/capstone/daisy/daisytoolchain-0.3.1/windows/bin/../lib/gcc/arm-none-eabi/10.2.1/thumb/v7e-m+dp/hard\libgcc.a(_dvmd_tls.o)
                0x08000694                __aeabi_idiv0
                0x08000694                __aeabi_ldiv0
 *(.text*)
 .text.Default_Handler
                0x08000698        0x4 build/startup_stm32h750xx.o
                0x08000698                RTC_Alarm_IRQHandler
                0x08000698                HASH_RNG_IRQHandler
                0x08000698                EXTI2_IRQHandler
                0x08000698                TIM8_CC_IRQHandler
                0x08000698                HRTIM1_Master_IRQHandler
                0x08000698                DebugMon_Handler
                0x08000698                SPI4_IRQHandler
                0x08000698                TIM1_CC_IRQHandler
                0x08000698                BDMA_Channel6_IRQHandler
                0x08000698                DMA2_Stream5_IRQHandler
                0x08000698                HRTIM1_FLT_IRQHandler
                0x08000698                JPEG_IRQHandler
                0x08000698                BDMA_Channel1_IRQHandler
                0x08000698                HRTIM1_TIMD_IRQHandler
                0x08000698                TAMP_STAMP_IRQHandler
                0x08000698                PendSV_Handler
                0x08000698                NMI_Handler
                0x08000698                EXTI3_IRQHandler
                0x08000698                LPTIM4_IRQHandler
                0x08000698                TIM8_TRG_COM_TIM14_IRQHandler
                0x08000698                LPTIM2_IRQHandler
                0x08000698                DFSDM1_FLT1_IRQHandler
                0x08000698                DMAMUX2_OVR_IRQHandler
                0x08000698                TIM8_UP_TIM13_IRQHandler
                0x08000698                I2C3_ER_IRQHandler
                0x08000698                DFSDM1_FLT2_IRQHandler
                0x08000698                MDMA_IRQHandler
                0x08000698                LPTIM3_IRQHandler
                0x08000698                HSEM1_IRQHandler
                0x08000698                EXTI0_IRQHandler
                0x08000698                DMA1_Stream2_IRQHandler
                0x08000698                FPU_IRQHandler
                0x08000698                OTG_HS_WKUP_IRQHandler
                0x08000698                FDCAN1_IT1_IRQHandler
                0x08000698                UsageFault_Handler
                0x08000698                LTDC_ER_IRQHandler
                0x08000698                HRTIM1_TIME_IRQHandler
                0x08000698                TIM6_DAC_IRQHandler
                0x08000698                DCMI_IRQHandler
                0x08000698                HRTIM1_TIMC_IRQHandler
                0x08000698                SAI2_IRQHandler
                0x08000698                DFSDM1_FLT3_IRQHandler
                0x08000698                TIM17_IRQHandler
                0x08000698                CRYP_IRQHandler
                0x08000698                BDMA_Channel7_IRQHandler
                0x08000698                LPTIM5_IRQHandler
                0x08000698                ADC3_IRQHandler
                0x08000698                DMA2_Stream0_IRQHandler
                0x08000698                TIM4_IRQHandler
                0x08000698                BDMA_Channel2_IRQHandler
                0x08000698                DMAMUX1_OVR_IRQHandler
                0x08000698                TIM16_IRQHandler
                0x08000698                BDMA_Channel5_IRQHandler
                0x08000698                TIM3_IRQHandler
                0x08000698                RCC_IRQHandler
                0x08000698                TIM8_BRK_TIM12_IRQHandler
                0x08000698                TIM1_TRG_COM_IRQHandler
                0x08000698                Default_Handler
                0x08000698                ECC_IRQHandler
                0x08000698                CEC_IRQHandler
                0x08000698                EXTI15_10_IRQHandler
                0x08000698                BDMA_Channel0_IRQHandler
                0x08000698                ADC_IRQHandler
                0x08000698                DMA1_Stream7_IRQHandler
                0x08000698                HRTIM1_TIMA_IRQHandler
                0x08000698                SPI5_IRQHandler
                0x08000698                TIM7_IRQHandler
                0x08000698                SDMMC1_IRQHandler
                0x08000698                TIM5_IRQHandler
                0x08000698                DMA2_Stream7_IRQHandler
                0x08000698                TIM15_IRQHandler
                0x08000698                PVD_AVD_IRQHandler
                0x08000698                EXTI9_5_IRQHandler
                0x08000698                RTC_WKUP_IRQHandler
                0x08000698                LTDC_IRQHandler
                0x08000698                SAI3_IRQHandler
                0x08000698                ETH_WKUP_IRQHandler
                0x08000698                SPDIF_RX_IRQHandler
                0x08000698                SPI2_IRQHandler
                0x08000698                MemManage_Handler
                0x08000698                SVC_Handler
                0x08000698                CRS_IRQHandler
                0x08000698                EXTI4_IRQHandler
                0x08000698                HRTIM1_TIMB_IRQHandler
                0x08000698                FDCAN2_IT1_IRQHandler
                0x08000698                ETH_IRQHandler
                0x08000698                TIM1_UP_IRQHandler
                0x08000698                BDMA_Channel4_IRQHandler
                0x08000698                WWDG_IRQHandler
                0x08000698                SPI6_IRQHandler
                0x08000698                I2C4_EV_IRQHandler
                0x08000698                MDIOS_IRQHandler
                0x08000698                FDCAN2_IT0_IRQHandler
                0x08000698                FDCAN1_IT0_IRQHandler
                0x08000698                TIM2_IRQHandler
                0x08000698                OTG_FS_WKUP_IRQHandler
                0x08000698                DMA2D_IRQHandler
                0x08000698                TIM1_BRK_IRQHandler
                0x08000698                EXTI1_IRQHandler
                0x08000698                SDMMC2_IRQHandler
                0x08000698                BDMA_Channel3_IRQHandler
                0x08000698                MDIOS_WKUP_IRQHandler
                0x08000698                DFSDM1_FLT0_IRQHandler
                0x08000698                SAI4_IRQHandler
                0x08000698                I2C2_ER_IRQHandler
                0x08000698                DMA2_Stream1_IRQHandler
                0x08000698                FLASH_IRQHandler
                0x08000698                DMA2_Stream4_IRQHandler
                0x08000698                BusFault_Handler
                0x08000698                SPI3_IRQHandler
                0x08000698                WAKEUP_PIN_IRQHandler
                0x08000698                I2C1_ER_IRQHandler
                0x08000698                FMC_IRQHandler
                0x08000698                FDCAN_CAL_IRQHandler
                0x08000698                SWPMI1_IRQHandler
                0x08000698                COMP1_IRQHandler
                0x08000698                LPTIM1_IRQHandler
                0x08000698                I2C4_ER_IRQHandler
                0x08000698                DMA2_Stream6_IRQHandler
                0x08000698                SAI1_IRQHandler
 .text.Reset_Handler
                0x0800069c       0x44 build/startup_stm32h750xx.o
                0x0800069c                Reset_Handler
 .text._ZN7daisysp7AutowahD2Ev
                0x080006e0        0x4 build/main.o
                0x080006e0                daisysp::Autowah::~Autowah()
                0x080006e0                daisysp::Autowah::~Autowah()
 .text._ZN7daisysp9OverdriveD2Ev
                0x080006e4        0x4 build/main.o
                0x080006e4                daisysp::Overdrive::~Overdrive()
                0x080006e4                daisysp::Overdrive::~Overdrive()
 .text._ZN7daisysp6PhaserD2Ev
                0x080006e8        0x4 build/main.o
                0x080006e8                daisysp::Phaser::~Phaser()
                0x080006e8                daisysp::Phaser::~Phaser()
 .text._ZN5daisy11TimerHandleD2Ev
                0x080006ec        0x4 build/main.o
                0x080006ec                daisy::TimerHandle::~TimerHandle()
                0x080006ec                daisy::TimerHandle::~TimerHandle()
 .text._ZN5daisy9DaisySeedD2Ev
                0x080006f0        0x4 build/main.o
                0x080006f0                daisy::DaisySeed::~DaisySeed()
                0x080006f0                daisy::DaisySeed::~DaisySeed()
 .text._ZN12StateManagerD2Ev
                0x080006f4       0x40 build/main.o
                0x080006f4                StateManager::~StateManager()
                0x080006f4                StateManager::~StateManager()
 .text._Z13AudioCallbackPKPKfPPfj
                0x08000734       0x68 build/main.o
                0x08000734                AudioCallback(float const* const*, float**, unsigned int)
 .text._ZN5paramC2ERKS_
                0x0800079c      0x10c build/main.o
                0x0800079c                param::param(param const&)
                0x0800079c                param::param(param const&)
 .text._ZN15ParameterConfig14initParametersEP12param_config
                0x080008a8      0x344 build/main.o
                0x080008a8                ParameterConfig::initParameters(param_config*)
 .text._Z9UART_InitRN5daisy11UartHandlerE
                0x08000bec       0x60 build/main.o
                0x08000bec                UART_Init(daisy::UartHandler&)
 .text._ZNSt10_HashtableIiSt4pairIKi5paramESaIS3_ENSt8__detail10_Select1stESt8equal_toIiESt4hashIiENS5_18_Mod_range_hashingENS5_20_Default_ranged_hashENS5_20_Prime_rehash_policyENS5_17_Hashtable_traitsILb0ELb0ELb1EEEE5clearEv
                0x08000c4c       0x64 build/main.o
                0x08000c4c                std::_Hashtable<int, std::pair<int const, param>, std::allocator<std::pair<int const, param> >, std::__detail::_Select1st, std::equal_to<int>, std::hash<int>, std::__detail::_Mod_range_hashing, std::__detail::_Default_ranged_hash, std::__detail::_Prime_rehash_policy, std::__detail::_Hashtable_traits<false, false, true> >::clear()
 .text._ZN12ParameterMapD2Ev
                0x08000cb0       0x20 build/main.o
                0x08000cb0                ParameterMap::~ParameterMap()
                0x08000cb0                ParameterMap::~ParameterMap()
 .text._ZN15ParameterConfigD2Ev
                0x08000cd0       0x70 build/main.o
                0x08000cd0                ParameterConfig::~ParameterConfig()
                0x08000cd0                ParameterConfig::~ParameterConfig()
 .text._ZNSt6vectorImSaImEE17_M_realloc_insertIJRKmEEEvN9__gnu_cxx17__normal_iteratorIPmS1_EEDpOT_
                0x08000d40       0xd4 build/main.o
                0x08000d40                void std::vector<unsigned long, std::allocator<unsigned long> >::_M_realloc_insert<unsigned long const&>(__gnu_cxx::__normal_iterator<unsigned long*, std::vector<unsigned long, std::allocator<unsigned long> > >, unsigned long const&)
 .text.startup.main
                0x08000e14       0xe4 build/main.o
                0x08000e14                main
 .text.startup._GLOBAL__sub_I_stateManager
                0x08000ef8      0x150 build/main.o
 .text._ZN5daisy9DaisySeed10StartAudioEPFvPKPKfPPfjE
                0x08001048        0x8 ../../libdaisy//build\libdaisy.a(daisy_seed.o)
                0x08001048                daisy::DaisySeed::StartAudio(void (*)(float const* const*, float**, unsigned int))
 .text._ZN5daisy9DaisySeed18SetAudioSampleRateENS_9SaiHandle6Config10SampleRateE
                0x08001050       0x38 ../../libdaisy//build\libdaisy.a(daisy_seed.o)
                0x08001050                daisy::DaisySeed::SetAudioSampleRate(daisy::SaiHandle::Config::SampleRate)
 .text._ZN5daisy9DaisySeed15AudioSampleRateEv
                0x08001088        0x8 ../../libdaisy//build\libdaisy.a(daisy_seed.o)
                0x08001088                daisy::DaisySeed::AudioSampleRate()
 .text._ZN5daisy9DaisySeed17SetAudioBlockSizeEj
                0x08001090       0x38 ../../libdaisy//build\libdaisy.a(daisy_seed.o)
                0x08001090                daisy::DaisySeed::SetAudioBlockSize(unsigned int)
 .text._ZN5daisy9DaisySeed14ConfigureAudioEv
                0x080010c8       0xd0 ../../libdaisy//build\libdaisy.a(daisy_seed.o)
                0x080010c8                daisy::DaisySeed::ConfigureAudio()
 .text._ZN5daisy9DaisySeed4InitEb
                0x08001198       0xf0 ../../libdaisy//build\libdaisy.a(daisy_seed.o)
                0x08001198                daisy::DaisySeed::Init(bool)
 .text._ZN5daisy6Ak45564InitE12dsy_gpio_pin
                0x08001288       0x44 ../../libdaisy//build\libdaisy.a(codec_ak4556.o)
                0x08001288                daisy::Ak4556::Init(dsy_gpio_pin)
 .text._ZN5daisy6Wm873120WriteControlRegisterEht
                0x080012cc       0x3c ../../libdaisy//build\libdaisy.a(codec_wm8731.o)
                0x080012cc                daisy::Wm8731::WriteControlRegister(unsigned char, unsigned short)
 .text._ZN5daisy6Wm87314InitERKNS0_6ConfigENS_9I2CHandleE
                0x08001308      0x1bc ../../libdaisy//build\libdaisy.a(codec_wm8731.o)
                0x08001308                daisy::Wm8731::Init(daisy::Wm8731::Config const&, daisy::I2CHandle)
 .text._ZN11SdramHandle10DeviceInitEv
                0x080014c4       0x98 ../../libdaisy//build\libdaisy.a(sdram.o)
                0x080014c4                SdramHandle::DeviceInit()
 .text._ZN11SdramHandle4InitEv
                0x0800155c       0x7c ../../libdaisy//build\libdaisy.a(sdram.o)
                0x0800155c                SdramHandle::Init()
 .text.HAL_SDRAM_MspInit
                0x080015d8      0x1a8 ../../libdaisy//build\libdaisy.a(sdram.o)
                0x080015d8                HAL_SDRAM_MspInit
 .text._ZN5daisy11AudioHandle4Impl16InternalCallbackEPlS2_j
                0x08001780      0xbbc ../../libdaisy//build\libdaisy.a(audio.o)
                0x08001780                daisy::AudioHandle::Impl::InternalCallback(long*, long*, unsigned int)
 .text._ZN5daisy11AudioHandle4InitERKNS0_6ConfigENS_9SaiHandleE
                0x0800233c       0x64 ../../libdaisy//build\libdaisy.a(audio.o)
                0x0800233c                daisy::AudioHandle::Init(daisy::AudioHandle::Config const&, daisy::SaiHandle)
 .text._ZNK5daisy11AudioHandle9GetConfigEv
                0x080023a0        0x8 ../../libdaisy//build\libdaisy.a(audio.o)
                0x080023a0                daisy::AudioHandle::GetConfig() const
 .text._ZN5daisy11AudioHandle12SetBlockSizeEj
                0x080023a8       0x1c ../../libdaisy//build\libdaisy.a(audio.o)
                0x080023a8                daisy::AudioHandle::SetBlockSize(unsigned int)
 .text._ZN5daisy11AudioHandle13GetSampleRateEv
                0x080023c4        0x8 ../../libdaisy//build\libdaisy.a(audio.o)
                0x080023c4                daisy::AudioHandle::GetSampleRate()
 .text._ZN5daisy11AudioHandle13SetSampleRateENS_9SaiHandle6Config10SampleRateE
                0x080023cc       0x88 ../../libdaisy//build\libdaisy.a(audio.o)
                0x080023cc                daisy::AudioHandle::SetSampleRate(daisy::SaiHandle::Config::SampleRate)
 .text._ZN5daisy11AudioHandle5StartEPFvPKPKfPPfjE
                0x08002454       0x44 ../../libdaisy//build\libdaisy.a(audio.o)
                0x08002454                daisy::AudioHandle::Start(void (*)(float const* const*, float**, unsigned int))
 .text.startup._GLOBAL__sub_I__ZN5daisy11AudioHandle4Impl4InitENS0_6ConfigENS_9SaiHandleE
                0x08002498       0x10 ../../libdaisy//build\libdaisy.a(audio.o)
 .text._ZN5daisy9UsbHandleD2Ev
                0x080024a8        0x4 ../../libdaisy//build\libdaisy.a(logger.o)
                0x080024a8                daisy::UsbHandle::~UsbHandle()
                0x080024a8                daisy::UsbHandle::~UsbHandle()
 .text._ZN5daisy6LoggerILNS_17LoggerDestinationE1EE11TransmitBufEv
                0x080024ac       0x60 ../../libdaisy//build\libdaisy.a(logger.o)
                0x080024ac                daisy::Logger<(daisy::LoggerDestination)1>::TransmitBuf()
 .text._ZN5daisy6LoggerILNS_17LoggerDestinationE1EE13AppendNewLineEv
                0x0800250c       0x60 ../../libdaisy//build\libdaisy.a(logger.o)
                0x0800250c                daisy::Logger<(daisy::LoggerDestination)1>::AppendNewLine()
 .text._ZN5daisy6LoggerILNS_17LoggerDestinationE1EE10PrintLineVEPKcSt9__va_list
                0x0800256c       0x30 ../../libdaisy//build\libdaisy.a(logger.o)
                0x0800256c                daisy::Logger<(daisy::LoggerDestination)1>::PrintLineV(char const*, std::__va_list)
 .text._ZN5daisy6LoggerILNS_17LoggerDestinationE1EE9PrintLineEPKcz
                0x0800259c       0x1c ../../libdaisy//build\libdaisy.a(logger.o)
                0x0800259c                daisy::Logger<(daisy::LoggerDestination)1>::PrintLine(char const*, ...)
 .text.startup._GLOBAL__sub_I__ZN5daisy10LoggerImplILNS_17LoggerDestinationE1EE11usb_handle_E
                0x080025b8       0x2c ../../libdaisy//build\libdaisy.a(logger.o)
 .text._ZN5daisy9UsbHandle16TransmitInternalEPhj
                0x080025e4       0x14 ../../libdaisy//build\libdaisy.a(usb.o)
                0x080025e4                daisy::UsbHandle::TransmitInternal(unsigned char*, unsigned int)
 .text.OTG_FS_EP1_OUT_IRQHandler
                0x080025f8        0xc ../../libdaisy//build\libdaisy.a(usb.o)
                0x080025f8                OTG_FS_EP1_OUT_IRQHandler
 .text.OTG_FS_EP1_IN_IRQHandler
                0x08002604        0xc ../../libdaisy//build\libdaisy.a(usb.o)
                0x08002604                OTG_FS_EP1_IN_IRQHandler
 .text.OTG_FS_IRQHandler
                0x08002610        0xc ../../libdaisy//build\libdaisy.a(usb.o)
                0x08002610                OTG_FS_IRQHandler
 .text.dsy_gpio_init
                0x0800261c      0x1b8 ../../libdaisy//build\libdaisy.a(gpio.o)
                0x0800261c                dsy_gpio_init
 .text.dsy_gpio_read
                0x080027d4       0x1c ../../libdaisy//build\libdaisy.a(gpio.o)
                0x080027d4                dsy_gpio_read
 .text.dsy_gpio_write
                0x080027f0       0x24 ../../libdaisy//build\libdaisy.a(gpio.o)
                0x080027f0                dsy_gpio_write
 .text._ZN5daisy9I2CHandle4Impl8InitPinsEv
                0x08002814       0x58 ../../libdaisy//build\libdaisy.a(i2c.o)
                0x08002814                daisy::I2CHandle::Impl::InitPins()
 .text.HAL_I2C_MspInit
                0x0800286c      0x1b4 ../../libdaisy//build\libdaisy.a(i2c.o)
                0x0800286c                HAL_I2C_MspInit
 .text.dsy_i2c_global_init
                0x08002a20       0x78 ../../libdaisy//build\libdaisy.a(i2c.o)
                0x08002a20                dsy_i2c_global_init
 .text.DMA1_Stream6_IRQHandler
                0x08002a98       0x34 ../../libdaisy//build\libdaisy.a(i2c.o)
                0x08002a98                DMA1_Stream6_IRQHandler
 .text.I2C1_EV_IRQHandler
                0x08002acc        0xc ../../libdaisy//build\libdaisy.a(i2c.o)
                0x08002acc                I2C1_EV_IRQHandler
 .text.I2C2_EV_IRQHandler
                0x08002ad8        0xc ../../libdaisy//build\libdaisy.a(i2c.o)
                0x08002ad8                I2C2_EV_IRQHandler
 .text.I2C3_EV_IRQHandler
                0x08002ae4        0xc ../../libdaisy//build\libdaisy.a(i2c.o)
                0x08002ae4                I2C3_EV_IRQHandler
 .text._ZN5daisy9I2CHandle4InitERKNS0_6ConfigE
                0x08002af0      0x12c ../../libdaisy//build\libdaisy.a(i2c.o)
                0x08002af0                daisy::I2CHandle::Init(daisy::I2CHandle::Config const&)
 .text._ZN5daisy9I2CHandle16TransmitBlockingEtPhtm
                0x08002c1c       0x50 ../../libdaisy//build\libdaisy.a(i2c.o)
                0x08002c1c                daisy::I2CHandle::TransmitBlocking(unsigned short, unsigned char*, unsigned short, unsigned long)
 .text.startup._GLOBAL__sub_I__ZN5daisy9I2CHandle4Impl10GlobalInitEv
                0x08002c6c       0x18 ../../libdaisy//build\libdaisy.a(i2c.o)
 .text._ZN5daisy10QSPIHandle4Impl11WriteEnableEv
                0x08002c84       0x8c ../../libdaisy//build\libdaisy.a(qspi.o)
                0x08002c84                daisy::QSPIHandle::Impl::WriteEnable()
 .text._ZN5daisy10QSPIHandle4Impl17DummyCyclesConfigENS0_6Config6DeviceE
                0x08002d10      0x118 ../../libdaisy//build\libdaisy.a(qspi.o)
                0x08002d10                daisy::QSPIHandle::Impl::DummyCyclesConfig(daisy::QSPIHandle::Config::Device)
 .text._ZN5daisy10QSPIHandle4Impl10QuadEnableEv
                0x08002e28      0x158 ../../libdaisy//build\libdaisy.a(qspi.o)
                0x08002e28                daisy::QSPIHandle::Impl::QuadEnable()
 .text._ZN5daisy10QSPIHandle4InitERKNS0_6ConfigE
                0x08002f80      0x198 ../../libdaisy//build\libdaisy.a(qspi.o)
                0x08002f80                daisy::QSPIHandle::Init(daisy::QSPIHandle::Config const&)
 .text.HAL_QSPI_MspInit
                0x08003118      0x11c ../../libdaisy//build\libdaisy.a(qspi.o)
                0x08003118                HAL_QSPI_MspInit
 .text.HAL_QSPI_MspDeInit
                0x08003234       0x54 ../../libdaisy//build\libdaisy.a(qspi.o)
                0x08003234                HAL_QSPI_MspDeInit
 .text.QUADSPI_IRQHandler
                0x08003288        0xc ../../libdaisy//build\libdaisy.a(qspi.o)
                0x08003288                QUADSPI_IRQHandler
 .text.startup._GLOBAL__sub_I__ZN5daisy10QSPIHandle4Impl4InitERKNS0_6ConfigE
                0x08003294       0x28 ../../libdaisy//build\libdaisy.a(qspi.o)
 .text._ZN5daisy9SaiHandle4Impl7InitDmaENS1_15PeripheralBlockE
                0x080032bc       0xa0 ../../libdaisy//build\libdaisy.a(sai.o)
                0x080032bc                daisy::SaiHandle::Impl::InitDma(daisy::SaiHandle::Impl::PeripheralBlock)
 .text._ZN5daisy9SaiHandle4Impl8InitPinsEv
                0x0800335c       0xa8 ../../libdaisy//build\libdaisy.a(sai.o)
                0x0800335c                daisy::SaiHandle::Impl::InitPins()
 .text.HAL_SAI_MspInit
                0x08003404      0x164 ../../libdaisy//build\libdaisy.a(sai.o)
                0x08003404                HAL_SAI_MspInit
 .text.DMA1_Stream0_IRQHandler
                0x08003568        0xc ../../libdaisy//build\libdaisy.a(sai.o)
                0x08003568                DMA1_Stream0_IRQHandler
 .text.DMA1_Stream1_IRQHandler
                0x08003574        0xc ../../libdaisy//build\libdaisy.a(sai.o)
                0x08003574                DMA1_Stream1_IRQHandler
 .text.DMA1_Stream3_IRQHandler
                0x08003580        0xc ../../libdaisy//build\libdaisy.a(sai.o)
                0x08003580                DMA1_Stream3_IRQHandler
 .text.DMA1_Stream4_IRQHandler
                0x0800358c        0xc ../../libdaisy//build\libdaisy.a(sai.o)
                0x0800358c                DMA1_Stream4_IRQHandler
 .text.HAL_SAI_RxHalfCpltCallback
                0x08003598       0x78 ../../libdaisy//build\libdaisy.a(sai.o)
                0x08003598                HAL_SAI_RxHalfCpltCallback
 .text.HAL_SAI_RxCpltCallback
                0x08003610       0x70 ../../libdaisy//build\libdaisy.a(sai.o)
                0x08003610                HAL_SAI_RxCpltCallback
 .text._ZN5daisy9SaiHandle4InitERKNS0_6ConfigE
                0x08003680      0x1f0 ../../libdaisy//build\libdaisy.a(sai.o)
                0x08003680                daisy::SaiHandle::Init(daisy::SaiHandle::Config const&)
 .text._ZNK5daisy9SaiHandle9GetConfigEv
                0x08003870        0x4 ../../libdaisy//build\libdaisy.a(sai.o)
                0x08003870                daisy::SaiHandle::GetConfig() const
 .text._ZN5daisy9SaiHandle8StartDmaEPlS1_jPFvS1_S1_jE
                0x08003874       0xbc ../../libdaisy//build\libdaisy.a(sai.o)
                0x08003874                daisy::SaiHandle::StartDma(long*, long*, unsigned int, void (*)(long*, long*, unsigned int))
 .text._ZN5daisy9SaiHandle13GetSampleRateEv
                0x08003930       0x24 ../../libdaisy//build\libdaisy.a(sai.o)
                0x08003930                daisy::SaiHandle::GetSampleRate()
 .text._ZNK5daisy9SaiHandle9GetOffsetEv
                0x08003954        0x8 ../../libdaisy//build\libdaisy.a(sai.o)
                0x08003954                daisy::SaiHandle::GetOffset() const
 .text._ZN5daisy11UartHandler4Impl8InitPinsEv
                0x0800395c      0x15c ../../libdaisy//build\libdaisy.a(uart.o)
                0x0800395c                daisy::UartHandler::Impl::InitPins()
 .text._ZN5daisy11UartHandler4Impl14UARTRxCompleteEv
                0x08003ab8       0xfc ../../libdaisy//build\libdaisy.a(uart.o)
                0x08003ab8                daisy::UartHandler::Impl::UARTRxComplete()
 .text.HAL_UART_RxCpltCallback
                0x08003bb4       0x90 ../../libdaisy//build\libdaisy.a(uart.o)
                0x08003bb4                HAL_UART_RxCpltCallback
 .text.HAL_UART_ErrorCallback
                0x08003c44       0x94 ../../libdaisy//build\libdaisy.a(uart.o)
                0x08003c44                HAL_UART_ErrorCallback
 .text.HAL_UART_MspInit
                0x08003cd8      0x28c ../../libdaisy//build\libdaisy.a(uart.o)
                0x08003cd8                HAL_UART_MspInit
 .text.USART1_IRQHandler
                0x08003f64       0xa8 ../../libdaisy//build\libdaisy.a(uart.o)
                0x08003f64                USART1_IRQHandler
 .text.USART2_IRQHandler
                0x0800400c       0xac ../../libdaisy//build\libdaisy.a(uart.o)
                0x0800400c                USART2_IRQHandler
 .text.USART3_IRQHandler
                0x080040b8       0xac ../../libdaisy//build\libdaisy.a(uart.o)
                0x080040b8                USART3_IRQHandler
 .text.UART4_IRQHandler
                0x08004164       0xac ../../libdaisy//build\libdaisy.a(uart.o)
                0x08004164                UART4_IRQHandler
 .text.UART5_IRQHandler
                0x08004210       0xac ../../libdaisy//build\libdaisy.a(uart.o)
                0x08004210                UART5_IRQHandler
 .text.USART6_IRQHandler
                0x080042bc       0xac ../../libdaisy//build\libdaisy.a(uart.o)
                0x080042bc                USART6_IRQHandler
 .text.UART7_IRQHandler
                0x08004368       0xac ../../libdaisy//build\libdaisy.a(uart.o)
                0x08004368                UART7_IRQHandler
 .text.UART8_IRQHandler
                0x08004414       0xac ../../libdaisy//build\libdaisy.a(uart.o)
                0x08004414                UART8_IRQHandler
 .text.LPUART1_IRQHandler
                0x080044c0       0xb4 ../../libdaisy//build\libdaisy.a(uart.o)
                0x080044c0                LPUART1_IRQHandler
 .text.DMA1_Stream5_IRQHandler
                0x08004574        0xc ../../libdaisy//build\libdaisy.a(uart.o)
                0x08004574                DMA1_Stream5_IRQHandler
 .text._ZN5daisy11UartHandler4InitERKNS0_6ConfigE
                0x08004580      0x104 ../../libdaisy//build\libdaisy.a(uart.o)
                0x08004580                daisy::UartHandler::Init(daisy::UartHandler::Config const&)
 .text._ZN5daisy11UartHandler7StartRxEv
                0x08004684       0x28 ../../libdaisy//build\libdaisy.a(uart.o)
                0x08004684                daisy::UartHandler::StartRx()
 .text._ZN5daisy11UartHandler7FlushRxEv
                0x080046ac       0x10 ../../libdaisy//build\libdaisy.a(uart.o)
                0x080046ac                daisy::UartHandler::FlushRx()
 .text._ZN5daisy11UartHandler5PopRxEv
                0x080046bc       0x28 ../../libdaisy//build\libdaisy.a(uart.o)
                0x080046bc                daisy::UartHandler::PopRx()
 .text._ZN5daisy11UartHandler8ReadableEv
                0x080046e4       0x10 ../../libdaisy//build\libdaisy.a(uart.o)
                0x080046e4                daisy::UartHandler::Readable()
 .text.startup._GLOBAL__sub_I__Z19MapInstanceToHandleP13USART_TypeDef
                0x080046f4      0x1a0 ../../libdaisy//build\libdaisy.a(uart.o)
 .text.SysTick_Handler
                0x08004894       0x10 ../../libdaisy//build\libdaisy.a(system.o)
                0x08004894                SysTick_Handler
 .text.OTG_HS_EP1_OUT_IRQHandler
                0x080048a4       0x24 ../../libdaisy//build\libdaisy.a(system.o)
                0x080048a4                OTG_HS_EP1_OUT_IRQHandler
 .text.OTG_HS_EP1_IN_IRQHandler
                0x080048c8       0x24 ../../libdaisy//build\libdaisy.a(system.o)
                0x080048c8                OTG_HS_EP1_IN_IRQHandler
 .text.OTG_HS_IRQHandler
                0x080048ec       0x24 ../../libdaisy//build\libdaisy.a(system.o)
                0x080048ec                OTG_HS_IRQHandler
 .text.HardFault_Handler
                0x08004910       0xe0 ../../libdaisy//build\libdaisy.a(system.o)
                0x08004910                HardFault_Handler
 .text._ZN5daisy6System5DelayEm
                0x080049f0        0x4 ../../libdaisy//build\libdaisy.a(system.o)
                0x080049f0                daisy::System::Delay(unsigned long)
 .text._ZN5daisy6System15ConfigureClocksEv
                0x080049f4      0x194 ../../libdaisy//build\libdaisy.a(system.o)
                0x080049f4                daisy::System::ConfigureClocks()
 .text._ZN5daisy6System4InitERKNS0_6ConfigE
                0x08004b88      0x12c ../../libdaisy//build\libdaisy.a(system.o)
                0x08004b88                daisy::System::Init(daisy::System::Config const&)
 .text._ZN5daisy6System12GetPClk1FreqEv
                0x08004cb4        0x4 ../../libdaisy//build\libdaisy.a(system.o)
                0x08004cb4                daisy::System::GetPClk1Freq()
 .text._ZN5daisy6System22GetProgramMemoryRegionEv
                0x08004cb8       0x78 ../../libdaisy//build\libdaisy.a(system.o)
                0x08004cb8                daisy::System::GetProgramMemoryRegion()
 .text.startup._GLOBAL__sub_I_SysTick_Handler
                0x08004d30       0x1c ../../libdaisy//build\libdaisy.a(system.o)
 .text.SystemInit
                0x08004d4c       0x9c ../../libdaisy//build\libdaisy.a(system_stm32h7xx.o)
                0x08004d4c                SystemInit
 .text.CDC_Transmit_FS
                0x08004de8       0x2c ../../libdaisy//build\libdaisy.a(usbd_cdc_if.o)
                0x08004de8                CDC_Transmit_FS
 .text.HAL_PCD_SetupStageCallback
                0x08004e14        0xc ../../libdaisy//build\libdaisy.a(usbd_conf.o)
                0x08004e14                HAL_PCD_SetupStageCallback
 .text.HAL_PCD_DataOutStageCallback
                0x08004e20       0x14 ../../libdaisy//build\libdaisy.a(usbd_conf.o)
                0x08004e20                HAL_PCD_DataOutStageCallback
 .text.HAL_PCD_DataInStageCallback
                0x08004e34       0x14 ../../libdaisy//build\libdaisy.a(usbd_conf.o)
                0x08004e34                HAL_PCD_DataInStageCallback
 .text.HAL_PCD_SOFCallback
                0x08004e48        0x8 ../../libdaisy//build\libdaisy.a(usbd_conf.o)
                0x08004e48                HAL_PCD_SOFCallback
 .text.HAL_PCD_ResetCallback
                0x08004e50       0x24 ../../libdaisy//build\libdaisy.a(usbd_conf.o)
                0x08004e50                HAL_PCD_ResetCallback
 .text.HAL_PCD_SuspendCallback
                0x08004e74       0x30 ../../libdaisy//build\libdaisy.a(usbd_conf.o)
                0x08004e74                HAL_PCD_SuspendCallback
 .text.HAL_PCD_ResumeCallback
                0x08004ea4        0x8 ../../libdaisy//build\libdaisy.a(usbd_conf.o)
                0x08004ea4                HAL_PCD_ResumeCallback
 .text.HAL_PCD_ISOOUTIncompleteCallback
                0x08004eac        0x8 ../../libdaisy//build\libdaisy.a(usbd_conf.o)
                0x08004eac                HAL_PCD_ISOOUTIncompleteCallback
 .text.HAL_PCD_ISOINIncompleteCallback
                0x08004eb4        0x8 ../../libdaisy//build\libdaisy.a(usbd_conf.o)
                0x08004eb4                HAL_PCD_ISOINIncompleteCallback
 .text.HAL_PCD_ConnectCallback
                0x08004ebc        0x8 ../../libdaisy//build\libdaisy.a(usbd_conf.o)
                0x08004ebc                HAL_PCD_ConnectCallback
 .text.HAL_PCD_DisconnectCallback
                0x08004ec4        0x8 ../../libdaisy//build\libdaisy.a(usbd_conf.o)
                0x08004ec4                HAL_PCD_DisconnectCallback
 .text.USBD_LL_OpenEP
                0x08004ecc       0x24 ../../libdaisy//build\libdaisy.a(usbd_conf.o)
                0x08004ecc                USBD_LL_OpenEP
 .text.USBD_LL_StallEP
                0x08004ef0       0x1c ../../libdaisy//build\libdaisy.a(usbd_conf.o)
                0x08004ef0                USBD_LL_StallEP
 .text.USBD_LL_ClearStallEP
                0x08004f0c       0x1c ../../libdaisy//build\libdaisy.a(usbd_conf.o)
                0x08004f0c                USBD_LL_ClearStallEP
 .text.USBD_LL_IsStallEP
                0x08004f28       0x28 ../../libdaisy//build\libdaisy.a(usbd_conf.o)
                0x08004f28                USBD_LL_IsStallEP
 .text.USBD_LL_SetUSBAddress
                0x08004f50       0x1c ../../libdaisy//build\libdaisy.a(usbd_conf.o)
                0x08004f50                USBD_LL_SetUSBAddress
 .text.USBD_LL_Transmit
                0x08004f6c       0x1c ../../libdaisy//build\libdaisy.a(usbd_conf.o)
                0x08004f6c                USBD_LL_Transmit
 .text.USBD_LL_PrepareReceive
                0x08004f88       0x1c ../../libdaisy//build\libdaisy.a(usbd_conf.o)
                0x08004f88                USBD_LL_PrepareReceive
 .text.HAL_HCD_SOF_Callback
                0x08004fa4        0x8 ../../libdaisy//build\libdaisy.a(usbh_conf.o)
                0x08004fa4                HAL_HCD_SOF_Callback
 .text.HAL_HCD_Connect_Callback
                0x08004fac        0x8 ../../libdaisy//build\libdaisy.a(usbh_conf.o)
                0x08004fac                HAL_HCD_Connect_Callback
 .text.HAL_HCD_Disconnect_Callback
                0x08004fb4        0x8 ../../libdaisy//build\libdaisy.a(usbh_conf.o)
                0x08004fb4                HAL_HCD_Disconnect_Callback
 .text.HAL_HCD_HC_NotifyURBChange_Callback
                0x08004fbc        0x4 ../../libdaisy//build\libdaisy.a(usbh_conf.o)
                0x08004fbc                HAL_HCD_HC_NotifyURBChange_Callback
 .text.HAL_HCD_PortEnabled_Callback
                0x08004fc0        0x8 ../../libdaisy//build\libdaisy.a(usbh_conf.o)
                0x08004fc0                HAL_HCD_PortEnabled_Callback
 .text.HAL_HCD_PortDisabled_Callback
                0x08004fc8        0x8 ../../libdaisy//build\libdaisy.a(usbh_conf.o)
                0x08004fc8                HAL_HCD_PortDisabled_Callback
 .text.USBH_LL_Stop
                0x08004fd0       0x1c ../../libdaisy//build\libdaisy.a(usbh_conf.o)
                0x08004fd0                USBH_LL_Stop
 .text.dsy_hal_map_get_port
                0x08004fec       0x10 ../../libdaisy//build\libdaisy.a(hal_map.o)
                0x08004fec                dsy_hal_map_get_port
 .text.dsy_hal_map_get_pin
                0x08004ffc       0x10 ../../libdaisy//build\libdaisy.a(hal_map.o)
                0x08004ffc                dsy_hal_map_get_pin
 .text.dsy_hal_map_gpio_clk_enable
                0x0800500c      0x150 ../../libdaisy//build\libdaisy.a(hal_map.o)
                0x0800500c                dsy_hal_map_gpio_clk_enable
 .text.HAL_MspInit
                0x0800515c        0x4 ../../libdaisy//build\libdaisy.a(stm32h7xx_hal.o)
                0x0800515c                HAL_MspInit
 .text.HAL_InitTick
                0x08005160       0x4c ../../libdaisy//build\libdaisy.a(stm32h7xx_hal.o)
                0x08005160                HAL_InitTick
 .text.HAL_Init
                0x080051ac       0x60 ../../libdaisy//build\libdaisy.a(stm32h7xx_hal.o)
                0x080051ac                HAL_Init
 .text.HAL_IncTick
                0x0800520c       0x18 ../../libdaisy//build\libdaisy.a(stm32h7xx_hal.o)
                0x0800520c                HAL_IncTick
 .text.HAL_GetTick
                0x08005224        0xc ../../libdaisy//build\libdaisy.a(stm32h7xx_hal.o)
                0x08005224                HAL_GetTick
 .text.HAL_Delay
                0x08005230       0x24 ../../libdaisy//build\libdaisy.a(stm32h7xx_hal.o)
                0x08005230                HAL_Delay
 .text.HAL_GetREVID
                0x08005254        0xc ../../libdaisy//build\libdaisy.a(stm32h7xx_hal.o)
                0x08005254                HAL_GetREVID
 .text.HAL_NVIC_SetPriorityGrouping
                0x08005260       0x24 ../../libdaisy//build\libdaisy.a(stm32h7xx_hal_cortex.o)
                0x08005260                HAL_NVIC_SetPriorityGrouping
 .text.HAL_NVIC_SetPriority
                0x08005284       0x7c ../../libdaisy//build\libdaisy.a(stm32h7xx_hal_cortex.o)
                0x08005284                HAL_NVIC_SetPriority
 .text.HAL_NVIC_EnableIRQ
                0x08005300       0x1c ../../libdaisy//build\libdaisy.a(stm32h7xx_hal_cortex.o)
                0x08005300                HAL_NVIC_EnableIRQ
 .text.HAL_NVIC_DisableIRQ
                0x0800531c       0x28 ../../libdaisy//build\libdaisy.a(stm32h7xx_hal_cortex.o)
                0x0800531c                HAL_NVIC_DisableIRQ
 .text.HAL_SYSTICK_Config
                0x08005344       0x2c ../../libdaisy//build\libdaisy.a(stm32h7xx_hal_cortex.o)
                0x08005344                HAL_SYSTICK_Config
 .text.HAL_MPU_Disable
                0x08005370       0x1c ../../libdaisy//build\libdaisy.a(stm32h7xx_hal_cortex.o)
                0x08005370                HAL_MPU_Disable
 .text.HAL_MPU_Enable
                0x0800538c       0x20 ../../libdaisy//build\libdaisy.a(stm32h7xx_hal_cortex.o)
                0x0800538c                HAL_MPU_Enable
 .text.HAL_MPU_ConfigRegion
                0x080053ac       0x64 ../../libdaisy//build\libdaisy.a(stm32h7xx_hal_cortex.o)
                0x080053ac                HAL_MPU_ConfigRegion
 .text.HAL_SYSTICK_Callback
                0x08005410        0x4 ../../libdaisy//build\libdaisy.a(stm32h7xx_hal_cortex.o)
                0x08005410                HAL_SYSTICK_Callback
 .text.HAL_SYSTICK_IRQHandler
                0x08005414        0x8 ../../libdaisy//build\libdaisy.a(stm32h7xx_hal_cortex.o)
                0x08005414                HAL_SYSTICK_IRQHandler
 .text.DMA_CalcBaseAndBitshift
                0x0800541c       0xf4 ../../libdaisy//build\libdaisy.a(stm32h7xx_hal_dma.o)
 .text.DMA_CalcDMAMUXChannelBaseAndMask
                0x08005510       0xd8 ../../libdaisy//build\libdaisy.a(stm32h7xx_hal_dma.o)
 .text.HAL_DMA_Init
                0x080055e8      0x37c ../../libdaisy//build\libdaisy.a(stm32h7xx_hal_dma.o)
                0x080055e8                HAL_DMA_Init
 .text.HAL_DMA_Start_IT
                0x08005964      0x240 ../../libdaisy//build\libdaisy.a(stm32h7xx_hal_dma.o)
                0x08005964                HAL_DMA_Start_IT
 .text.HAL_DMA_Abort_IT
                0x08005ba4      0x134 ../../libdaisy//build\libdaisy.a(stm32h7xx_hal_dma.o)
                0x08005ba4                HAL_DMA_Abort_IT
 .text.HAL_DMA_IRQHandler
                0x08005cd8      0x6a0 ../../libdaisy//build\libdaisy.a(stm32h7xx_hal_dma.o)
                0x08005cd8                HAL_DMA_IRQHandler
 .text.HAL_DMA_GetError
                0x08006378        0x4 ../../libdaisy//build\libdaisy.a(stm32h7xx_hal_dma.o)
                0x08006378                HAL_DMA_GetError
 .text.HAL_GPIO_Init
                0x0800637c      0x280 ../../libdaisy//build\libdaisy.a(stm32h7xx_hal_gpio.o)
                0x0800637c                HAL_GPIO_Init
 .text.HAL_GPIO_DeInit
                0x080065fc      0x190 ../../libdaisy//build\libdaisy.a(stm32h7xx_hal_gpio.o)
                0x080065fc                HAL_GPIO_DeInit
 .text.HAL_GPIO_ReadPin
                0x0800678c        0xc ../../libdaisy//build\libdaisy.a(stm32h7xx_hal_gpio.o)
                0x0800678c                HAL_GPIO_ReadPin
 .text.HAL_GPIO_WritePin
                0x08006798        0x8 ../../libdaisy//build\libdaisy.a(stm32h7xx_hal_gpio.o)
                0x08006798                HAL_GPIO_WritePin
 .text.HAL_HCD_IRQHandler
                0x080067a0      0x780 ../../libdaisy//build\libdaisy.a(stm32h7xx_hal_hcd.o)
                0x080067a0                HAL_HCD_IRQHandler
 .text.HAL_HCD_Stop
                0x08006f20       0x28 ../../libdaisy//build\libdaisy.a(stm32h7xx_hal_hcd.o)
                0x08006f20                HAL_HCD_Stop
 .text.I2C_WaitOnTXISFlagUntilTimeout
                0x08006f48       0xb8 ../../libdaisy//build\libdaisy.a(stm32h7xx_hal_i2c.o)
 .text.I2C_WaitOnSTOPFlagUntilTimeout
                0x08007000       0xac ../../libdaisy//build\libdaisy.a(stm32h7xx_hal_i2c.o)
 .text.HAL_I2C_Init
                0x080070ac       0xac ../../libdaisy//build\libdaisy.a(stm32h7xx_hal_i2c.o)
                0x080070ac                HAL_I2C_Init
 .text.HAL_I2C_Master_Transmit
                0x08007158      0x1a8 ../../libdaisy//build\libdaisy.a(stm32h7xx_hal_i2c.o)
                0x08007158                HAL_I2C_Master_Transmit
 .text.HAL_I2C_Slave_Transmit
                0x08007300      0x1c8 ../../libdaisy//build\libdaisy.a(stm32h7xx_hal_i2c.o)
                0x08007300                HAL_I2C_Slave_Transmit
 .text.HAL_I2C_EV_IRQHandler
                0x080074c8       0x10 ../../libdaisy//build\libdaisy.a(stm32h7xx_hal_i2c.o)
                0x080074c8                HAL_I2C_EV_IRQHandler
 .text.HAL_I2C_GetState
                0x080074d8        0x8 ../../libdaisy//build\libdaisy.a(stm32h7xx_hal_i2c.o)
                0x080074d8                HAL_I2C_GetState
 .text.HAL_I2CEx_ConfigAnalogFilter
                0x080074e0       0x54 ../../libdaisy//build\libdaisy.a(stm32h7xx_hal_i2c_ex.o)
                0x080074e0                HAL_I2CEx_ConfigAnalogFilter
 .text.HAL_I2CEx_ConfigDigitalFilter
                0x08007534       0x58 ../../libdaisy//build\libdaisy.a(stm32h7xx_hal_i2c_ex.o)
                0x08007534                HAL_I2CEx_ConfigDigitalFilter
 .text.HAL_PCD_IRQHandler
                0x0800758c      0x69c ../../libdaisy//build\libdaisy.a(stm32h7xx_hal_pcd.o)
                0x0800758c                HAL_PCD_IRQHandler
 .text.HAL_PCD_SetAddress
                0x08007c28       0x2c ../../libdaisy//build\libdaisy.a(stm32h7xx_hal_pcd.o)
                0x08007c28                HAL_PCD_SetAddress
 .text.HAL_PCD_EP_Open
                0x08007c54       0x7c ../../libdaisy//build\libdaisy.a(stm32h7xx_hal_pcd.o)
                0x08007c54                HAL_PCD_EP_Open
 .text.HAL_PCD_EP_Receive
                0x08007cd0       0x50 ../../libdaisy//build\libdaisy.a(stm32h7xx_hal_pcd.o)
                0x08007cd0                HAL_PCD_EP_Receive
 .text.HAL_PCD_EP_Transmit
                0x08007d20       0x50 ../../libdaisy//build\libdaisy.a(stm32h7xx_hal_pcd.o)
                0x08007d20                HAL_PCD_EP_Transmit
 .text.HAL_PCD_EP_SetStall
                0x08007d70       0x88 ../../libdaisy//build\libdaisy.a(stm32h7xx_hal_pcd.o)
                0x08007d70                HAL_PCD_EP_SetStall
 .text.HAL_PCD_EP_ClrStall
                0x08007df8       0x78 ../../libdaisy//build\libdaisy.a(stm32h7xx_hal_pcd.o)
                0x08007df8                HAL_PCD_EP_ClrStall
 .text.HAL_PCDEx_LPM_Callback
                0x08007e70        0x4 ../../libdaisy//build\libdaisy.a(stm32h7xx_hal_pcd_ex.o)
                0x08007e70                HAL_PCDEx_LPM_Callback
 .text.HAL_PWREx_ConfigSupply
                0x08007e74       0x4c ../../libdaisy//build\libdaisy.a(stm32h7xx_hal_pwr_ex.o)
                0x08007e74                HAL_PWREx_ConfigSupply
 .text.HAL_PWREx_EnableUSBVoltageDetector
                0x08007ec0       0x10 ../../libdaisy//build\libdaisy.a(stm32h7xx_hal_pwr_ex.o)
                0x08007ec0                HAL_PWREx_EnableUSBVoltageDetector
 .text.QSPI_Config
                0x08007ed0      0x174 ../../libdaisy//build\libdaisy.a(stm32h7xx_hal_qspi.o)
 .text.HAL_QSPI_Init
                0x08008044       0xd8 ../../libdaisy//build\libdaisy.a(stm32h7xx_hal_qspi.o)
                0x08008044                HAL_QSPI_Init
 .text.HAL_QSPI_DeInit
                0x0800811c       0x3c ../../libdaisy//build\libdaisy.a(stm32h7xx_hal_qspi.o)
                0x0800811c                HAL_QSPI_DeInit
 .text.HAL_QSPI_Command
                0x08008158       0xd4 ../../libdaisy//build\libdaisy.a(stm32h7xx_hal_qspi.o)
                0x08008158                HAL_QSPI_Command
 .text.HAL_QSPI_Transmit
                0x0800822c       0xfc ../../libdaisy//build\libdaisy.a(stm32h7xx_hal_qspi.o)
                0x0800822c                HAL_QSPI_Transmit
 .text.HAL_QSPI_Receive
                0x08008328      0x108 ../../libdaisy//build\libdaisy.a(stm32h7xx_hal_qspi.o)
                0x08008328                HAL_QSPI_Receive
 .text.HAL_QSPI_AutoPolling
                0x08008430       0xf0 ../../libdaisy//build\libdaisy.a(stm32h7xx_hal_qspi.o)
                0x08008430                HAL_QSPI_AutoPolling
 .text.HAL_QSPI_MemoryMapped
                0x08008520       0xc0 ../../libdaisy//build\libdaisy.a(stm32h7xx_hal_qspi.o)
                0x08008520                HAL_QSPI_MemoryMapped
 .text.HAL_QSPI_ErrorCallback
                0x080085e0        0x4 ../../libdaisy//build\libdaisy.a(stm32h7xx_hal_qspi.o)
                0x080085e0                HAL_QSPI_ErrorCallback
 .text.QSPI_DMAAbortCplt
                0x080085e4       0x38 ../../libdaisy//build\libdaisy.a(stm32h7xx_hal_qspi.o)
 .text.HAL_QSPI_AbortCpltCallback
                0x0800861c        0x4 ../../libdaisy//build\libdaisy.a(stm32h7xx_hal_qspi.o)
                0x0800861c                HAL_QSPI_AbortCpltCallback
 .text.HAL_QSPI_CmdCpltCallback
                0x08008620        0x4 ../../libdaisy//build\libdaisy.a(stm32h7xx_hal_qspi.o)
                0x08008620                HAL_QSPI_CmdCpltCallback
 .text.HAL_QSPI_RxCpltCallback
                0x08008624        0x4 ../../libdaisy//build\libdaisy.a(stm32h7xx_hal_qspi.o)
                0x08008624                HAL_QSPI_RxCpltCallback
 .text.HAL_QSPI_TxCpltCallback
                0x08008628        0x4 ../../libdaisy//build\libdaisy.a(stm32h7xx_hal_qspi.o)
                0x08008628                HAL_QSPI_TxCpltCallback
 .text.HAL_QSPI_FifoThresholdCallback
                0x0800862c        0x4 ../../libdaisy//build\libdaisy.a(stm32h7xx_hal_qspi.o)
                0x0800862c                HAL_QSPI_FifoThresholdCallback
 .text.HAL_QSPI_StatusMatchCallback
                0x08008630        0x4 ../../libdaisy//build\libdaisy.a(stm32h7xx_hal_qspi.o)
                0x08008630                HAL_QSPI_StatusMatchCallback
 .text.HAL_QSPI_TimeOutCallback
                0x08008634        0x4 ../../libdaisy//build\libdaisy.a(stm32h7xx_hal_qspi.o)
                0x08008634                HAL_QSPI_TimeOutCallback
 .text.HAL_QSPI_IRQHandler
                0x08008638      0x210 ../../libdaisy//build\libdaisy.a(stm32h7xx_hal_qspi.o)
                0x08008638                HAL_QSPI_IRQHandler
 .text.HAL_RCC_OscConfig
                0x08008848      0x51c ../../libdaisy//build\libdaisy.a(stm32h7xx_hal_rcc.o)
                0x08008848                HAL_RCC_OscConfig
 .text.HAL_RCC_GetSysClockFreq
                0x08008d64      0x140 ../../libdaisy//build\libdaisy.a(stm32h7xx_hal_rcc.o)
                0x08008d64                HAL_RCC_GetSysClockFreq
 .text.HAL_RCC_ClockConfig
                0x08008ea4      0x234 ../../libdaisy//build\libdaisy.a(stm32h7xx_hal_rcc.o)
                0x08008ea4                HAL_RCC_ClockConfig
 .text.HAL_RCC_GetHCLKFreq
                0x080090d8       0x2c ../../libdaisy//build\libdaisy.a(stm32h7xx_hal_rcc.o)
                0x080090d8                HAL_RCC_GetHCLKFreq
 .text.HAL_RCC_GetPCLK1Freq
                0x08009104       0x38 ../../libdaisy//build\libdaisy.a(stm32h7xx_hal_rcc.o)
                0x08009104                HAL_RCC_GetPCLK1Freq
 .text.HAL_RCC_GetPCLK2Freq
                0x0800913c       0x38 ../../libdaisy//build\libdaisy.a(stm32h7xx_hal_rcc.o)
                0x0800913c                HAL_RCC_GetPCLK2Freq
 .text.RCCEx_PLL2_Config
                0x08009174       0xf4 ../../libdaisy//build\libdaisy.a(stm32h7xx_hal_rcc_ex.o)
 .text.RCCEx_PLL3_Config
                0x08009268       0xf4 ../../libdaisy//build\libdaisy.a(stm32h7xx_hal_rcc_ex.o)
 .text.HAL_RCCEx_PeriphCLKConfig
                0x0800935c      0xa7c ../../libdaisy//build\libdaisy.a(stm32h7xx_hal_rcc_ex.o)
                0x0800935c                HAL_RCCEx_PeriphCLKConfig
 .text.HAL_RCCEx_GetD3PCLK1Freq
                0x08009dd8       0x24 ../../libdaisy//build\libdaisy.a(stm32h7xx_hal_rcc_ex.o)
                0x08009dd8                HAL_RCCEx_GetD3PCLK1Freq
 .text.HAL_RCCEx_GetPLL2ClockFreq
                0x08009dfc      0x17c ../../libdaisy//build\libdaisy.a(stm32h7xx_hal_rcc_ex.o)
                0x08009dfc                HAL_RCCEx_GetPLL2ClockFreq
 .text.HAL_RCCEx_GetPLL3ClockFreq
                0x08009f78      0x17c ../../libdaisy//build\libdaisy.a(stm32h7xx_hal_rcc_ex.o)
                0x08009f78                HAL_RCCEx_GetPLL3ClockFreq
 .text.HAL_RCCEx_GetPLL1ClockFreq
                0x0800a0f4      0x17c ../../libdaisy//build\libdaisy.a(stm32h7xx_hal_rcc_ex.o)
                0x0800a0f4                HAL_RCCEx_GetPLL1ClockFreq
 .text.HAL_RCCEx_GetPeriphCLKFreq
                0x0800a270      0x198 ../../libdaisy//build\libdaisy.a(stm32h7xx_hal_rcc_ex.o)
                0x0800a270                HAL_RCCEx_GetPeriphCLKFreq
 .text.HAL_RCCEx_GetD1SysClockFreq
                0x0800a408       0x2c ../../libdaisy//build\libdaisy.a(stm32h7xx_hal_rcc_ex.o)
                0x0800a408                HAL_RCCEx_GetD1SysClockFreq
 .text.HAL_SAI_Init.part.0
                0x0800a434      0x348 ../../libdaisy//build\libdaisy.a(stm32h7xx_hal_sai.o)
 .text.HAL_SAI_InitProtocol
                0x0800a77c      0x178 ../../libdaisy//build\libdaisy.a(stm32h7xx_hal_sai.o)
                0x0800a77c                HAL_SAI_InitProtocol
 .text.HAL_SAI_Transmit_DMA
                0x0800a8f4      0x124 ../../libdaisy//build\libdaisy.a(stm32h7xx_hal_sai.o)
                0x0800a8f4                HAL_SAI_Transmit_DMA
 .text.HAL_SAI_Receive_DMA
                0x0800aa18       0xd0 ../../libdaisy//build\libdaisy.a(stm32h7xx_hal_sai.o)
                0x0800aa18                HAL_SAI_Receive_DMA
 .text.HAL_SAI_TxCpltCallback
                0x0800aae8        0x4 ../../libdaisy//build\libdaisy.a(stm32h7xx_hal_sai.o)
                0x0800aae8                HAL_SAI_TxCpltCallback
 .text.SAI_DMATxCplt
                0x0800aaec       0x64 ../../libdaisy//build\libdaisy.a(stm32h7xx_hal_sai.o)
 .text.HAL_SAI_TxHalfCpltCallback
                0x0800ab50        0x4 ../../libdaisy//build\libdaisy.a(stm32h7xx_hal_sai.o)
                0x0800ab50                HAL_SAI_TxHalfCpltCallback
 .text.SAI_DMATxHalfCplt
                0x0800ab54        0xc ../../libdaisy//build\libdaisy.a(stm32h7xx_hal_sai.o)
 .text.SAI_DMARxCplt
                0x0800ab60       0x64 ../../libdaisy//build\libdaisy.a(stm32h7xx_hal_sai.o)
 .text.SAI_DMARxHalfCplt
                0x0800abc4        0xc ../../libdaisy//build\libdaisy.a(stm32h7xx_hal_sai.o)
 .text.HAL_SAI_ErrorCallback
                0x0800abd0        0x4 ../../libdaisy//build\libdaisy.a(stm32h7xx_hal_sai.o)
                0x0800abd0                HAL_SAI_ErrorCallback
 .text.SAI_DMAError
                0x0800abd4       0x6c ../../libdaisy//build\libdaisy.a(stm32h7xx_hal_sai.o)
 .text.HAL_SDRAM_Init
                0x0800ac40       0x54 ../../libdaisy//build\libdaisy.a(stm32h7xx_hal_sdram.o)
                0x0800ac40                HAL_SDRAM_Init
 .text.HAL_SDRAM_SendCommand
                0x0800ac94       0x40 ../../libdaisy//build\libdaisy.a(stm32h7xx_hal_sdram.o)
                0x0800ac94                HAL_SDRAM_SendCommand
 .text.HAL_SDRAM_ProgramRefreshRate
                0x0800acd4       0x30 ../../libdaisy//build\libdaisy.a(stm32h7xx_hal_sdram.o)
                0x0800acd4                HAL_SDRAM_ProgramRefreshRate
 .text.HAL_UART_Receive_DMA
                0x0800ad04       0xac ../../libdaisy//build\libdaisy.a(stm32h7xx_hal_uart.o)
                0x0800ad04                HAL_UART_Receive_DMA
 .text.HAL_UART_TxCpltCallback
                0x0800adb0        0x4 ../../libdaisy//build\libdaisy.a(stm32h7xx_hal_uart.o)
                0x0800adb0                HAL_UART_TxCpltCallback
 .text.UART_DMAReceiveCplt
                0x0800adb4       0x38 ../../libdaisy//build\libdaisy.a(stm32h7xx_hal_uart.o)
 .text.HAL_UART_RxHalfCpltCallback
                0x0800adec        0x4 ../../libdaisy//build\libdaisy.a(stm32h7xx_hal_uart.o)
                0x0800adec                HAL_UART_RxHalfCpltCallback
 .text.UART_DMARxHalfCplt
                0x0800adf0        0xc ../../libdaisy//build\libdaisy.a(stm32h7xx_hal_uart.o)
 .text.UART_DMAError
                0x0800adfc       0x78 ../../libdaisy//build\libdaisy.a(stm32h7xx_hal_uart.o)
 .text.HAL_UART_IRQHandler
                0x0800ae74      0x1d0 ../../libdaisy//build\libdaisy.a(stm32h7xx_hal_uart.o)
                0x0800ae74                HAL_UART_IRQHandler
 .text.UART_DMAAbortOnError
                0x0800b044       0x14 ../../libdaisy//build\libdaisy.a(stm32h7xx_hal_uart.o)
 .text.UART_SetConfig
                0x0800b058     0x14b8 ../../libdaisy//build\libdaisy.a(stm32h7xx_hal_uart.o)
                0x0800b058                UART_SetConfig
 .text.UART_AdvFeatureConfig
                0x0800c510       0xb0 ../../libdaisy//build\libdaisy.a(stm32h7xx_hal_uart.o)
                0x0800c510                UART_AdvFeatureConfig
 .text.UART_CheckIdleState
                0x0800c5c0       0x84 ../../libdaisy//build\libdaisy.a(stm32h7xx_hal_uart.o)
                0x0800c5c0                UART_CheckIdleState
 .text.HAL_UART_Init
                0x0800c644       0x68 ../../libdaisy//build\libdaisy.a(stm32h7xx_hal_uart.o)
                0x0800c644                HAL_UART_Init
 .text.HAL_UARTEx_WakeupCallback
                0x0800c6ac        0x4 ../../libdaisy//build\libdaisy.a(stm32h7xx_hal_uart_ex.o)
                0x0800c6ac                HAL_UARTEx_WakeupCallback
 .text.HAL_UARTEx_RxFifoFullCallback
                0x0800c6b0        0x4 ../../libdaisy//build\libdaisy.a(stm32h7xx_hal_uart_ex.o)
                0x0800c6b0                HAL_UARTEx_RxFifoFullCallback
 .text.HAL_UARTEx_TxFifoEmptyCallback
                0x0800c6b4        0x4 ../../libdaisy//build\libdaisy.a(stm32h7xx_hal_uart_ex.o)
                0x0800c6b4                HAL_UARTEx_TxFifoEmptyCallback
 .text.HAL_UARTEx_DisableFifoMode
                0x0800c6b8       0x3c ../../libdaisy//build\libdaisy.a(stm32h7xx_hal_uart_ex.o)
                0x0800c6b8                HAL_UARTEx_DisableFifoMode
 .text.HAL_UARTEx_SetTxFifoThreshold
                0x0800c6f4       0xa4 ../../libdaisy//build\libdaisy.a(stm32h7xx_hal_uart_ex.o)
                0x0800c6f4                HAL_UARTEx_SetTxFifoThreshold
 .text.HAL_UARTEx_SetRxFifoThreshold
                0x0800c798       0xa4 ../../libdaisy//build\libdaisy.a(stm32h7xx_hal_uart_ex.o)
                0x0800c798                HAL_UARTEx_SetRxFifoThreshold
 .text.FMC_SDRAM_Init
                0x0800c83c       0x7c ../../libdaisy//build\libdaisy.a(stm32h7xx_ll_fmc.o)
                0x0800c83c                FMC_SDRAM_Init
 .text.FMC_SDRAM_Timing_Init
                0x0800c8b8       0x98 ../../libdaisy//build\libdaisy.a(stm32h7xx_ll_fmc.o)
                0x0800c8b8                FMC_SDRAM_Timing_Init
 .text.FMC_SDRAM_SendCommand
                0x0800c950       0x28 ../../libdaisy//build\libdaisy.a(stm32h7xx_ll_fmc.o)
                0x0800c950                FMC_SDRAM_SendCommand
 .text.FMC_SDRAM_ProgramRefreshRate
                0x0800c978       0x1c ../../libdaisy//build\libdaisy.a(stm32h7xx_ll_fmc.o)
                0x0800c978                FMC_SDRAM_ProgramRefreshRate
 .text.USB_SetTurnaroundTime
                0x0800c994       0xf4 ../../libdaisy//build\libdaisy.a(stm32h7xx_ll_usb.o)
                0x0800c994                USB_SetTurnaroundTime
 .text.USB_FlushTxFifo
                0x0800ca88       0x24 ../../libdaisy//build\libdaisy.a(stm32h7xx_ll_usb.o)
                0x0800ca88                USB_FlushTxFifo
 .text.USB_GetDevSpeed
                0x0800caac       0x18 ../../libdaisy//build\libdaisy.a(stm32h7xx_ll_usb.o)
                0x0800caac                USB_GetDevSpeed
 .text.USB_ActivateEndpoint
                0x0800cac4       0x90 ../../libdaisy//build\libdaisy.a(stm32h7xx_ll_usb.o)
                0x0800cac4                USB_ActivateEndpoint
 .text.USB_EPStartXfer
                0x0800cb54      0x230 ../../libdaisy//build\libdaisy.a(stm32h7xx_ll_usb.o)
                0x0800cb54                USB_EPStartXfer
 .text.USB_EP0StartXfer
                0x0800cd84      0x174 ../../libdaisy//build\libdaisy.a(stm32h7xx_ll_usb.o)
                0x0800cd84                USB_EP0StartXfer
 .text.USB_WritePacket
                0x0800cef8       0x2c ../../libdaisy//build\libdaisy.a(stm32h7xx_ll_usb.o)
                0x0800cef8                USB_WritePacket
 .text.USB_ReadPacket
                0x0800cf24       0x20 ../../libdaisy//build\libdaisy.a(stm32h7xx_ll_usb.o)
                0x0800cf24                USB_ReadPacket
 .text.USB_EPSetStall
                0x0800cf44       0x68 ../../libdaisy//build\libdaisy.a(stm32h7xx_ll_usb.o)
                0x0800cf44                USB_EPSetStall
 .text.USB_EPClearStall
                0x0800cfac       0x58 ../../libdaisy//build\libdaisy.a(stm32h7xx_ll_usb.o)
                0x0800cfac                USB_EPClearStall
 .text.USB_SetDevAddress
                0x0800d004       0x24 ../../libdaisy//build\libdaisy.a(stm32h7xx_ll_usb.o)
                0x0800d004                USB_SetDevAddress
 .text.USB_ReadInterrupts
                0x0800d028        0x8 ../../libdaisy//build\libdaisy.a(stm32h7xx_ll_usb.o)
                0x0800d028                USB_ReadInterrupts
 .text.USB_ReadDevAllOutEpInterrupt
                0x0800d030       0x10 ../../libdaisy//build\libdaisy.a(stm32h7xx_ll_usb.o)
                0x0800d030                USB_ReadDevAllOutEpInterrupt
 .text.USB_ReadDevAllInEpInterrupt
                0x0800d040       0x10 ../../libdaisy//build\libdaisy.a(stm32h7xx_ll_usb.o)
                0x0800d040                USB_ReadDevAllInEpInterrupt
 .text.USB_ReadDevOutEPInterrupt
                0x0800d050       0x14 ../../libdaisy//build\libdaisy.a(stm32h7xx_ll_usb.o)
                0x0800d050                USB_ReadDevOutEPInterrupt
 .text.USB_ReadDevInEPInterrupt
                0x0800d064       0x20 ../../libdaisy//build\libdaisy.a(stm32h7xx_ll_usb.o)
                0x0800d064                USB_ReadDevInEPInterrupt
 .text.USB_GetMode
                0x0800d084        0x8 ../../libdaisy//build\libdaisy.a(stm32h7xx_ll_usb.o)
                0x0800d084                USB_GetMode
 .text.USB_ActivateSetup
                0x0800d08c       0x38 ../../libdaisy//build\libdaisy.a(stm32h7xx_ll_usb.o)
                0x0800d08c                USB_ActivateSetup
 .text.USB_EP0_OutStart
                0x0800d0c4       0x58 ../../libdaisy//build\libdaisy.a(stm32h7xx_ll_usb.o)
                0x0800d0c4                USB_EP0_OutStart
 .text.USB_InitFSLSPClkSel
                0x0800d11c       0x44 ../../libdaisy//build\libdaisy.a(stm32h7xx_ll_usb.o)
                0x0800d11c                USB_InitFSLSPClkSel
 .text.USB_HC_ReadInterrupt
                0x0800d160        0x8 ../../libdaisy//build\libdaisy.a(stm32h7xx_ll_usb.o)
                0x0800d160                USB_HC_ReadInterrupt
 .text.USB_HC_Halt
                0x0800d168       0xb4 ../../libdaisy//build\libdaisy.a(stm32h7xx_ll_usb.o)
                0x0800d168                USB_HC_Halt
 .text.USB_StopHost
                0x0800d21c      0x184 ../../libdaisy//build\libdaisy.a(stm32h7xx_ll_usb.o)
                0x0800d21c                USB_StopHost
 .text.USBD_CDC_SetTxBuffer
                0x0800d3a0       0x14 ../../libdaisy//build\libdaisy.a(usbd_cdc.o)
                0x0800d3a0                USBD_CDC_SetTxBuffer
 .text.USBD_CDC_TransmitPacket
                0x0800d3b4       0x34 ../../libdaisy//build\libdaisy.a(usbd_cdc.o)
                0x0800d3b4                USBD_CDC_TransmitPacket
 .text.USBD_SetClassConfig
                0x0800d3e8       0x14 ../../libdaisy//build\libdaisy.a(usbd_core.o)
                0x0800d3e8                USBD_SetClassConfig
 .text.USBD_ClrClassConfig
                0x0800d3fc       0x10 ../../libdaisy//build\libdaisy.a(usbd_core.o)
                0x0800d3fc                USBD_ClrClassConfig
 .text.USBD_LL_SetupStage
                0x0800d40c       0x5c ../../libdaisy//build\libdaisy.a(usbd_core.o)
                0x0800d40c                USBD_LL_SetupStage
 .text.USBD_LL_DataOutStage
                0x0800d468       0x7c ../../libdaisy//build\libdaisy.a(usbd_core.o)
                0x0800d468                USBD_LL_DataOutStage
 .text.USBD_LL_DataInStage
                0x0800d4e4       0xcc ../../libdaisy//build\libdaisy.a(usbd_core.o)
                0x0800d4e4                USBD_LL_DataInStage
 .text.USBD_LL_Reset
                0x0800d5b0       0x50 ../../libdaisy//build\libdaisy.a(usbd_core.o)
                0x0800d5b0                USBD_LL_Reset
 .text.USBD_LL_SetSpeed
                0x0800d600        0x8 ../../libdaisy//build\libdaisy.a(usbd_core.o)
                0x0800d600                USBD_LL_SetSpeed
 .text.USBD_LL_Suspend
                0x0800d608       0x14 ../../libdaisy//build\libdaisy.a(usbd_core.o)
                0x0800d608                USBD_LL_Suspend
 .text.USBD_LL_Resume
                0x0800d61c       0x10 ../../libdaisy//build\libdaisy.a(usbd_core.o)
                0x0800d61c                USBD_LL_Resume
 .text.USBD_LL_SOF
                0x0800d62c       0x1c ../../libdaisy//build\libdaisy.a(usbd_core.o)
                0x0800d62c                USBD_LL_SOF
 .text.USBD_LL_IsoINIncomplete
                0x0800d648        0x4 ../../libdaisy//build\libdaisy.a(usbd_core.o)
                0x0800d648                USBD_LL_IsoINIncomplete
 .text.USBD_LL_IsoOUTIncomplete
                0x0800d64c        0x4 ../../libdaisy//build\libdaisy.a(usbd_core.o)
                0x0800d64c                USBD_LL_IsoOUTIncomplete
 .text.USBD_LL_DevConnected
                0x0800d650        0x4 ../../libdaisy//build\libdaisy.a(usbd_core.o)
                0x0800d650                USBD_LL_DevConnected
 .text.USBD_LL_DevDisconnected
                0x0800d654       0x18 ../../libdaisy//build\libdaisy.a(usbd_core.o)
                0x0800d654                USBD_LL_DevDisconnected
 .text.USBD_StdDevReq
                0x0800d66c      0x304 ../../libdaisy//build\libdaisy.a(usbd_ctlreq.o)
                0x0800d66c                USBD_StdDevReq
 .text.USBD_StdItfReq
                0x0800d970       0x68 ../../libdaisy//build\libdaisy.a(usbd_ctlreq.o)
                0x0800d970                USBD_StdItfReq
 .text.USBD_StdEPReq
                0x0800d9d8      0x13c ../../libdaisy//build\libdaisy.a(usbd_ctlreq.o)
                0x0800d9d8                USBD_StdEPReq
 .text.USBD_ParseSetupRequest
                0x0800db14       0x28 ../../libdaisy//build\libdaisy.a(usbd_ctlreq.o)
                0x0800db14                USBD_ParseSetupRequest
 .text.USBD_CtlSendData
                0x0800db3c       0x1c ../../libdaisy//build\libdaisy.a(usbd_ioreq.o)
                0x0800db3c                USBD_CtlSendData
 .text.USBD_CtlContinueSendData
                0x0800db58       0x14 ../../libdaisy//build\libdaisy.a(usbd_ioreq.o)
                0x0800db58                USBD_CtlContinueSendData
 .text.USBD_CtlContinueRx
                0x0800db6c       0x14 ../../libdaisy//build\libdaisy.a(usbd_ioreq.o)
                0x0800db6c                USBD_CtlContinueRx
 .text.USBD_CtlSendStatus
                0x0800db80       0x18 ../../libdaisy//build\libdaisy.a(usbd_ioreq.o)
                0x0800db80                USBD_CtlSendStatus
 .text.USBD_CtlReceiveStatus
                0x0800db98       0x18 ../../libdaisy//build\libdaisy.a(usbd_ioreq.o)
                0x0800db98                USBD_CtlReceiveStatus
 .text.USBH_LL_IncTimer
                0x0800dbb0       0x20 ../../libdaisy//build\libdaisy.a(usbh_core.o)
                0x0800dbb0                USBH_LL_IncTimer
 .text.USBH_LL_PortEnabled
                0x0800dbd0        0x8 ../../libdaisy//build\libdaisy.a(usbh_core.o)
                0x0800dbd0                USBH_LL_PortEnabled
 .text.USBH_LL_PortDisabled
                0x0800dbd8        0x8 ../../libdaisy//build\libdaisy.a(usbh_core.o)
                0x0800dbd8                USBH_LL_PortDisabled
 .text.USBH_LL_Connect
                0x0800dbe0       0x18 ../../libdaisy//build\libdaisy.a(usbh_core.o)
                0x0800dbe0                USBH_LL_Connect
 .text.USBH_LL_Disconnect
                0x0800dbf8       0x2c ../../libdaisy//build\libdaisy.a(usbh_core.o)
                0x0800dbf8                USBH_LL_Disconnect
 .text.USBH_FreePipe
                0x0800dc24       0x18 ../../libdaisy//build\libdaisy.a(usbh_pipes.o)
                0x0800dc24                USBH_FreePipe
 .text._ZN5daisy6Random4InitEv
                0x0800dc3c       0x3c ../../libdaisy//build\libdaisy.a(rng.o)
                0x0800dc3c                daisy::Random::Init()
 .text._ZN5daisy9SpiHandle4Impl7InitDmaEv
                0x0800dc78       0xec ../../libdaisy//build\libdaisy.a(spi.o)
                0x0800dc78                daisy::SpiHandle::Impl::InitDma()
 .text._ZN5daisy9SpiHandle4Impl10StartDmaTxEPhjPFvPvEPFvS3_NS0_6ResultEES3_
                0x0800dd64       0xc8 ../../libdaisy//build\libdaisy.a(spi.o)
                0x0800dd64                daisy::SpiHandle::Impl::StartDmaTx(unsigned char*, unsigned int, void (*)(void*), void (*)(void*, daisy::SpiHandle::Result), void*)
 .text._ZN5daisy9SpiHandle4Impl10StartDmaRxEPhjPFvPvEPFvS3_NS0_6ResultEES3_
                0x0800de2c       0xc8 ../../libdaisy//build\libdaisy.a(spi.o)
                0x0800de2c                daisy::SpiHandle::Impl::StartDmaRx(unsigned char*, unsigned int, void (*)(void*), void (*)(void*, daisy::SpiHandle::Result), void*)
 .text._ZN5daisy9SpiHandle4Impl12StartDmaRxTxEPhS2_jPFvPvEPFvS3_NS0_6ResultEES3_
                0x0800def4       0xcc ../../libdaisy//build\libdaisy.a(spi.o)
                0x0800def4                daisy::SpiHandle::Impl::StartDmaRxTx(unsigned char*, unsigned char*, unsigned int, void (*)(void*), void (*)(void*, daisy::SpiHandle::Result), void*)
 .text._ZN5daisy9SpiHandle4Impl8InitPinsEv
                0x0800dfc0      0x274 ../../libdaisy//build\libdaisy.a(spi.o)
                0x0800dfc0                daisy::SpiHandle::Impl::InitPins()
 .text.HAL_SPI_MspInit
                0x0800e234      0x1a8 ../../libdaisy//build\libdaisy.a(spi.o)
                0x0800e234                HAL_SPI_MspInit
 .text.dsy_spi_global_init
                0x0800e3dc       0x80 ../../libdaisy//build\libdaisy.a(spi.o)
                0x0800e3dc                dsy_spi_global_init
 .text.SPI1_IRQHandler
                0x0800e45c        0xc ../../libdaisy//build\libdaisy.a(spi.o)
                0x0800e45c                SPI1_IRQHandler
 .text.DMA2_Stream2_IRQHandler
                0x0800e468       0x34 ../../libdaisy//build\libdaisy.a(spi.o)
                0x0800e468                DMA2_Stream2_IRQHandler
 .text.DMA2_Stream3_IRQHandler
                0x0800e49c       0x38 ../../libdaisy//build\libdaisy.a(spi.o)
                0x0800e49c                DMA2_Stream3_IRQHandler
 .text.HAL_SPI_TxCpltCallback
                0x0800e4d4       0xc4 ../../libdaisy//build\libdaisy.a(spi.o)
                0x0800e4d4                HAL_SPI_TxCpltCallback
 .text.HAL_SPI_RxCpltCallback
                0x0800e598       0xc4 ../../libdaisy//build\libdaisy.a(spi.o)
                0x0800e598                HAL_SPI_RxCpltCallback
 .text.HAL_SPI_TxRxCpltCallback
                0x0800e65c       0xc4 ../../libdaisy//build\libdaisy.a(spi.o)
                0x0800e65c                HAL_SPI_TxRxCpltCallback
 .text.HAL_SPI_ErrorCallback
                0x0800e720       0xc8 ../../libdaisy//build\libdaisy.a(spi.o)
                0x0800e720                HAL_SPI_ErrorCallback
 .text.startup._GLOBAL__sub_I__Z19MapInstanceToHandleP11SPI_TypeDef
                0x0800e7e8      0x1b0 ../../libdaisy//build\libdaisy.a(spi.o)
 .text.HAL_TIM_Base_MspInit
                0x0800e998       0xcc ../../libdaisy//build\libdaisy.a(tim.o)
                0x0800e998                HAL_TIM_Base_MspInit
 .text._ZN5daisy11TimerHandle4InitERKNS0_6ConfigE
                0x0800ea64       0xc4 ../../libdaisy//build\libdaisy.a(tim.o)
                0x0800ea64                daisy::TimerHandle::Init(daisy::TimerHandle::Config const&)
 .text._ZN5daisy11TimerHandle5StartEv
                0x0800eb28       0x14 ../../libdaisy//build\libdaisy.a(tim.o)
                0x0800eb28                daisy::TimerHandle::Start()
 .text.dsy_dma_init
                0x0800eb3c       0xf0 ../../libdaisy//build\libdaisy.a(dma.o)
                0x0800eb3c                dsy_dma_init
 .text.HAL_MDMA_Abort_IT
                0x0800ec2c       0x2c ../../libdaisy//build\libdaisy.a(stm32h7xx_hal_mdma.o)
                0x0800ec2c                HAL_MDMA_Abort_IT
 .text.SPI_CloseTransfer
                0x0800ec58       0xb8 ../../libdaisy//build\libdaisy.a(stm32h7xx_hal_spi.o)
 .text.HAL_SPI_Init
                0x0800ed10      0x15c ../../libdaisy//build\libdaisy.a(stm32h7xx_hal_spi.o)
                0x0800ed10                HAL_SPI_Init
 .text.HAL_SPI_Transmit_DMA
                0x0800ee6c      0x170 ../../libdaisy//build\libdaisy.a(stm32h7xx_hal_spi.o)
                0x0800ee6c                HAL_SPI_Transmit_DMA
 .text.HAL_SPI_TransmitReceive_DMA
                0x0800efdc      0x218 ../../libdaisy//build\libdaisy.a(stm32h7xx_hal_spi.o)
                0x0800efdc                HAL_SPI_TransmitReceive_DMA
 .text.HAL_SPI_Receive_DMA
                0x0800f1f4      0x1b4 ../../libdaisy//build\libdaisy.a(stm32h7xx_hal_spi.o)
                0x0800f1f4                HAL_SPI_Receive_DMA
 .text.SPI_DMATransmitCplt
                0x0800f3a8       0x28 ../../libdaisy//build\libdaisy.a(stm32h7xx_hal_spi.o)
 .text.SPI_DMAReceiveCplt
                0x0800f3d0       0x28 ../../libdaisy//build\libdaisy.a(stm32h7xx_hal_spi.o)
 .text.SPI_DMATransmitReceiveCplt
                0x0800f3f8       0x28 ../../libdaisy//build\libdaisy.a(stm32h7xx_hal_spi.o)
 .text.HAL_SPI_TxHalfCpltCallback
                0x0800f420        0x4 ../../libdaisy//build\libdaisy.a(stm32h7xx_hal_spi.o)
                0x0800f420                HAL_SPI_TxHalfCpltCallback
 .text.SPI_DMAHalfTransmitCplt
                0x0800f424        0xc ../../libdaisy//build\libdaisy.a(stm32h7xx_hal_spi.o)
 .text.HAL_SPI_RxHalfCpltCallback
                0x0800f430        0x4 ../../libdaisy//build\libdaisy.a(stm32h7xx_hal_spi.o)
                0x0800f430                HAL_SPI_RxHalfCpltCallback
 .text.SPI_DMAHalfReceiveCplt
                0x0800f434        0xc ../../libdaisy//build\libdaisy.a(stm32h7xx_hal_spi.o)
 .text.HAL_SPI_TxRxHalfCpltCallback
                0x0800f440        0x4 ../../libdaisy//build\libdaisy.a(stm32h7xx_hal_spi.o)
                0x0800f440                HAL_SPI_TxRxHalfCpltCallback
 .text.SPI_DMAHalfTransmitReceiveCplt
                0x0800f444        0xc ../../libdaisy//build\libdaisy.a(stm32h7xx_hal_spi.o)
 .text.SPI_DMAError
                0x0800f450       0xd8 ../../libdaisy//build\libdaisy.a(stm32h7xx_hal_spi.o)
 .text.HAL_SPI_IRQHandler
                0x0800f528      0x23c ../../libdaisy//build\libdaisy.a(stm32h7xx_hal_spi.o)
                0x0800f528                HAL_SPI_IRQHandler
 .text.SPI_DMAAbortOnError
                0x0800f764       0x1c ../../libdaisy//build\libdaisy.a(stm32h7xx_hal_spi.o)
 .text.HAL_SPI_GetState
                0x0800f780        0x8 ../../libdaisy//build\libdaisy.a(stm32h7xx_hal_spi.o)
                0x0800f780                HAL_SPI_GetState
 .text.HAL_TIM_Base_Init
                0x0800f788      0x140 ../../libdaisy//build\libdaisy.a(stm32h7xx_hal_tim.o)
                0x0800f788                HAL_TIM_Base_Init
 .text.HAL_TIM_Base_Start
                0x0800f8c8       0x34 ../../libdaisy//build\libdaisy.a(stm32h7xx_hal_tim.o)
                0x0800f8c8                HAL_TIM_Base_Start
 .text.HAL_TIM_ConfigClockSource
                0x0800f8fc      0x17c ../../libdaisy//build\libdaisy.a(stm32h7xx_hal_tim.o)
                0x0800f8fc                HAL_TIM_ConfigClockSource
 .text.HAL_TIMEx_MasterConfigSynchronization
                0x0800fa78       0x64 ../../libdaisy//build\libdaisy.a(stm32h7xx_hal_tim_ex.o)
                0x0800fa78                HAL_TIMEx_MasterConfigSynchronization
 .text._ZN7daisysp7Autowah4InitEf
                0x0800fadc       0xa0 ../../DaisySP//build\libdaisysp.a(autowah.o)
                0x0800fadc                daisysp::Autowah::Init(float)
 .text._ZN7daisysp9Overdrive4InitEv
                0x0800fb7c       0xc0 ../../DaisySP//build\libdaisysp.a(overdrive.o)
                0x0800fb7c                daisysp::Overdrive::Init()
 .text._ZN7daisysp9Overdrive7ProcessEf
                0x0800fc3c       0x6c ../../DaisySP//build\libdaisysp.a(overdrive.o)
                0x0800fc3c                daisysp::Overdrive::Process(float)
 .text._ZN7daisysp9Overdrive8SetDriveEf
                0x0800fca8       0xc0 ../../DaisySP//build\libdaisysp.a(overdrive.o)
                0x0800fca8                daisysp::Overdrive::SetDrive(float)
 .text.__aeabi_atexit
                0x0800fd68        0xa c:/users/amelia/desktop/capstone/daisy/daisytoolchain-0.3.1/windows/bin/../lib/gcc/arm-none-eabi/10.2.1/../../../../arm-none-eabi/lib/thumb/v7e-m+dp/hard\libstdc++_nano.a(atexit_arm.o)
                0x0800fd68                __aeabi_atexit
 .text._ZNK10__cxxabiv117__class_type_info11__do_upcastEPKS0_PPv
                0x0800fd72       0x32 c:/users/amelia/desktop/capstone/daisy/daisytoolchain-0.3.1/windows/bin/../lib/gcc/arm-none-eabi/10.2.1/../../../../arm-none-eabi/lib/thumb/v7e-m+dp/hard\libstdc++_nano.a(class_type_info.o)
                0x0800fd72                __cxxabiv1::__class_type_info::__do_upcast(__cxxabiv1::__class_type_info const*, void**) const
 .text._ZNK10__cxxabiv117__class_type_info20__do_find_public_srcEiPKvPKS0_S2_
                0x0800fda4        0xc c:/users/amelia/desktop/capstone/daisy/daisytoolchain-0.3.1/windows/bin/../lib/gcc/arm-none-eabi/10.2.1/../../../../arm-none-eabi/lib/thumb/v7e-m+dp/hard\libstdc++_nano.a(class_type_info.o)
                0x0800fda4                __cxxabiv1::__class_type_info::__do_find_public_src(int, void const*, __cxxabiv1::__class_type_info const*, void const*) const
 .text._ZN10__cxxabiv117__class_type_infoD2Ev
                0x0800fdb0       0x14 c:/users/amelia/desktop/capstone/daisy/daisytoolchain-0.3.1/windows/bin/../lib/gcc/arm-none-eabi/10.2.1/../../../../arm-none-eabi/lib/thumb/v7e-m+dp/hard\libstdc++_nano.a(class_type_info.o)
                0x0800fdb0                __cxxabiv1::__class_type_info::~__class_type_info()
                0x0800fdb0                __cxxabiv1::__class_type_info::~__class_type_info()
 .text._ZN10__cxxabiv117__class_type_infoD0Ev
                0x0800fdc4       0x14 c:/users/amelia/desktop/capstone/daisy/daisytoolchain-0.3.1/windows/bin/../lib/gcc/arm-none-eabi/10.2.1/../../../../arm-none-eabi/lib/thumb/v7e-m+dp/hard\libstdc++_nano.a(class_type_info.o)
                0x0800fdc4                __cxxabiv1::__class_type_info::~__class_type_info()
 .text._ZNK10__cxxabiv117__class_type_info12__do_dyncastEiNS0_10__sub_kindEPKS0_PKvS3_S5_RNS0_16__dyncast_resultE
                0x0800fdd8       0x3e c:/users/amelia/desktop/capstone/daisy/daisytoolchain-0.3.1/windows/bin/../lib/gcc/arm-none-eabi/10.2.1/../../../../arm-none-eabi/lib/thumb/v7e-m+dp/hard\libstdc++_nano.a(class_type_info.o)
                0x0800fdd8                __cxxabiv1::__class_type_info::__do_dyncast(int, __cxxabiv1::__class_type_info::__sub_kind, __cxxabiv1::__class_type_info const*, void const*, __cxxabiv1::__class_type_info const*, void const*, __cxxabiv1::__class_type_info::__dyncast_result&) const
 .text._ZNK10__cxxabiv117__class_type_info11__do_upcastEPKS0_PKvRNS0_15__upcast_resultE
                0x0800fe16       0x18 c:/users/amelia/desktop/capstone/daisy/daisytoolchain-0.3.1/windows/bin/../lib/gcc/arm-none-eabi/10.2.1/../../../../arm-none-eabi/lib/thumb/v7e-m+dp/hard\libstdc++_nano.a(class_type_info.o)
                0x0800fe16                __cxxabiv1::__class_type_info::__do_upcast(__cxxabiv1::__class_type_info const*, void const*, __cxxabiv1::__class_type_info::__upcast_result&) const
 .text._ZNK10__cxxabiv117__class_type_info10__do_catchEPKSt9type_infoPPvj
                0x0800fe2e       0x2a c:/users/amelia/desktop/capstone/daisy/daisytoolchain-0.3.1/windows/bin/../lib/gcc/arm-none-eabi/10.2.1/../../../../arm-none-eabi/lib/thumb/v7e-m+dp/hard\libstdc++_nano.a(class_type_info.o)
                0x0800fe2e                __cxxabiv1::__class_type_info::__do_catch(std::type_info const*, void**, unsigned int) const
 .text._ZdlPvj  0x0800fe58        0x4 c:/users/amelia/desktop/capstone/daisy/daisytoolchain-0.3.1/windows/bin/../lib/gcc/arm-none-eabi/10.2.1/../../../../arm-none-eabi/lib/thumb/v7e-m+dp/hard\libstdc++_nano.a(del_ops.o)
                0x0800fe58                operator delete(void*, unsigned int)
 .text._Znwj    0x0800fe5c       0x22 c:/users/amelia/desktop/capstone/daisy/daisytoolchain-0.3.1/windows/bin/../lib/gcc/arm-none-eabi/10.2.1/../../../../arm-none-eabi/lib/thumb/v7e-m+dp/hard\libstdc++_nano.a(new_op.o)
                0x0800fe5c                operator new(unsigned int)
 *fill*         0x0800fe7e        0x2 
 .text._ZN10__cxxabiv120__si_class_type_infoD2Ev
                0x0800fe80       0x14 c:/users/amelia/desktop/capstone/daisy/daisytoolchain-0.3.1/windows/bin/../lib/gcc/arm-none-eabi/10.2.1/../../../../arm-none-eabi/lib/thumb/v7e-m+dp/hard\libstdc++_nano.a(si_class_type_info.o)
                0x0800fe80                __cxxabiv1::__si_class_type_info::~__si_class_type_info()
                0x0800fe80                __cxxabiv1::__si_class_type_info::~__si_class_type_info()
 .text._ZN10__cxxabiv120__si_class_type_infoD0Ev
                0x0800fe94       0x14 c:/users/amelia/desktop/capstone/daisy/daisytoolchain-0.3.1/windows/bin/../lib/gcc/arm-none-eabi/10.2.1/../../../../arm-none-eabi/lib/thumb/v7e-m+dp/hard\libstdc++_nano.a(si_class_type_info.o)
                0x0800fe94                __cxxabiv1::__si_class_type_info::~__si_class_type_info()
 .text._ZNK10__cxxabiv120__si_class_type_info20__do_find_public_srcEiPKvPKNS_17__class_type_infoES2_
                0x0800fea8       0x38 c:/users/amelia/desktop/capstone/daisy/daisytoolchain-0.3.1/windows/bin/../lib/gcc/arm-none-eabi/10.2.1/../../../../arm-none-eabi/lib/thumb/v7e-m+dp/hard\libstdc++_nano.a(si_class_type_info.o)
                0x0800fea8                __cxxabiv1::__si_class_type_info::__do_find_public_src(int, void const*, __cxxabiv1::__class_type_info const*, void const*) const
 .text._ZNK10__cxxabiv120__si_class_type_info12__do_dyncastEiNS_17__class_type_info10__sub_kindEPKS1_PKvS4_S6_RNS1_16__dyncast_resultE
                0x0800fee0       0x74 c:/users/amelia/desktop/capstone/daisy/daisytoolchain-0.3.1/windows/bin/../lib/gcc/arm-none-eabi/10.2.1/../../../../arm-none-eabi/lib/thumb/v7e-m+dp/hard\libstdc++_nano.a(si_class_type_info.o)
                0x0800fee0                __cxxabiv1::__si_class_type_info::__do_dyncast(int, __cxxabiv1::__class_type_info::__sub_kind, __cxxabiv1::__class_type_info const*, void const*, __cxxabiv1::__class_type_info const*, void const*, __cxxabiv1::__class_type_info::__dyncast_result&) const
 .text._ZNK10__cxxabiv120__si_class_type_info11__do_upcastEPKNS_17__class_type_infoEPKvRNS1_15__upcast_resultE
                0x0800ff54       0x2a c:/users/amelia/desktop/capstone/daisy/daisytoolchain-0.3.1/windows/bin/../lib/gcc/arm-none-eabi/10.2.1/../../../../arm-none-eabi/lib/thumb/v7e-m+dp/hard\libstdc++_nano.a(si_class_type_info.o)
                0x0800ff54                __cxxabiv1::__si_class_type_info::__do_upcast(__cxxabiv1::__class_type_info const*, void const*, __cxxabiv1::__class_type_info::__upcast_result&) const
 .text._ZNSt9type_infoD2Ev
                0x0800ff7e        0x2 c:/users/amelia/desktop/capstone/daisy/daisytoolchain-0.3.1/windows/bin/../lib/gcc/arm-none-eabi/10.2.1/../../../../arm-none-eabi/lib/thumb/v7e-m+dp/hard\libstdc++_nano.a(tinfo.o)
                0x0800ff7e                std::type_info::~type_info()
                0x0800ff7e                std::type_info::~type_info()
 .text._ZNKSt9type_info14__is_pointer_pEv
                0x0800ff80        0x4 c:/users/amelia/desktop/capstone/daisy/daisytoolchain-0.3.1/windows/bin/../lib/gcc/arm-none-eabi/10.2.1/../../../../arm-none-eabi/lib/thumb/v7e-m+dp/hard\libstdc++_nano.a(tinfo.o)
                0x0800ff80                std::type_info::__is_pointer_p() const
                0x0800ff80                std::type_info::__is_function_p() const
 .text._ZNKSt9type_infoeqERKS_
                0x0800ff84       0x2c c:/users/amelia/desktop/capstone/daisy/daisytoolchain-0.3.1/windows/bin/../lib/gcc/arm-none-eabi/10.2.1/../../../../arm-none-eabi/lib/thumb/v7e-m+dp/hard\libstdc++_nano.a(tinfo.o)
                0x0800ff84                std::type_info::operator==(std::type_info const&) const
 .text.unlikely._ZSt17__throw_bad_allocv
                0x0800ffb0        0x6 c:/users/amelia/desktop/capstone/daisy/daisytoolchain-0.3.1/windows/bin/../lib/gcc/arm-none-eabi/10.2.1/../../../../arm-none-eabi/lib/thumb/v7e-m+dp/hard\libstdc++_nano.a(functexcept.o)
                0x0800ffb0                std::__throw_bad_alloc()
 .text.unlikely._ZSt19__throw_logic_errorPKc
                0x0800ffb6        0x6 c:/users/amelia/desktop/capstone/daisy/daisytoolchain-0.3.1/windows/bin/../lib/gcc/arm-none-eabi/10.2.1/../../../../arm-none-eabi/lib/thumb/v7e-m+dp/hard\libstdc++_nano.a(functexcept.o)
                0x0800ffb6                std::__throw_logic_error(char const*)
 .text.unlikely._ZSt20__throw_length_errorPKc
                0x0800ffbc        0x6 c:/users/amelia/desktop/capstone/daisy/daisytoolchain-0.3.1/windows/bin/../lib/gcc/arm-none-eabi/10.2.1/../../../../arm-none-eabi/lib/thumb/v7e-m+dp/hard\libstdc++_nano.a(functexcept.o)
                0x0800ffbc                std::__throw_length_error(char const*)
 *fill*         0x0800ffc2        0x2 
 .text._ZNKSt8__detail20_Prime_rehash_policy11_M_next_bktEj
                0x0800ffc4       0x98 c:/users/amelia/desktop/capstone/daisy/daisytoolchain-0.3.1/windows/bin/../lib/gcc/arm-none-eabi/10.2.1/../../../../arm-none-eabi/lib/thumb/v7e-m+dp/hard\libstdc++_nano.a(hashtable_c++0x.o)
                0x0800ffc4                std::__detail::_Prime_rehash_policy::_M_next_bkt(unsigned int) const
 .text._ZNKSt8__detail20_Prime_rehash_policy14_M_need_rehashEjjj
                0x0801005c       0x86 c:/users/amelia/desktop/capstone/daisy/daisytoolchain-0.3.1/windows/bin/../lib/gcc/arm-none-eabi/10.2.1/../../../../arm-none-eabi/lib/thumb/v7e-m+dp/hard\libstdc++_nano.a(hashtable_c++0x.o)
                0x0801005c                std::__detail::_Prime_rehash_policy::_M_need_rehash(unsigned int, unsigned int, unsigned int) const
 .text._ZNSt11char_traitsIcE4copyEPcPKcj.isra.0
                0x080100e2        0x8 c:/users/amelia/desktop/capstone/daisy/daisytoolchain-0.3.1/windows/bin/../lib/gcc/arm-none-eabi/10.2.1/../../../../arm-none-eabi/lib/thumb/v7e-m+dp/hard\libstdc++_nano.a(string-inst.o)
 *fill*         0x080100ea        0x2 
 .text._ZNSt7__cxx1112basic_stringIcSt11char_traitsIcESaIcEE9_M_createERjj
                0x080100ec       0x44 c:/users/amelia/desktop/capstone/daisy/daisytoolchain-0.3.1/windows/bin/../lib/gcc/arm-none-eabi/10.2.1/../../../../arm-none-eabi/lib/thumb/v7e-m+dp/hard\libstdc++_nano.a(string-inst.o)
                0x080100ec                std::__cxx11::basic_string<char, std::char_traits<char>, std::allocator<char> >::_M_create(unsigned int&, unsigned int)
 .text._ZNSt7__cxx1112basic_stringIcSt11char_traitsIcESaIcEE10_M_disposeEv
                0x08010130       0x10 c:/users/amelia/desktop/capstone/daisy/daisytoolchain-0.3.1/windows/bin/../lib/gcc/arm-none-eabi/10.2.1/../../../../arm-none-eabi/lib/thumb/v7e-m+dp/hard\libstdc++_nano.a(string-inst.o)
                0x08010130                std::__cxx11::basic_string<char, std::char_traits<char>, std::allocator<char> >::_M_dispose()
 .text._ZNSt7__cxx1112basic_stringIcSt11char_traitsIcESaIcEE7_S_copyEPcPKcj
                0x08010140       0x18 c:/users/amelia/desktop/capstone/daisy/daisytoolchain-0.3.1/windows/bin/../lib/gcc/arm-none-eabi/10.2.1/../../../../arm-none-eabi/lib/thumb/v7e-m+dp/hard\libstdc++_nano.a(string-inst.o)
                0x08010140                std::__cxx11::basic_string<char, std::char_traits<char>, std::allocator<char> >::_S_copy(char*, char const*, unsigned int)
 .text._ZNSt7__cxx1112basic_stringIcSt11char_traitsIcESaIcEE9_M_assignERKS4_
                0x08010158       0x4c c:/users/amelia/desktop/capstone/daisy/daisytoolchain-0.3.1/windows/bin/../lib/gcc/arm-none-eabi/10.2.1/../../../../arm-none-eabi/lib/thumb/v7e-m+dp/hard\libstdc++_nano.a(string-inst.o)
                0x08010158                std::__cxx11::basic_string<char, std::char_traits<char>, std::allocator<char> >::_M_assign(std::__cxx11::basic_string<char, std::char_traits<char>, std::allocator<char> > const&)
 .text._ZdlPv   0x080101a4        0x4 c:/users/amelia/desktop/capstone/daisy/daisytoolchain-0.3.1/windows/bin/../lib/gcc/arm-none-eabi/10.2.1/../../../../arm-none-eabi/lib/thumb/v7e-m+dp/hard\libstdc++_nano.a(del_op.o)
                0x080101a4                operator delete(void*)
 .text._ZSt15get_new_handlerv
                0x080101a8       0x10 c:/users/amelia/desktop/capstone/daisy/daisytoolchain-0.3.1/windows/bin/../lib/gcc/arm-none-eabi/10.2.1/../../../../arm-none-eabi/lib/thumb/v7e-m+dp/hard\libstdc++_nano.a(new_handler.o)
                0x080101a8                std::get_new_handler()
 .text.with_errnof
                0x080101b8       0x18 c:/users/amelia/desktop/capstone/daisy/daisytoolchain-0.3.1/windows/bin/../lib/gcc/arm-none-eabi/10.2.1/../../../../arm-none-eabi/lib/thumb/v7e-m+dp/hard\libm.a(lib_a-math_errf.o)
 .text.xflowf   0x080101d0       0x20 c:/users/amelia/desktop/capstone/daisy/daisytoolchain-0.3.1/windows/bin/../lib/gcc/arm-none-eabi/10.2.1/../../../../arm-none-eabi/lib/thumb/v7e-m+dp/hard\libm.a(lib_a-math_errf.o)
 .text.__math_uflowf
                0x080101f0        0xc c:/users/amelia/desktop/capstone/daisy/daisytoolchain-0.3.1/windows/bin/../lib/gcc/arm-none-eabi/10.2.1/../../../../arm-none-eabi/lib/thumb/v7e-m+dp/hard\libm.a(lib_a-math_errf.o)
                0x080101f0                __math_uflowf
 .text.__math_may_uflowf
                0x080101fc        0xc c:/users/amelia/desktop/capstone/daisy/daisytoolchain-0.3.1/windows/bin/../lib/gcc/arm-none-eabi/10.2.1/../../../../arm-none-eabi/lib/thumb/v7e-m+dp/hard\libm.a(lib_a-math_errf.o)
                0x080101fc                __math_may_uflowf
 .text.__math_oflowf
                0x08010208        0xc c:/users/amelia/desktop/capstone/daisy/daisytoolchain-0.3.1/windows/bin/../lib/gcc/arm-none-eabi/10.2.1/../../../../arm-none-eabi/lib/thumb/v7e-m+dp/hard\libm.a(lib_a-math_errf.o)
                0x08010208                __math_oflowf
 .text.expf     0x08010214       0xe4 c:/users/amelia/desktop/capstone/daisy/daisytoolchain-0.3.1/windows/bin/../lib/gcc/arm-none-eabi/10.2.1/../../../../arm-none-eabi/lib/thumb/v7e-m+dp/hard\libm.a(lib_a-sf_exp.o)
                0x08010214                expf
 .text.abort    0x080102f8        0xe c:/users/amelia/desktop/capstone/daisy/daisytoolchain-0.3.1/windows/bin/../lib/gcc/arm-none-eabi/10.2.1/../../../../arm-none-eabi/lib/thumb/v7e-m+dp/hard\libc_nano.a(lib_a-abort.o)
                0x080102f8                abort
 *fill*         0x08010306        0x2 
 .text.__cxa_atexit
                0x08010308       0x1c c:/users/amelia/desktop/capstone/daisy/daisytoolchain-0.3.1/windows/bin/../lib/gcc/arm-none-eabi/10.2.1/../../../../arm-none-eabi/lib/thumb/v7e-m+dp/hard\libc_nano.a(lib_a-cxa_atexit.o)
                0x08010308                __cxa_atexit