Archive member included to satisfy reference by file (symbol)

../../libdaisy//build\libdaisy.a(daisy_seed.o)
                              build/main.o (daisy::DaisySeed::StartAudio(void (*)(float const* const*, float**, unsigned int)))
../../libdaisy//build\libdaisy.a(codec_ak4556.o)
                              ../../libdaisy//build\libdaisy.a(daisy_seed.o) (daisy::Ak4556::Init(dsy_gpio_pin))
../../libdaisy//build\libdaisy.a(codec_wm8731.o)
                              ../../libdaisy//build\libdaisy.a(daisy_seed.o) (daisy::Wm8731::Init(daisy::Wm8731::Config const&, daisy::I2CHandle))
../../libdaisy//build\libdaisy.a(sdram.o)
                              ../../libdaisy//build\libdaisy.a(daisy_seed.o) (SdramHandle::Init())
../../libdaisy//build\libdaisy.a(audio.o)
                              ../../libdaisy//build\libdaisy.a(daisy_seed.o) (daisy::AudioHandle::Init(daisy::AudioHandle::Config const&, daisy::SaiHandle))
../../libdaisy//build\libdaisy.a(logger.o)
                              build/main.o (daisy::Logger<(daisy::LoggerDestination)1>::PrintLine(char const*, ...))
../../libdaisy//build\libdaisy.a(usb.o)
                              ../../libdaisy//build\libdaisy.a(logger.o) (daisy::UsbHandle::Init(daisy::UsbHandle::UsbPeriph))
../../libdaisy//build\libdaisy.a(gpio.o)
                              ../../libdaisy//build\libdaisy.a(daisy_seed.o) (dsy_gpio_init)
../../libdaisy//build\libdaisy.a(i2c.o)
                              ../../libdaisy//build\libdaisy.a(daisy_seed.o) (daisy::I2CHandle::Init(daisy::I2CHandle::Config const&))
../../libdaisy//build\libdaisy.a(qspi.o)
                              ../../libdaisy//build\libdaisy.a(daisy_seed.o) (daisy::QSPIHandle::Init(daisy::QSPIHandle::Config const&))
../../libdaisy//build\libdaisy.a(sai.o)
                              ../../libdaisy//build\libdaisy.a(daisy_seed.o) (daisy::SaiHandle::Init(daisy::SaiHandle::Config const&))
../../libdaisy//build\libdaisy.a(uart.o)
                              build/main.o (daisy::UartHandler::Init(daisy::UartHandler::Config const&))
../../libdaisy//build\libdaisy.a(system.o)
                              ../../libdaisy//build\libdaisy.a(daisy_seed.o) (daisy::System::DeInit())
../../libdaisy//build\libdaisy.a(system_stm32h7xx.o)
                              build/startup_stm32h750xx.o (SystemInit)
../../libdaisy//build\libdaisy.a(usbd_cdc_if.o)
                              ../../libdaisy//build\libdaisy.a(usb.o) (CDC_Transmit_FS)
../../libdaisy//build\libdaisy.a(usbd_conf.o)
                              ../../libdaisy//build\libdaisy.a(system.o) (hpcd_USB_OTG_HS)
../../libdaisy//build\libdaisy.a(usbd_desc.o)
                              ../../libdaisy//build\libdaisy.a(usb.o) (HS_Desc)
../../libdaisy//build\libdaisy.a(usbh_conf.o)
                              ../../libdaisy//build\libdaisy.a(system.o) (hhcd_USB_OTG_HS)
../../libdaisy//build\libdaisy.a(hal_map.o)
                              ../../libdaisy//build\libdaisy.a(gpio.o) (dsy_hal_map_get_port)
../../libdaisy//build\libdaisy.a(stm32h7xx_hal.o)
                              ../../libdaisy//build\libdaisy.a(system.o) (HAL_Init)
../../libdaisy//build\libdaisy.a(stm32h7xx_hal_cortex.o)
                              ../../libdaisy//build\libdaisy.a(stm32h7xx_hal.o) (HAL_NVIC_SetPriorityGrouping)
../../libdaisy//build\libdaisy.a(stm32h7xx_hal_dma.o)
                              ../../libdaisy//build\libdaisy.a(i2c.o) (HAL_DMA_Init)
../../libdaisy//build\libdaisy.a(stm32h7xx_hal_gpio.o)
                              ../../libdaisy//build\libdaisy.a(sdram.o) (HAL_GPIO_Init)
../../libdaisy//build\libdaisy.a(stm32h7xx_hal_hcd.o)
                              ../../libdaisy//build\libdaisy.a(usbh_conf.o) (HAL_HCD_HC_Init)
../../libdaisy//build\libdaisy.a(stm32h7xx_hal_i2c.o)
                              ../../libdaisy//build\libdaisy.a(i2c.o) (HAL_I2C_Init)
../../libdaisy//build\libdaisy.a(stm32h7xx_hal_i2c_ex.o)
                              ../../libdaisy//build\libdaisy.a(i2c.o) (HAL_I2CEx_ConfigAnalogFilter)
../../libdaisy//build\libdaisy.a(stm32h7xx_hal_pcd.o)
                              ../../libdaisy//build\libdaisy.a(usbd_conf.o) (HAL_PCD_Init)
../../libdaisy//build\libdaisy.a(stm32h7xx_hal_pcd_ex.o)
                              ../../libdaisy//build\libdaisy.a(usbd_conf.o) (HAL_PCDEx_SetTxFiFo)
../../libdaisy//build\libdaisy.a(stm32h7xx_hal_pwr_ex.o)
                              ../../libdaisy//build\libdaisy.a(system.o) (HAL_PWREx_ConfigSupply)
../../libdaisy//build\libdaisy.a(stm32h7xx_hal_qspi.o)
                              ../../libdaisy//build\libdaisy.a(qspi.o) (HAL_QSPI_Init)
../../libdaisy//build\libdaisy.a(stm32h7xx_hal_rcc.o)
                              ../../libdaisy//build\libdaisy.a(system.o) (HAL_RCC_OscConfig)
../../libdaisy//build\libdaisy.a(stm32h7xx_hal_rcc_ex.o)
                              ../../libdaisy//build\libdaisy.a(system.o) (HAL_RCCEx_PeriphCLKConfig)
../../libdaisy//build\libdaisy.a(stm32h7xx_hal_sai.o)
[...]
Memory Configuration

Name             Origin             Length             Attributes
FLASH            0x08000000         0x00020000         xr
DTCMRAM          0x20000000         0x00020000         xrw
SRAM             0x24000000         0x00080000         xrw
RAM_D2           0x30000000         0x00048000         xrw
RAM_D3           0x38000000         0x00010000         xrw
ITCMRAM          0x00000000         0x00010000         xrw
SDRAM            0xc0000000         0x04000000         xrw
QSPIFLASH        0x90000000         0x00800000         xr
*default*        0x00000000         0xffffffff

Linker script and memory map

LOAD c:/users/amelia/desktop/capstone/daisy/daisytoolchain-0.3.1/windows/bin/../lib/gcc/arm-none-eabi/10.2.1/thumb/v7e-m+dp/hard/crti.o
LOAD c:/users/amelia/desktop/capstone/daisy/daisytoolchain-0.3.1/windows/bin/../lib/gcc/arm-none-eabi/10.2.1/thumb/v7e-m+dp/hard/crtbegin.o
LOAD c:/users/amelia/desktop/capstone/daisy/daisytoolchain-0.3.1/windows/bin/../lib/gcc/arm-none-eabi/10.2.1/../../../../arm-none-eabi/lib/thumb/v7e-m+dp/hard/crt0.o
LOAD build/startup_stm32h750xx.o
LOAD build/main.o
LOAD ../../libdaisy//build\libdaisy.a
LOAD c:/users/amelia/desktop/capstone/daisy/daisytoolchain-0.3.1/windows/bin/../lib/gcc/arm-none-eabi/10.2.1/../../../../arm-none-eabi/lib/thumb/v7e-m+dp/hard\libnosys.a
LOAD ../../DaisySP//build\libdaisysp.a
LOAD c:/users/amelia/desktop/capstone/daisy/daisytoolchain-0.3.1/windows/bin/../lib/gcc/arm-none-eabi/10.2.1/../../../../arm-none-eabi/lib/thumb/v7e-m+dp/hard\libstdc++_nano.a
LOAD c:/users/amelia/desktop/capstone/daisy/daisytoolchain-0.3.1/windows/bin/../lib/gcc/arm-none-eabi/10.2.1/../../../../arm-none-eabi/lib/thumb/v7e-m+dp/hard\libm.a
LOAD c:/users/amelia/desktop/capstone/daisy/daisytoolchain-0.3.1/windows/bin/../lib/gcc/arm-none-eabi/10.2.1/../../../../arm-none-eabi/lib/thumb/v7e-m+dp/hard\libc_nano.a
START GROUP
LOAD c:/users/amelia/desktop/capstone/daisy/daisytoolchain-0.3.1/windows/bin/../lib/gcc/arm-none-eabi/10.2.1/thumb/v7e-m+dp/hard\libgcc.a
LOAD c:/users/amelia/desktop/capstone/daisy/daisytoolchain-0.3.1/windows/bin/../lib/gcc/arm-none-eabi/10.2.1/../../../../arm-none-eabi/lib/thumb/v7e-m+dp/hard\libc_nano.a
END GROUP
START GROUP
LOAD c:/users/amelia/desktop/capstone/daisy/daisytoolchain-0.3.1/windows/bin/../lib/gcc/arm-none-eabi/10.2.1/thumb/v7e-m+dp/hard\libgcc.a
LOAD c:/users/amelia/desktop/capstone/daisy/daisytoolchain-0.3.1/windows/bin/../lib/gcc/arm-none-eabi/10.2.1/../../../../arm-none-eabi/lib/thumb/v7e-m+dp/hard\libc_nano.a
LOAD c:/users/amelia/desktop/capstone/daisy/daisytoolchain-0.3.1/windows/bin/../lib/gcc/arm-none-eabi/10.2.1/../../../../arm-none-eabi/lib/thumb/v7e-m+dp/hard\libnosys.a
END GROUP
START GROUP
LOAD c:/users/amelia/desktop/capstone/daisy/daisytoolchain-0.3.1/windows/bin/../lib/gcc/arm-none-eabi/10.2.1/thumb/v7e-m+dp/hard\libgcc.a
LOAD c:/users/amelia/desktop/capstone/daisy/daisytoolchain-0.3.1/windows/bin/../lib/gcc/arm-none-eabi/10.2.1/../../../../arm-none-eabi/lib/thumb/v7e-m+dp/hard\libc_nano.a
LOAD c:/users/amelia/desktop/capstone/daisy/daisytoolchain-0.3.1/windows/bin/../lib/gcc/arm-none-eabi/10.2.1/../../../../arm-none-eabi/lib/thumb/v7e-m+dp/hard\libnosys.a
END GROUP
LOAD c:/users/amelia/desktop/capstone/daisy/daisytoolchain-0.3.1/windows/bin/../lib/gcc/arm-none-eabi/10.2.1/thumb/v7e-m+dp/hard/crtend.o
LOAD c:/users/amelia/desktop/capstone/daisy/daisytoolchain-0.3.1/windows/bin/../lib/gcc/arm-none-eabi/10.2.1/thumb/v7e-m+dp/hard/crtn.o
                0x20020000                _estack = 0x20020000

.isr_vector     0x08000000      0x298
                0x08000000                . = ALIGN (0x4)
 *(.isr_vector)
 .isr_vector    0x08000000      0x298 build/startup_stm32h750xx.o
                0x08000000                g_pfnVectors
                0x08000298                . = ALIGN (0x4)

.text           0x080002a0    0x136e4
                0x080002a0                . = ALIGN (0x4)
                0x080002a0                _stext = .
 *(.text)
 .text          0x080002a0       0x40 c:/users/amelia/desktop/capstone/daisy/daisytoolchain-0.3.1/windows/bin/../lib/gcc/arm-none-eabi/10.2.1/thumb/v7e-m+dp/hard/crtbegin.o
 .text          0x080002e0       0xa0 c:/users/amelia/desktop/capstone/daisy/daisytoolchain-0.3.1/windows/bin/../lib/gcc/arm-none-eabi/10.2.1/../../../../arm-none-eabi/lib/thumb/v7e-m+dp/hard\libc_nano.a(lib_a-memchr.o)
                0x080002e0                memchr
 .text          0x08000380       0x14 c:/users/amelia/desktop/capstone/daisy/daisytoolchain-0.3.1/windows/bin/../lib/gcc/arm-none-eabi/10.2.1/../../../../arm-none-eabi/lib/thumb/v7e-m+dp/hard\libc_nano.a(lib_a-strcmp.o)
                0x08000380                strcmp
 .text          0x08000394       0x10 c:/users/amelia/desktop/capstone/daisy/daisytoolchain-0.3.1/windows/bin/../lib/gcc/arm-none-eabi/10.2.1/../../../../arm-none-eabi/lib/thumb/v7e-m+dp/hard\libc_nano.a(lib_a-strlen.o)
                0x08000394                strlen
 .text          0x080003a4       0x30 c:/users/amelia/desktop/capstone/daisy/daisytoolchain-0.3.1/windows/bin/../lib/gcc/arm-none-eabi/10.2.1/thumb/v7e-m+dp/hard\libgcc.a(_aeabi_uldivmod.o)
                0x080003a4                __aeabi_uldivmod
 .text          0x080003d4      0x2d0 c:/users/amelia/desktop/capstone/daisy/daisytoolchain-0.3.1/windows/bin/../lib/gcc/arm-none-eabi/10.2.1/thumb/v7e-m+dp/hard\libgcc.a(_udivmoddi4.o)
                0x080003d4                __udivmoddi4
 .text          0x080006a4        0x4 c:/users/amelia/desktop/capstone/daisy/daisytoolchain-0.3.1/windows/bin/../lib/gcc/arm-none-eabi/10.2.1/thumb/v7e-m+dp/hard\libgcc.a(_dvmd_tls.o)
                0x080006a4                __aeabi_idiv0
                0x080006a4                __aeabi_ldiv0
 *(.text*)
 .text.Default_Handler
                0x080006a8        0x4 build/startup_stm32h750xx.o
                0x080006a8                RTC_Alarm_IRQHandler
                0x080006a8                HASH_RNG_IRQHandler
                0x080006a8                EXTI2_IRQHandler
                0x080006a8                TIM8_CC_IRQHandler
                0x080006a8                HRTIM1_Master_IRQHandler
                0x080006a8                DebugMon_Handler
                0x080006a8                SPI4_IRQHandler
                0x080006a8                TIM1_CC_IRQHandler
                0x080006a8                BDMA_Channel6_IRQHandler
                0x080006a8                DMA2_Stream5_IRQHandler
                0x080006a8                HRTIM1_FLT_IRQHandler
                0x080006a8                JPEG_IRQHandler
                0x080006a8                BDMA_Channel1_IRQHandler
                0x080006a8                HRTIM1_TIMD_IRQHandler
                0x080006a8                TAMP_STAMP_IRQHandler
                0x080006a8                PendSV_Handler
                0x080006a8                NMI_Handler
                0x080006a8                EXTI3_IRQHandler
                0x080006a8                LPTIM4_IRQHandler
                0x080006a8                TIM8_TRG_COM_TIM14_IRQHandler
                0x080006a8                LPTIM2_IRQHandler
                0x080006a8                DFSDM1_FLT1_IRQHandler
                0x080006a8                DMAMUX2_OVR_IRQHandler
                0x080006a8                TIM8_UP_TIM13_IRQHandler
                0x080006a8                I2C3_ER_IRQHandler
                0x080006a8                DFSDM1_FLT2_IRQHandler
                0x080006a8                MDMA_IRQHandler
                0x080006a8                LPTIM3_IRQHandler
                0x080006a8                HSEM1_IRQHandler
                0x080006a8                EXTI0_IRQHandler
                0x080006a8                DMA1_Stream2_IRQHandler
                0x080006a8                FPU_IRQHandler
                0x080006a8                OTG_HS_WKUP_IRQHandler
                0x080006a8                FDCAN1_IT1_IRQHandler
                0x080006a8                UsageFault_Handler
                0x080006a8                LTDC_ER_IRQHandler
                0x080006a8                HRTIM1_TIME_IRQHandler
                0x080006a8                TIM6_DAC_IRQHandler
                0x080006a8                DCMI_IRQHandler
                0x080006a8                HRTIM1_TIMC_IRQHandler
                0x080006a8                SAI2_IRQHandler
                0x080006a8                DFSDM1_FLT3_IRQHandler
                0x080006a8                TIM17_IRQHandler
                0x080006a8                CRYP_IRQHandler
                0x080006a8                BDMA_Channel7_IRQHandler
                0x080006a8                LPTIM5_IRQHandler
                0x080006a8                ADC3_IRQHandler
                0x080006a8                DMA2_Stream0_IRQHandler
                0x080006a8                TIM4_IRQHandler
                0x080006a8                BDMA_Channel2_IRQHandler
                0x080006a8                DMAMUX1_OVR_IRQHandler
                0x080006a8                TIM16_IRQHandler
                0x080006a8                BDMA_Channel5_IRQHandler
                0x080006a8                TIM3_IRQHandler
                0x080006a8                RCC_IRQHandler
                0x080006a8                TIM8_BRK_TIM12_IRQHandler
                0x080006a8                TIM1_TRG_COM_IRQHandler
                0x080006a8                Default_Handler
                0x080006a8                ECC_IRQHandler
                0x080006a8                CEC_IRQHandler
                0x080006a8                EXTI15_10_IRQHandler
                0x080006a8                BDMA_Channel0_IRQHandler
                0x080006a8                ADC_IRQHandler
                0x080006a8                DMA1_Stream7_IRQHandler
                0x080006a8                HRTIM1_TIMA_IRQHandler
                0x080006a8                SPI5_IRQHandler
                0x080006a8                TIM7_IRQHandler
                0x080006a8                SDMMC1_IRQHandler
                0x080006a8                TIM5_IRQHandler
                0x080006a8                DMA2_Stream7_IRQHandler
                0x080006a8                TIM15_IRQHandler
                0x080006a8                PVD_AVD_IRQHandler
                0x080006a8                EXTI9_5_IRQHandler
                0x080006a8                RTC_WKUP_IRQHandler
                0x080006a8                LTDC_IRQHandler
                0x080006a8                SAI3_IRQHandler
                0x080006a8                ETH_WKUP_IRQHandler
                0x080006a8                SPDIF_RX_IRQHandler
                0x080006a8                SPI2_IRQHandler
                0x080006a8                MemManage_Handler
                0x080006a8                SVC_Handler
                0x080006a8                CRS_IRQHandler
                0x080006a8                EXTI4_IRQHandler
                0x080006a8                HRTIM1_TIMB_IRQHandler
                0x080006a8                FDCAN2_IT1_IRQHandler
                0x080006a8                ETH_IRQHandler
                0x080006a8                TIM1_UP_IRQHandler
                0x080006a8                BDMA_Channel4_IRQHandler
                0x080006a8                WWDG_IRQHandler
                0x080006a8                SPI6_IRQHandler
                0x080006a8                I2C4_EV_IRQHandler
                0x080006a8                MDIOS_IRQHandler
                0x080006a8                FDCAN2_IT0_IRQHandler
                0x080006a8                FDCAN1_IT0_IRQHandler
                0x080006a8                TIM2_IRQHandler
                0x080006a8                OTG_FS_WKUP_IRQHandler
                0x080006a8                DMA2D_IRQHandler
                0x080006a8                TIM1_BRK_IRQHandler
                0x080006a8                EXTI1_IRQHandler
                0x080006a8                SDMMC2_IRQHandler
                0x080006a8                BDMA_Channel3_IRQHandler
                0x080006a8                MDIOS_WKUP_IRQHandler
                0x080006a8                DFSDM1_FLT0_IRQHandler
                0x080006a8                SAI4_IRQHandler
                0x080006a8                I2C2_ER_IRQHandler
                0x080006a8                DMA2_Stream1_IRQHandler
                0x080006a8                FLASH_IRQHandler
                0x080006a8                DMA2_Stream4_IRQHandler
                0x080006a8                BusFault_Handler
                0x080006a8                SPI3_IRQHandler
                0x080006a8                WAKEUP_PIN_IRQHandler
                0x080006a8                I2C1_ER_IRQHandler
                0x080006a8                FMC_IRQHandler
                0x080006a8                FDCAN_CAL_IRQHandler
                0x080006a8                SWPMI1_IRQHandler
                0x080006a8                COMP1_IRQHandler
                0x080006a8                LPTIM1_IRQHandler
                0x080006a8                I2C4_ER_IRQHandler
                0x080006a8                DMA2_Stream6_IRQHandler
                0x080006a8                SAI1_IRQHandler
 .text.Reset_Handler
                0x080006ac       0x44 build/startup_stm32h750xx.o
                0x080006ac                Reset_Handler
 .text._ZN5daisy11TimerHandleD2Ev
                0x080006f0        0x4 build/main.o
                0x080006f0                daisy::TimerHandle::~TimerHandle()
                0x080006f0                daisy::TimerHandle::~TimerHandle()
 .text._ZN7daisysp6PhaserD2Ev
                0x080006f4        0x4 build/main.o
                0x080006f4                daisysp::Phaser::~Phaser()
                0x080006f4                daisysp::Phaser::~Phaser()
 .text._ZN5daisy9DaisySeedD2Ev
                0x080006f8        0x4 build/main.o
                0x080006f8                daisy::DaisySeed::~DaisySeed()
                0x080006f8                daisy::DaisySeed::~DaisySeed()
 .text._Z13AudioCallbackPKPKfPPfj
                0x080006fc       0x2c build/main.o
                0x080006fc                AudioCallback(float const* const*, float**, unsigned int)
 .text._ZNSt10_HashtableIiSt4pairIKi5paramESaIS3_ENSt8__detail10_Select1stESt8equal_toIiESt4hashIiENS5_18_Mod_range_hashingENS5_20_Default_ranged_hashENS5_20_Prime_rehash_policyENS5_17_Hashtable_traitsILb0ELb0ELb1EEEE21_M_insert_unique_nodeERS1_jjPNS5_10_Hash_nodeIS3_Lb0EEEj.isra.0
                0x08000728      0x124 build/main.o
 .text._ZN15ParameterConfig13setParametersEv
                0x0800084c       0x9c build/main.o
                0x0800084c                ParameterConfig::setParameters()
 .text._ZN5paramC2ERKS_
                0x080008e8      0x10c build/main.o
                0x080008e8                param::param(param const&)
                0x080008e8                param::param(param const&)
 .text._Z9UART_InitRN5daisy11UartHandlerE
                0x080009f4       0x60 build/main.o
                0x080009f4                UART_Init(daisy::UartHandler&)
 .text._ZNSt10_HashtableIiSt4pairIKi5paramESaIS3_ENSt8__detail10_Select1stESt8equal_toIiESt4hashIiENS5_18_Mod_range_hashingENS5_20_Default_ranged_hashENS5_20_Prime_rehash_policyENS5_17_Hashtable_traitsILb0ELb0ELb1EEEE5clearEv
                0x08000a54       0x64 build/main.o
                0x08000a54                std::_Hashtable<int, std::pair<int const, param>, std::allocator<std::pair<int const, param> >, std::__detail::_Select1st, std::equal_to<int>, std::hash<int>, std::__detail::_Mod_range_hashing, std::__detail::_Default_ranged_hash, std::__detail::_Prime_rehash_policy, std::__detail::_Hashtable_traits<false, false, true> >::clear()
 .text._ZN12ParameterMapD2Ev
                0x08000ab8       0x20 build/main.o
                0x08000ab8                ParameterMap::~ParameterMap()
                0x08000ab8                ParameterMap::~ParameterMap()
 .text._ZN15ParameterConfigD2Ev
                0x08000ad8       0xac build/main.o
                0x08000ad8                ParameterConfig::~ParameterConfig()
                0x08000ad8                ParameterConfig::~ParameterConfig()
 .text._ZNSt8__detail9_Map_baseIiSt4pairIKi5paramESaIS4_ENS_10_Select1stESt8equal_toIiESt4hashIiENS_18_Mod_range_hashingENS_20_Default_ranged_hashENS_20_Prime_rehash_policyENS_17_Hashtable_traitsILb0ELb0ELb1EEELb1EEixEOi
                0x08000b84       0xa4 build/main.o
                0x08000b84                std::__detail::_Map_base<int, std::pair<int const, param>, std::allocator<std::pair<int const, param> >, std::__detail::_Select1st, std::equal_to<int>, std::hash<int>, std::__detail::_Mod_range_hashing, std::__detail::_Default_ranged_hash, std::__detail::_Prime_rehash_policy, std::__detail::_Hashtable_traits<false, false, true>, true>::operator[](int&&)
 .text._ZNSt6vectorImSaImEE17_M_realloc_insertIJRKmEEEvN9__gnu_cxx17__normal_iteratorIPmS1_EEDpOT_
                0x08000c28       0xd4 build/main.o
                0x08000c28                void std::vector<unsigned long, std::allocator<unsigned long> >::_M_realloc_insert<unsigned long const&>(__gnu_cxx::__normal_iterator<unsigned long*, std::vector<unsigned long, std::allocator<unsigned long> > >, unsigned long const&)
 .text.startup.main
                0x08000cfc      0x3bc build/main.o
                0x08000cfc                main
 .text.startup._GLOBAL__sub_I_hw
                0x080010b8      0x12c build/main.o
 .text._ZN5daisy9DaisySeed10StartAudioEPFvPKPKfPPfjE
                0x080011e4        0x8 ../../libdaisy//build\libdaisy.a(daisy_seed.o)
                0x080011e4                daisy::DaisySeed::StartAudio(void (*)(float const* const*, float**, unsigned int))
 .text._ZN5daisy9DaisySeed18SetAudioSampleRateENS_9SaiHandle6Config10SampleRateE
                0x080011ec       0x38 ../../libdaisy//build\libdaisy.a(daisy_seed.o)
                0x080011ec                daisy::DaisySeed::SetAudioSampleRate(daisy::SaiHandle::Config::SampleRate)
 .text._ZN5daisy9DaisySeed17SetAudioBlockSizeEj
                0x08001224       0x38 ../../libdaisy//build\libdaisy.a(daisy_seed.o)
                0x08001224                daisy::DaisySeed::SetAudioBlockSize(unsigned int)
 .text._ZN5daisy9DaisySeed14ConfigureAudioEv
                0x0800125c       0xd0 ../../libdaisy//build\libdaisy.a(daisy_seed.o)
                0x0800125c                daisy::DaisySeed::ConfigureAudio()
 .text._ZN5daisy9DaisySeed4InitEb
                0x0800132c       0xf0 ../../libdaisy//build\libdaisy.a(daisy_seed.o)
                0x0800132c                daisy::DaisySeed::Init(bool)
 .text._ZN5daisy6Ak45564InitE12dsy_gpio_pin
                0x0800141c       0x44 ../../libdaisy//build\libdaisy.a(codec_ak4556.o)
                0x0800141c                daisy::Ak4556::Init(dsy_gpio_pin)
 .text._ZN5daisy6Wm873120WriteControlRegisterEht
                0x08001460       0x3c ../../libdaisy//build\libdaisy.a(codec_wm8731.o)
                0x08001460                daisy::Wm8731::WriteControlRegister(unsigned char, unsigned short)
 .text._ZN5daisy6Wm87314InitERKNS0_6ConfigENS_9I2CHandleE
                0x0800149c      0x1bc ../../libdaisy//build\libdaisy.a(codec_wm8731.o)
                0x0800149c                daisy::Wm8731::Init(daisy::Wm8731::Config const&, daisy::I2CHandle)
 .text._ZN11SdramHandle10DeviceInitEv
                0x08001658       0x98 ../../libdaisy//build\libdaisy.a(sdram.o)
                0x08001658                SdramHandle::DeviceInit()
 .text._ZN11SdramHandle4InitEv
                0x080016f0       0x7c ../../libdaisy//build\libdaisy.a(sdram.o)
                0x080016f0                SdramHandle::Init()
 .text.HAL_SDRAM_MspInit
                0x0800176c      0x1a8 ../../libdaisy//build\libdaisy.a(sdram.o)
                0x0800176c                HAL_SDRAM_MspInit
 .text._ZN5daisy11AudioHandle4Impl16InternalCallbackEPlS2_j
                0x08001914      0xbbc ../../libdaisy//build\libdaisy.a(audio.o)
                0x08001914                daisy::AudioHandle::Impl::InternalCallback(long*, long*, unsigned int)
 .text._ZN5daisy11AudioHandle4InitERKNS0_6ConfigENS_9SaiHandleE
                0x080024d0       0x64 ../../libdaisy//build\libdaisy.a(audio.o)
                0x080024d0                daisy::AudioHandle::Init(daisy::AudioHandle::Config const&, daisy::SaiHandle)
 .text._ZNK5daisy11AudioHandle9GetConfigEv
                0x08002534        0x8 ../../libdaisy//build\libdaisy.a(audio.o)
                0x08002534                daisy::AudioHandle::GetConfig() const
 .text._ZN5daisy11AudioHandle12SetBlockSizeEj
                0x0800253c       0x1c ../../libdaisy//build\libdaisy.a(audio.o)
                0x0800253c                daisy::AudioHandle::SetBlockSize(unsigned int)
 .text._ZN5daisy11AudioHandle13GetSampleRateEv
                0x08002558        0x8 ../../libdaisy//build\libdaisy.a(audio.o)
                0x08002558                daisy::AudioHandle::GetSampleRate()
 .text._ZN5daisy11AudioHandle13SetSampleRateENS_9SaiHandle6Config10SampleRateE
                0x08002560       0x88 ../../libdaisy//build\libdaisy.a(audio.o)
                0x08002560                daisy::AudioHandle::SetSampleRate(daisy::SaiHandle::Config::SampleRate)
 .text._ZN5daisy11AudioHandle5StartEPFvPKPKfPPfjE
                0x080025e8       0x44 ../../libdaisy//build\libdaisy.a(audio.o)
                0x080025e8                daisy::AudioHandle::Start(void (*)(float const* const*, float**, unsigned int))
 .text.startup._GLOBAL__sub_I__ZN5daisy11AudioHandle4Impl4InitENS0_6ConfigENS_9SaiHandleE
                0x0800262c       0x10 ../../libdaisy//build\libdaisy.a(audio.o)
 .text._ZN5daisy9UsbHandleD2Ev
                0x0800263c        0x4 ../../libdaisy//build\libdaisy.a(logger.o)
                0x0800263c                daisy::UsbHandle::~UsbHandle()
                0x0800263c                daisy::UsbHandle::~UsbHandle()
 .text._ZN5daisy6LoggerILNS_17LoggerDestinationE1EE11TransmitBufEv
                0x08002640       0x60 ../../libdaisy//build\libdaisy.a(logger.o)
                0x08002640                daisy::Logger<(daisy::LoggerDestination)1>::TransmitBuf()
 .text._ZN5daisy6LoggerILNS_17LoggerDestinationE1EE13AppendNewLineEv
                0x080026a0       0x60 ../../libdaisy//build\libdaisy.a(logger.o)
                0x080026a0                daisy::Logger<(daisy::LoggerDestination)1>::AppendNewLine()
 .text._ZN5daisy6LoggerILNS_17LoggerDestinationE1EE10PrintLineVEPKcSt9__va_list
                0x08002700       0x30 ../../libdaisy//build\libdaisy.a(logger.o)
                0x08002700                daisy::Logger<(daisy::LoggerDestination)1>::PrintLineV(char const*, std::__va_list)
 .text._ZN5daisy6LoggerILNS_17LoggerDestinationE1EE9PrintLineEPKcz
                0x08002730       0x1c ../../libdaisy//build\libdaisy.a(logger.o)
                0x08002730                daisy::Logger<(daisy::LoggerDestination)1>::PrintLine(char const*, ...)
 .text._ZN5daisy6LoggerILNS_17LoggerDestinationE1EE8StartLogEb
                0x0800274c       0x40 ../../libdaisy//build\libdaisy.a(logger.o)
                0x0800274c                daisy::Logger<(daisy::LoggerDestination)1>::StartLog(bool)
 .text.startup._GLOBAL__sub_I__ZN5daisy10LoggerImplILNS_17LoggerDestinationE1EE11usb_handle_E
                0x0800278c       0x2c ../../libdaisy//build\libdaisy.a(logger.o)
 .text.DummyRxCallback
                0x080027b8        0x4 ../../libdaisy//build\libdaisy.a(usb.o)
                0x080027b8                DummyRxCallback
 .text._ZN5daisy9UsbHandle4InitENS0_9UsbPeriphE
                0x080027bc      0x10c ../../libdaisy//build\libdaisy.a(usb.o)
                0x080027bc                daisy::UsbHandle::Init(daisy::UsbHandle::UsbPeriph)
 .text._ZN5daisy9UsbHandle16TransmitInternalEPhj
                0x080028c8       0x14 ../../libdaisy//build\libdaisy.a(usb.o)
                0x080028c8                daisy::UsbHandle::TransmitInternal(unsigned char*, unsigned int)
 .text.OTG_FS_EP1_OUT_IRQHandler
                0x080028dc        0xc ../../libdaisy//build\libdaisy.a(usb.o)
                0x080028dc                OTG_FS_EP1_OUT_IRQHandler
 .text.OTG_FS_EP1_IN_IRQHandler
                0x080028e8        0xc ../../libdaisy//build\libdaisy.a(usb.o)
                0x080028e8                OTG_FS_EP1_IN_IRQHandler
 .text.OTG_FS_IRQHandler
                0x080028f4        0xc ../../libdaisy//build\libdaisy.a(usb.o)
                0x080028f4                OTG_FS_IRQHandler
 .text.dsy_gpio_init
                0x08002900      0x1b8 ../../libdaisy//build\libdaisy.a(gpio.o)
                0x08002900                dsy_gpio_init
 .text.dsy_gpio_read
                0x08002ab8       0x1c ../../libdaisy//build\libdaisy.a(gpio.o)
                0x08002ab8                dsy_gpio_read
 .text.dsy_gpio_write
                0x08002ad4       0x24 ../../libdaisy//build\libdaisy.a(gpio.o)
                0x08002ad4                dsy_gpio_write
 .text._ZN5daisy9I2CHandle4Impl8InitPinsEv
                0x08002af8       0x58 ../../libdaisy//build\libdaisy.a(i2c.o)
                0x08002af8                daisy::I2CHandle::Impl::InitPins()
 .text.HAL_I2C_MspInit
                0x08002b50      0x1b4 ../../libdaisy//build\libdaisy.a(i2c.o)
                0x08002b50                HAL_I2C_MspInit
 .text.dsy_i2c_global_init
                0x08002d04       0x78 ../../libdaisy//build\libdaisy.a(i2c.o)
                0x08002d04                dsy_i2c_global_init
 .text.DMA1_Stream6_IRQHandler
                0x08002d7c       0x34 ../../libdaisy//build\libdaisy.a(i2c.o)
                0x08002d7c                DMA1_Stream6_IRQHandler
 .text.I2C1_EV_IRQHandler
                0x08002db0        0xc ../../libdaisy//build\libdaisy.a(i2c.o)
                0x08002db0                I2C1_EV_IRQHandler
 .text.I2C2_EV_IRQHandler
                0x08002dbc        0xc ../../libdaisy//build\libdaisy.a(i2c.o)
                0x08002dbc                I2C2_EV_IRQHandler
 .text.I2C3_EV_IRQHandler
                0x08002dc8        0xc ../../libdaisy//build\libdaisy.a(i2c.o)
                0x08002dc8                I2C3_EV_IRQHandler
 .text._ZN5daisy9I2CHandle4InitERKNS0_6ConfigE
                0x08002dd4      0x12c ../../libdaisy//build\libdaisy.a(i2c.o)
                0x08002dd4                daisy::I2CHandle::Init(daisy::I2CHandle::Config const&)
 .text._ZN5daisy9I2CHandle16TransmitBlockingEtPhtm
                0x08002f00       0x50 ../../libdaisy//build\libdaisy.a(i2c.o)
                0x08002f00                daisy::I2CHandle::TransmitBlocking(unsigned short, unsigned char*, unsigned short, unsigned long)
 .text.startup._GLOBAL__sub_I__ZN5daisy9I2CHandle4Impl10GlobalInitEv
                0x08002f50       0x18 ../../libdaisy//build\libdaisy.a(i2c.o)
 .text._ZN5daisy10QSPIHandle4Impl11WriteEnableEv
                0x08002f68       0x8c ../../libdaisy//build\libdaisy.a(qspi.o)
                0x08002f68                daisy::QSPIHandle::Impl::WriteEnable()
 *fill*         0x08002ff4        0x4 
 .text._ZN5daisy10QSPIHandle4Impl17DummyCyclesConfigENS0_6Config6DeviceE
                0x08002ff8      0x118 ../../libdaisy//build\libdaisy.a(qspi.o)
                0x08002ff8                daisy::QSPIHandle::Impl::DummyCyclesConfig(daisy::QSPIHandle::Config::Device)
 .text._ZN5daisy10QSPIHandle4Impl10QuadEnableEv
                0x08003110      0x158 ../../libdaisy//build\libdaisy.a(qspi.o)
                0x08003110                daisy::QSPIHandle::Impl::QuadEnable()
 .text._ZN5daisy10QSPIHandle4InitERKNS0_6ConfigE
                0x08003268      0x198 ../../libdaisy//build\libdaisy.a(qspi.o)
                0x08003268                daisy::QSPIHandle::Init(daisy::QSPIHandle::Config const&)
 .text.HAL_QSPI_MspInit
                0x08003400      0x11c ../../libdaisy//build\libdaisy.a(qspi.o)
                0x08003400                HAL_QSPI_MspInit
 .text.HAL_QSPI_MspDeInit
                0x0800351c       0x54 ../../libdaisy//build\libdaisy.a(qspi.o)
                0x0800351c                HAL_QSPI_MspDeInit
 .text.QUADSPI_IRQHandler
                0x08003570        0xc ../../libdaisy//build\libdaisy.a(qspi.o)
                0x08003570                QUADSPI_IRQHandler
 .text.startup._GLOBAL__sub_I__ZN5daisy10QSPIHandle4Impl4InitERKNS0_6ConfigE
                0x0800357c       0x28 ../../libdaisy//build\libdaisy.a(qspi.o)
 .text._ZN5daisy9SaiHandle4Impl7InitDmaENS1_15PeripheralBlockE
                0x080035a4       0xa0 ../../libdaisy//build\libdaisy.a(sai.o)
                0x080035a4                daisy::SaiHandle::Impl::InitDma(daisy::SaiHandle::Impl::PeripheralBlock)
 .text._ZN5daisy9SaiHandle4Impl8InitPinsEv
                0x08003644       0xa8 ../../libdaisy//build\libdaisy.a(sai.o)
                0x08003644                daisy::SaiHandle::Impl::InitPins()
 .text.HAL_SAI_MspInit
                0x080036ec      0x164 ../../libdaisy//build\libdaisy.a(sai.o)
                0x080036ec                HAL_SAI_MspInit
 .text.DMA1_Stream0_IRQHandler
                0x08003850        0xc ../../libdaisy//build\libdaisy.a(sai.o)
                0x08003850                DMA1_Stream0_IRQHandler
 .text.DMA1_Stream1_IRQHandler
                0x0800385c        0xc ../../libdaisy//build\libdaisy.a(sai.o)
                0x0800385c                DMA1_Stream1_IRQHandler
 .text.DMA1_Stream3_IRQHandler
                0x08003868        0xc ../../libdaisy//build\libdaisy.a(sai.o)
                0x08003868                DMA1_Stream3_IRQHandler
 .text.DMA1_Stream4_IRQHandler
                0x08003874        0xc ../../libdaisy//build\libdaisy.a(sai.o)
                0x08003874                DMA1_Stream4_IRQHandler
 .text.HAL_SAI_RxHalfCpltCallback
                0x08003880       0x78 ../../libdaisy//build\libdaisy.a(sai.o)
                0x08003880                HAL_SAI_RxHalfCpltCallback
 .text.HAL_SAI_RxCpltCallback
                0x080038f8       0x70 ../../libdaisy//build\libdaisy.a(sai.o)
                0x080038f8                HAL_SAI_RxCpltCallback
 .text._ZN5daisy9SaiHandle4InitERKNS0_6ConfigE
                0x08003968      0x1f0 ../../libdaisy//build\libdaisy.a(sai.o)
                0x08003968                daisy::SaiHandle::Init(daisy::SaiHandle::Config const&)
 .text._ZNK5daisy9SaiHandle9GetConfigEv
                0x08003b58        0x4 ../../libdaisy//build\libdaisy.a(sai.o)
                0x08003b58                daisy::SaiHandle::GetConfig() const
 .text._ZN5daisy9SaiHandle8StartDmaEPlS1_jPFvS1_S1_jE
                0x08003b5c       0xbc ../../libdaisy//build\libdaisy.a(sai.o)
                0x08003b5c                daisy::SaiHandle::StartDma(long*, long*, unsigned int, void (*)(long*, long*, unsigned int))
 .text._ZN5daisy9SaiHandle13GetSampleRateEv
                0x08003c18       0x24 ../../libdaisy//build\libdaisy.a(sai.o)
                0x08003c18                daisy::SaiHandle::GetSampleRate()
 .text._ZNK5daisy9SaiHandle9GetOffsetEv
                0x08003c3c        0x8 ../../libdaisy//build\libdaisy.a(sai.o)
                0x08003c3c                daisy::SaiHandle::GetOffset() const
 .text._ZN5daisy11UartHandler4Impl8InitPinsEv
                0x08003c44      0x15c ../../libdaisy//build\libdaisy.a(uart.o)
                0x08003c44                daisy::UartHandler::Impl::InitPins()
 .text._ZN5daisy11UartHandler4Impl14UARTRxCompleteEv
                0x08003da0       0xfc ../../libdaisy//build\libdaisy.a(uart.o)
                0x08003da0                daisy::UartHandler::Impl::UARTRxComplete()
 .text.HAL_UART_RxCpltCallback
                0x08003e9c       0x90 ../../libdaisy//build\libdaisy.a(uart.o)
                0x08003e9c                HAL_UART_RxCpltCallback
 .text.HAL_UART_ErrorCallback
                0x08003f2c       0x94 ../../libdaisy//build\libdaisy.a(uart.o)
                0x08003f2c                HAL_UART_ErrorCallback
 .text.HAL_UART_MspInit
                0x08003fc0      0x28c ../../libdaisy//build\libdaisy.a(uart.o)
                0x08003fc0                HAL_UART_MspInit
 .text.USART1_IRQHandler
                0x0800424c       0xa8 ../../libdaisy//build\libdaisy.a(uart.o)
                0x0800424c                USART1_IRQHandler
 .text.USART2_IRQHandler
                0x080042f4       0xac ../../libdaisy//build\libdaisy.a(uart.o)
                0x080042f4                USART2_IRQHandler
 .text.USART3_IRQHandler
                0x080043a0       0xac ../../libdaisy//build\libdaisy.a(uart.o)
                0x080043a0                USART3_IRQHandler
 .text.UART4_IRQHandler
                0x0800444c       0xac ../../libdaisy//build\libdaisy.a(uart.o)
                0x0800444c                UART4_IRQHandler
 .text.UART5_IRQHandler
                0x080044f8       0xac ../../libdaisy//build\libdaisy.a(uart.o)
                0x080044f8                UART5_IRQHandler
 .text.USART6_IRQHandler
                0x080045a4       0xac ../../libdaisy//build\libdaisy.a(uart.o)
                0x080045a4                USART6_IRQHandler
 .text.UART7_IRQHandler
                0x08004650       0xac ../../libdaisy//build\libdaisy.a(uart.o)
                0x08004650                UART7_IRQHandler
 .text.UART8_IRQHandler
                0x080046fc       0xac ../../libdaisy//build\libdaisy.a(uart.o)
                0x080046fc                UART8_IRQHandler
 .text.LPUART1_IRQHandler
                0x080047a8       0xb4 ../../libdaisy//build\libdaisy.a(uart.o)
                0x080047a8                LPUART1_IRQHandler
 .text.DMA1_Stream5_IRQHandler
                0x0800485c        0xc ../../libdaisy//build\libdaisy.a(uart.o)
                0x0800485c                DMA1_Stream5_IRQHandler
 .text._ZN5daisy11UartHandler4InitERKNS0_6ConfigE
                0x08004868      0x104 ../../libdaisy//build\libdaisy.a(uart.o)
                0x08004868                daisy::UartHandler::Init(daisy::UartHandler::Config const&)
 .text._ZN5daisy11UartHandler7StartRxEv
                0x0800496c       0x28 ../../libdaisy//build\libdaisy.a(uart.o)
                0x0800496c                daisy::UartHandler::StartRx()
 .text._ZN5daisy11UartHandler7FlushRxEv
                0x08004994       0x10 ../../libdaisy//build\libdaisy.a(uart.o)
                0x08004994                daisy::UartHandler::FlushRx()
 .text._ZN5daisy11UartHandler5PopRxEv
                0x080049a4       0x28 ../../libdaisy//build\libdaisy.a(uart.o)
                0x080049a4                daisy::UartHandler::PopRx()
 .text._ZN5daisy11UartHandler8ReadableEv
                0x080049cc       0x10 ../../libdaisy//build\libdaisy.a(uart.o)
                0x080049cc                daisy::UartHandler::Readable()
 .text.startup._GLOBAL__sub_I__Z19MapInstanceToHandleP13USART_TypeDef
                0x080049dc      0x1a0 ../../libdaisy//build\libdaisy.a(uart.o)
 .text.SysTick_Handler
                0x08004b7c       0x10 ../../libdaisy//build\libdaisy.a(system.o)
                0x08004b7c                SysTick_Handler
 .text.OTG_HS_EP1_OUT_IRQHandler
                0x08004b8c       0x24 ../../libdaisy//build\libdaisy.a(system.o)
                0x08004b8c                OTG_HS_EP1_OUT_IRQHandler
 .text.OTG_HS_EP1_IN_IRQHandler
                0x08004bb0       0x24 ../../libdaisy//build\libdaisy.a(system.o)
                0x08004bb0                OTG_HS_EP1_IN_IRQHandler
 .text.OTG_HS_IRQHandler
                0x08004bd4       0x24 ../../libdaisy//build\libdaisy.a(system.o)
                0x08004bd4                OTG_HS_IRQHandler
 .text.HardFault_Handler
                0x08004bf8       0xe0 ../../libdaisy//build\libdaisy.a(system.o)
                0x08004bf8                HardFault_Handler
 .text._ZN5daisy6System5DelayEm
                0x08004cd8        0x4 ../../libdaisy//build\libdaisy.a(system.o)
                0x08004cd8                daisy::System::Delay(unsigned long)
 .text._ZN5daisy6System15ConfigureClocksEv
                0x08004cdc      0x194 ../../libdaisy//build\libdaisy.a(system.o)
                0x08004cdc                daisy::System::ConfigureClocks()
 .text._ZN5daisy6System4InitERKNS0_6ConfigE
                0x08004e70      0x12c ../../libdaisy//build\libdaisy.a(system.o)
                0x08004e70                daisy::System::Init(daisy::System::Config const&)
 .text._ZN5daisy6System12GetPClk1FreqEv
                0x08004f9c        0x4 ../../libdaisy//build\libdaisy.a(system.o)
                0x08004f9c                daisy::System::GetPClk1Freq()
 .text._ZN5daisy6System22GetProgramMemoryRegionEv
                0x08004fa0       0x78 ../../libdaisy//build\libdaisy.a(system.o)
                0x08004fa0                daisy::System::GetProgramMemoryRegion()
 .text.startup._GLOBAL__sub_I_SysTick_Handler
                0x08005018       0x1c ../../libdaisy//build\libdaisy.a(system.o)
 .text.SystemInit
                0x08005034       0x9c ../../libdaisy//build\libdaisy.a(system_stm32h7xx.o)
                0x08005034                SystemInit
 .text.dummy_rx_callback
                0x080050d0        0x4 ../../libdaisy//build\libdaisy.a(usbd_cdc_if.o)
                0x080050d0                dummy_rx_callback
 .text.CDC_DeInit_FS
                0x080050d4        0x4 ../../libdaisy//build\libdaisy.a(usbd_cdc_if.o)
 .text.CDC_Receive_FS
                0x080050d8       0x2c ../../libdaisy//build\libdaisy.a(usbd_cdc_if.o)
 .text.CDC_Receive_HS
                0x08005104       0x2c ../../libdaisy//build\libdaisy.a(usbd_cdc_if.o)
 .text.CDC_Init_FS
                0x08005130       0x3c ../../libdaisy//build\libdaisy.a(usbd_cdc_if.o)
 .text.CDC_Init_HS
                0x0800516c       0x3c ../../libdaisy//build\libdaisy.a(usbd_cdc_if.o)
 .text.CDC_Control_FS
                0x080051a8       0x34 ../../libdaisy//build\libdaisy.a(usbd_cdc_if.o)
 .text.CDC_Control_HS
                0x080051dc       0x34 ../../libdaisy//build\libdaisy.a(usbd_cdc_if.o)
 .text.CDC_DeInit_HS
                0x08005210        0x4 ../../libdaisy//build\libdaisy.a(usbd_cdc_if.o)
 .text.CDC_Transmit_FS
                0x08005214       0x2c ../../libdaisy//build\libdaisy.a(usbd_cdc_if.o)
                0x08005214                CDC_Transmit_FS
 .text.HAL_PCD_MspInit
                0x08005240      0x144 ../../libdaisy//build\libdaisy.a(usbd_conf.o)
                0x08005240                HAL_PCD_MspInit
 .text.HAL_PCD_SetupStageCallback
                0x08005384        0xc ../../libdaisy//build\libdaisy.a(usbd_conf.o)
                0x08005384                HAL_PCD_SetupStageCallback
 .text.HAL_PCD_DataOutStageCallback
                0x08005390       0x14 ../../libdaisy//build\libdaisy.a(usbd_conf.o)
                0x08005390                HAL_PCD_DataOutStageCallback
 .text.HAL_PCD_DataInStageCallback
                0x080053a4       0x14 ../../libdaisy//build\libdaisy.a(usbd_conf.o)
                0x080053a4                HAL_PCD_DataInStageCallback
 .text.HAL_PCD_SOFCallback
                0x080053b8        0x8 ../../libdaisy//build\libdaisy.a(usbd_conf.o)
                0x080053b8                HAL_PCD_SOFCallback
 .text.HAL_PCD_ResetCallback
                0x080053c0       0x24 ../../libdaisy//build\libdaisy.a(usbd_conf.o)
                0x080053c0                HAL_PCD_ResetCallback
 .text.HAL_PCD_SuspendCallback
                0x080053e4       0x30 ../../libdaisy//build\libdaisy.a(usbd_conf.o)
                0x080053e4                HAL_PCD_SuspendCallback
 .text.HAL_PCD_ResumeCallback
                0x08005414        0x8 ../../libdaisy//build\libdaisy.a(usbd_conf.o)
                0x08005414                HAL_PCD_ResumeCallback
 .text.HAL_PCD_ISOOUTIncompleteCallback
                0x0800541c        0x8 ../../libdaisy//build\libdaisy.a(usbd_conf.o)
                0x0800541c                HAL_PCD_ISOOUTIncompleteCallback
 .text.HAL_PCD_ISOINIncompleteCallback
                0x08005424        0x8 ../../libdaisy//build\libdaisy.a(usbd_conf.o)
                0x08005424                HAL_PCD_ISOINIncompleteCallback
 .text.HAL_PCD_ConnectCallback
                0x0800542c        0x8 ../../libdaisy//build\libdaisy.a(usbd_conf.o)
                0x0800542c                HAL_PCD_ConnectCallback
 .text.HAL_PCD_DisconnectCallback
                0x08005434        0x8 ../../libdaisy//build\libdaisy.a(usbd_conf.o)
                0x08005434                HAL_PCD_DisconnectCallback
 .text.USBD_LL_Init
                0x0800543c       0xe4 ../../libdaisy//build\libdaisy.a(usbd_conf.o)
                0x0800543c                USBD_LL_Init
 .text.USBD_LL_Start
                0x08005520       0x1c ../../libdaisy//build\libdaisy.a(usbd_conf.o)
                0x08005520                USBD_LL_Start
 .text.USBD_LL_OpenEP
                0x0800553c       0x24 ../../libdaisy//build\libdaisy.a(usbd_conf.o)
                0x0800553c                USBD_LL_OpenEP
 .text.USBD_LL_CloseEP
                0x08005560       0x1c ../../libdaisy//build\libdaisy.a(usbd_conf.o)
                0x08005560                USBD_LL_CloseEP
 .text.USBD_LL_StallEP
                0x0800557c       0x1c ../../libdaisy//build\libdaisy.a(usbd_conf.o)
                0x0800557c                USBD_LL_StallEP
 .text.USBD_LL_ClearStallEP
                0x08005598       0x1c ../../libdaisy//build\libdaisy.a(usbd_conf.o)
                0x08005598                USBD_LL_ClearStallEP
 .text.USBD_LL_IsStallEP
                0x080055b4       0x28 ../../libdaisy//build\libdaisy.a(usbd_conf.o)
                0x080055b4                USBD_LL_IsStallEP
 .text.USBD_LL_SetUSBAddress
                0x080055dc       0x1c ../../libdaisy//build\libdaisy.a(usbd_conf.o)
                0x080055dc                USBD_LL_SetUSBAddress
 .text.USBD_LL_Transmit
                0x080055f8       0x1c ../../libdaisy//build\libdaisy.a(usbd_conf.o)
                0x080055f8                USBD_LL_Transmit
 .text.USBD_LL_PrepareReceive
                0x08005614       0x1c ../../libdaisy//build\libdaisy.a(usbd_conf.o)
                0x08005614                USBD_LL_PrepareReceive
 .text.USBD_LL_GetRxDataSize
                0x08005630        0x8 ../../libdaisy//build\libdaisy.a(usbd_conf.o)
                0x08005630                USBD_LL_GetRxDataSize
 .text.USBD_HS_DeviceDescriptor
                0x08005638        0xc ../../libdaisy//build\libdaisy.a(usbd_desc.o)
                0x08005638                USBD_HS_DeviceDescriptor
 .text.USBD_FS_DeviceDescriptor
                0x08005644        0xc ../../libdaisy//build\libdaisy.a(usbd_desc.o)
                0x08005644                USBD_FS_DeviceDescriptor
 .text.USBD_FS_LangIDStrDescriptor
                0x08005650        0xc ../../libdaisy//build\libdaisy.a(usbd_desc.o)
                0x08005650                USBD_FS_LangIDStrDescriptor
 .text.USBD_FS_ManufacturerStrDescriptor
                0x0800565c       0x1c ../../libdaisy//build\libdaisy.a(usbd_desc.o)
                0x0800565c                USBD_FS_ManufacturerStrDescriptor
 .text.USBD_HS_ProductStrDescriptor
                0x08005678       0x1c ../../libdaisy//build\libdaisy.a(usbd_desc.o)
                0x08005678                USBD_HS_ProductStrDescriptor
 .text.USBD_FS_ConfigStrDescriptor
                0x08005694       0x1c ../../libdaisy//build\libdaisy.a(usbd_desc.o)
                0x08005694                USBD_FS_ConfigStrDescriptor
 .text.USBD_FS_InterfaceStrDescriptor
                0x080056b0       0x1c ../../libdaisy//build\libdaisy.a(usbd_desc.o)
                0x080056b0                USBD_FS_InterfaceStrDescriptor
 .text.USBD_FS_ProductStrDescriptor
                0x080056cc       0x1c ../../libdaisy//build\libdaisy.a(usbd_desc.o)
                0x080056cc                USBD_FS_ProductStrDescriptor
 .text.USBD_HS_LangIDStrDescriptor
                0x080056e8        0xc ../../libdaisy//build\libdaisy.a(usbd_desc.o)
                0x080056e8                USBD_HS_LangIDStrDescriptor
 .text.USBD_HS_ManufacturerStrDescriptor
                0x080056f4       0x1c ../../libdaisy//build\libdaisy.a(usbd_desc.o)
                0x080056f4                USBD_HS_ManufacturerStrDescriptor
 .text.USBD_FS_SerialStrDescriptor
                0x08005710      0x124 ../../libdaisy//build\libdaisy.a(usbd_desc.o)
                0x08005710                USBD_FS_SerialStrDescriptor
 .text.USBD_HS_SerialStrDescriptor
                0x08005834      0x124 ../../libdaisy//build\libdaisy.a(usbd_desc.o)
                0x08005834                USBD_HS_SerialStrDescriptor
 .text.USBD_HS_InterfaceStrDescriptor
                0x08005958       0x1c ../../libdaisy//build\libdaisy.a(usbd_desc.o)
                0x08005958                USBD_HS_InterfaceStrDescriptor
 .text.USBD_HS_ConfigStrDescriptor
                0x08005974       0x1c ../../libdaisy//build\libdaisy.a(usbd_desc.o)
                0x08005974                USBD_HS_ConfigStrDescriptor
 .text.HAL_HCD_SOF_Callback
                0x08005990        0x8 ../../libdaisy//build\libdaisy.a(usbh_conf.o)
                0x08005990                HAL_HCD_SOF_Callback
 .text.HAL_HCD_Connect_Callback
                0x08005998        0x8 ../../libdaisy//build\libdaisy.a(usbh_conf.o)
                0x08005998                HAL_HCD_Connect_Callback
 .text.HAL_HCD_Disconnect_Callback
                0x080059a0        0x8 ../../libdaisy//build\libdaisy.a(usbh_conf.o)
                0x080059a0                HAL_HCD_Disconnect_Callback
 .text.HAL_HCD_HC_NotifyURBChange_Callback
                0x080059a8        0x4 ../../libdaisy//build\libdaisy.a(usbh_conf.o)
                0x080059a8                HAL_HCD_HC_NotifyURBChange_Callback
 .text.HAL_HCD_PortEnabled_Callback
                0x080059ac        0x8 ../../libdaisy//build\libdaisy.a(usbh_conf.o)
                0x080059ac                HAL_HCD_PortEnabled_Callback
 .text.HAL_HCD_PortDisabled_Callback
                0x080059b4        0x8 ../../libdaisy//build\libdaisy.a(usbh_conf.o)
                0x080059b4                HAL_HCD_PortDisabled_Callback
 .text.USBH_LL_Stop
                0x080059bc       0x1c ../../libdaisy//build\libdaisy.a(usbh_conf.o)
                0x080059bc                USBH_LL_Stop
 .text.dsy_hal_map_get_port
                0x080059d8       0x10 ../../libdaisy//build\libdaisy.a(hal_map.o)
                0x080059d8                dsy_hal_map_get_port
 .text.dsy_hal_map_get_pin
                0x080059e8       0x10 ../../libdaisy//build\libdaisy.a(hal_map.o)
                0x080059e8                dsy_hal_map_get_pin
 .text.dsy_hal_map_gpio_clk_enable
                0x080059f8      0x150 ../../libdaisy//build\libdaisy.a(hal_map.o)
                0x080059f8                dsy_hal_map_gpio_clk_enable
 .text.HAL_MspInit
                0x08005b48        0x4 ../../libdaisy//build\libdaisy.a(stm32h7xx_hal.o)
                0x08005b48                HAL_MspInit
 .text.HAL_InitTick
                0x08005b4c       0x4c ../../libdaisy//build\libdaisy.a(stm32h7xx_hal.o)
                0x08005b4c                HAL_InitTick
 .text.HAL_Init
                0x08005b98       0x60 ../../libdaisy//build\libdaisy.a(stm32h7xx_hal.o)
                0x08005b98                HAL_Init
 .text.HAL_IncTick
                0x08005bf8       0x18 ../../libdaisy//build\libdaisy.a(stm32h7xx_hal.o)
                0x08005bf8                HAL_IncTick
 .text.HAL_GetTick
                0x08005c10        0xc ../../libdaisy//build\libdaisy.a(stm32h7xx_hal.o)
                0x08005c10                HAL_GetTick
 .text.HAL_Delay
                0x08005c1c       0x24 ../../libdaisy//build\libdaisy.a(stm32h7xx_hal.o)
                0x08005c1c                HAL_Delay
 .text.HAL_GetREVID
                0x08005c40        0xc ../../libdaisy//build\libdaisy.a(stm32h7xx_hal.o)
                0x08005c40                HAL_GetREVID
 .text.HAL_NVIC_SetPriorityGrouping
                0x08005c4c       0x24 ../../libdaisy//build\libdaisy.a(stm32h7xx_hal_cortex.o)
                0x08005c4c                HAL_NVIC_SetPriorityGrouping
 .text.HAL_NVIC_SetPriority
                0x08005c70       0x7c ../../libdaisy//build\libdaisy.a(stm32h7xx_hal_cortex.o)
                0x08005c70                HAL_NVIC_SetPriority
 .text.HAL_NVIC_EnableIRQ
                0x08005cec       0x1c ../../libdaisy//build\libdaisy.a(stm32h7xx_hal_cortex.o)
                0x08005cec                HAL_NVIC_EnableIRQ
 .text.HAL_NVIC_DisableIRQ
                0x08005d08       0x28 ../../libdaisy//build\libdaisy.a(stm32h7xx_hal_cortex.o)
                0x08005d08                HAL_NVIC_DisableIRQ
 .text.HAL_SYSTICK_Config
                0x08005d30       0x2c ../../libdaisy//build\libdaisy.a(stm32h7xx_hal_cortex.o)
                0x08005d30                HAL_SYSTICK_Config
 .text.HAL_MPU_Disable
                0x08005d5c       0x1c ../../libdaisy//build\libdaisy.a(stm32h7xx_hal_cortex.o)
                0x08005d5c                HAL_MPU_Disable
 .text.HAL_MPU_Enable
                0x08005d78       0x20 ../../libdaisy//build\libdaisy.a(stm32h7xx_hal_cortex.o)
                0x08005d78                HAL_MPU_Enable
 .text.HAL_MPU_ConfigRegion
                0x08005d98       0x64 ../../libdaisy//build\libdaisy.a(stm32h7xx_hal_cortex.o)
                0x08005d98                HAL_MPU_ConfigRegion
 .text.HAL_SYSTICK_Callback
                0x08005dfc        0x4 ../../libdaisy//build\libdaisy.a(stm32h7xx_hal_cortex.o)
                0x08005dfc                HAL_SYSTICK_Callback
 .text.HAL_SYSTICK_IRQHandler
                0x08005e00        0x8 ../../libdaisy//build\libdaisy.a(stm32h7xx_hal_cortex.o)
                0x08005e00                HAL_SYSTICK_IRQHandler
 .text.DMA_CalcBaseAndBitshift
                0x08005e08       0xf4 ../../libdaisy//build\libdaisy.a(stm32h7xx_hal_dma.o)
 .text.DMA_CalcDMAMUXChannelBaseAndMask
                0x08005efc       0xd8 ../../libdaisy//build\libdaisy.a(stm32h7xx_hal_dma.o)
 .text.HAL_DMA_Init
                0x08005fd4      0x37c ../../libdaisy//build\libdaisy.a(stm32h7xx_hal_dma.o)
                0x08005fd4                HAL_DMA_Init
 .text.HAL_DMA_Start_IT
                0x08006350      0x240 ../../libdaisy//build\libdaisy.a(stm32h7xx_hal_dma.o)
                0x08006350                HAL_DMA_Start_IT
 .text.HAL_DMA_Abort_IT
                0x08006590      0x134 ../../libdaisy//build\libdaisy.a(stm32h7xx_hal_dma.o)
                0x08006590                HAL_DMA_Abort_IT
 .text.HAL_DMA_IRQHandler
                0x080066c4      0x6a0 ../../libdaisy//build\libdaisy.a(stm32h7xx_hal_dma.o)
                0x080066c4                HAL_DMA_IRQHandler
 .text.HAL_DMA_GetError
                0x08006d64        0x4 ../../libdaisy//build\libdaisy.a(stm32h7xx_hal_dma.o)
                0x08006d64                HAL_DMA_GetError
 .text.HAL_GPIO_Init
                0x08006d68      0x280 ../../libdaisy//build\libdaisy.a(stm32h7xx_hal_gpio.o)
                0x08006d68                HAL_GPIO_Init
 .text.HAL_GPIO_DeInit
                0x08006fe8      0x190 ../../libdaisy//build\libdaisy.a(stm32h7xx_hal_gpio.o)
                0x08006fe8                HAL_GPIO_DeInit
 .text.HAL_GPIO_ReadPin
                0x08007178        0xc ../../libdaisy//build\libdaisy.a(stm32h7xx_hal_gpio.o)
                0x08007178                HAL_GPIO_ReadPin
 .text.HAL_GPIO_WritePin
                0x08007184        0x8 ../../libdaisy//build\libdaisy.a(stm32h7xx_hal_gpio.o)
                0x08007184                HAL_GPIO_WritePin
 .text.HAL_HCD_IRQHandler
                0x0800718c      0x780 ../../libdaisy//build\libdaisy.a(stm32h7xx_hal_hcd.o)
                0x0800718c                HAL_HCD_IRQHandler
 .text.HAL_HCD_Stop
                0x0800790c       0x28 ../../libdaisy//build\libdaisy.a(stm32h7xx_hal_hcd.o)
                0x0800790c                HAL_HCD_Stop
 .text.I2C_WaitOnTXISFlagUntilTimeout
                0x08007934       0xb8 ../../libdaisy//build\libdaisy.a(stm32h7xx_hal_i2c.o)
 .text.I2C_WaitOnSTOPFlagUntilTimeout
                0x080079ec       0xac ../../libdaisy//build\libdaisy.a(stm32h7xx_hal_i2c.o)
 .text.HAL_I2C_Init
                0x08007a98       0xac ../../libdaisy//build\libdaisy.a(stm32h7xx_hal_i2c.o)
                0x08007a98                HAL_I2C_Init
 .text.HAL_I2C_Master_Transmit
                0x08007b44      0x1a8 ../../libdaisy//build\libdaisy.a(stm32h7xx_hal_i2c.o)
                0x08007b44                HAL_I2C_Master_Transmit
 .text.HAL_I2C_Slave_Transmit
                0x08007cec      0x1c8 ../../libdaisy//build\libdaisy.a(stm32h7xx_hal_i2c.o)
                0x08007cec                HAL_I2C_Slave_Transmit
 .text.HAL_I2C_EV_IRQHandler
                0x08007eb4       0x10 ../../libdaisy//build\libdaisy.a(stm32h7xx_hal_i2c.o)
                0x08007eb4                HAL_I2C_EV_IRQHandler
 .text.HAL_I2C_GetState
                0x08007ec4        0x8 ../../libdaisy//build\libdaisy.a(stm32h7xx_hal_i2c.o)
                0x08007ec4                HAL_I2C_GetState
 .text.HAL_I2CEx_ConfigAnalogFilter
                0x08007ecc       0x54 ../../libdaisy//build\libdaisy.a(stm32h7xx_hal_i2c_ex.o)
                0x08007ecc                HAL_I2CEx_ConfigAnalogFilter
 .text.HAL_I2CEx_ConfigDigitalFilter
                0x08007f20       0x58 ../../libdaisy//build\libdaisy.a(stm32h7xx_hal_i2c_ex.o)
                0x08007f20                HAL_I2CEx_ConfigDigitalFilter
 .text.HAL_PCD_Init
                0x08007f78      0x12c ../../libdaisy//build\libdaisy.a(stm32h7xx_hal_pcd.o)
                0x08007f78                HAL_PCD_Init
 .text.HAL_PCD_Start
                0x080080a4       0x44 ../../libdaisy//build\libdaisy.a(stm32h7xx_hal_pcd.o)
                0x080080a4                HAL_PCD_Start
 .text.HAL_PCD_IRQHandler
                0x080080e8      0x69c ../../libdaisy//build\libdaisy.a(stm32h7xx_hal_pcd.o)
                0x080080e8                HAL_PCD_IRQHandler
 .text.HAL_PCD_SetAddress
                0x08008784       0x2c ../../libdaisy//build\libdaisy.a(stm32h7xx_hal_pcd.o)
                0x08008784                HAL_PCD_SetAddress
 .text.HAL_PCD_EP_Open
                0x080087b0       0x7c ../../libdaisy//build\libdaisy.a(stm32h7xx_hal_pcd.o)
                0x080087b0                HAL_PCD_EP_Open
 .text.HAL_PCD_EP_Close
                0x0800882c       0x6c ../../libdaisy//build\libdaisy.a(stm32h7xx_hal_pcd.o)
                0x0800882c                HAL_PCD_EP_Close
 .text.HAL_PCD_EP_Receive
                0x08008898       0x50 ../../libdaisy//build\libdaisy.a(stm32h7xx_hal_pcd.o)
                0x08008898                HAL_PCD_EP_Receive
 .text.HAL_PCD_EP_GetRxCount
                0x080088e8       0x14 ../../libdaisy//build\libdaisy.a(stm32h7xx_hal_pcd.o)
                0x080088e8                HAL_PCD_EP_GetRxCount
 .text.HAL_PCD_EP_Transmit
                0x080088fc       0x50 ../../libdaisy//build\libdaisy.a(stm32h7xx_hal_pcd.o)
                0x080088fc                HAL_PCD_EP_Transmit
 .text.HAL_PCD_EP_SetStall
                0x0800894c       0x88 ../../libdaisy//build\libdaisy.a(stm32h7xx_hal_pcd.o)
                0x0800894c                HAL_PCD_EP_SetStall
 .text.HAL_PCD_EP_ClrStall
                0x080089d4       0x78 ../../libdaisy//build\libdaisy.a(stm32h7xx_hal_pcd.o)
                0x080089d4                HAL_PCD_EP_ClrStall
 .text.HAL_PCDEx_SetTxFiFo
                0x08008a4c       0x54 ../../libdaisy//build\libdaisy.a(stm32h7xx_hal_pcd_ex.o)
                0x08008a4c                HAL_PCDEx_SetTxFiFo
 .text.HAL_PCDEx_SetRxFiFo
                0x08008aa0        0xc ../../libdaisy//build\libdaisy.a(stm32h7xx_hal_pcd_ex.o)
                0x08008aa0                HAL_PCDEx_SetRxFiFo
 .text.HAL_PCDEx_ActivateLPM
                0x08008aac       0x30 ../../libdaisy//build\libdaisy.a(stm32h7xx_hal_pcd_ex.o)
                0x08008aac                HAL_PCDEx_ActivateLPM
 .text.HAL_PCDEx_LPM_Callback
                0x08008adc        0x4 ../../libdaisy//build\libdaisy.a(stm32h7xx_hal_pcd_ex.o)
                0x08008adc                HAL_PCDEx_LPM_Callback
 .text.HAL_PWREx_ConfigSupply
                0x08008ae0       0x4c ../../libdaisy//build\libdaisy.a(stm32h7xx_hal_pwr_ex.o)
                0x08008ae0                HAL_PWREx_ConfigSupply
 .text.HAL_PWREx_EnableUSBVoltageDetector
                0x08008b2c       0x10 ../../libdaisy//build\libdaisy.a(stm32h7xx_hal_pwr_ex.o)
                0x08008b2c                HAL_PWREx_EnableUSBVoltageDetector
 .text.QSPI_Config
                0x08008b3c      0x174 ../../libdaisy//build\libdaisy.a(stm32h7xx_hal_qspi.o)
 .text.HAL_QSPI_Init
                0x08008cb0       0xd8 ../../libdaisy//build\libdaisy.a(stm32h7xx_hal_qspi.o)
                0x08008cb0                HAL_QSPI_Init
 .text.HAL_QSPI_DeInit
                0x08008d88       0x3c ../../libdaisy//build\libdaisy.a(stm32h7xx_hal_qspi.o)
                0x08008d88                HAL_QSPI_DeInit
 .text.HAL_QSPI_Command
                0x08008dc4       0xd4 ../../libdaisy//build\libdaisy.a(stm32h7xx_hal_qspi.o)
                0x08008dc4                HAL_QSPI_Command
 .text.HAL_QSPI_Transmit
                0x08008e98       0xfc ../../libdaisy//build\libdaisy.a(stm32h7xx_hal_qspi.o)
                0x08008e98                HAL_QSPI_Transmit
 .text.HAL_QSPI_Receive
                0x08008f94      0x108 ../../libdaisy//build\libdaisy.a(stm32h7xx_hal_qspi.o)
                0x08008f94                HAL_QSPI_Receive
 .text.HAL_QSPI_AutoPolling
                0x0800909c       0xf0 ../../libdaisy//build\libdaisy.a(stm32h7xx_hal_qspi.o)
                0x0800909c                HAL_QSPI_AutoPolling
 .text.HAL_QSPI_MemoryMapped
                0x0800918c       0xc0 ../../libdaisy//build\libdaisy.a(stm32h7xx_hal_qspi.o)
                0x0800918c                HAL_QSPI_MemoryMapped
 .text.HAL_QSPI_ErrorCallback
                0x0800924c        0x4 ../../libdaisy//build\libdaisy.a(stm32h7xx_hal_qspi.o)
                0x0800924c                HAL_QSPI_ErrorCallback
 .text.QSPI_DMAAbortCplt
                0x08009250       0x38 ../../libdaisy//build\libdaisy.a(stm32h7xx_hal_qspi.o)
 .text.HAL_QSPI_AbortCpltCallback
                0x08009288        0x4 ../../libdaisy//build\libdaisy.a(stm32h7xx_hal_qspi.o)
                0x08009288                HAL_QSPI_AbortCpltCallback
 .text.HAL_QSPI_CmdCpltCallback
                0x0800928c        0x4 ../../libdaisy//build\libdaisy.a(stm32h7xx_hal_qspi.o)
                0x0800928c                HAL_QSPI_CmdCpltCallback
 .text.HAL_QSPI_RxCpltCallback
                0x08009290        0x4 ../../libdaisy//build\libdaisy.a(stm32h7xx_hal_qspi.o)
                0x08009290                HAL_QSPI_RxCpltCallback
 .text.HAL_QSPI_TxCpltCallback
                0x08009294        0x4 ../../libdaisy//build\libdaisy.a(stm32h7xx_hal_qspi.o)
                0x08009294                HAL_QSPI_TxCpltCallback
 .text.HAL_QSPI_FifoThresholdCallback
                0x08009298        0x4 ../../libdaisy//build\libdaisy.a(stm32h7xx_hal_qspi.o)
                0x08009298                HAL_QSPI_FifoThresholdCallback
 .text.HAL_QSPI_StatusMatchCallback
                0x0800929c        0x4 ../../libdaisy//build\libdaisy.a(stm32h7xx_hal_qspi.o)
                0x0800929c                HAL_QSPI_StatusMatchCallback
 .text.HAL_QSPI_TimeOutCallback
                0x080092a0        0x4 ../../libdaisy//build\libdaisy.a(stm32h7xx_hal_qspi.o)
                0x080092a0                HAL_QSPI_TimeOutCallback
 .text.HAL_QSPI_IRQHandler
                0x080092a4      0x210 ../../libdaisy//build\libdaisy.a(stm32h7xx_hal_qspi.o)
                0x080092a4                HAL_QSPI_IRQHandler
 .text.HAL_RCC_OscConfig
                0x080094b4      0x51c ../../libdaisy//build\libdaisy.a(stm32h7xx_hal_rcc.o)
                0x080094b4                HAL_RCC_OscConfig
 .text.HAL_RCC_GetSysClockFreq
                0x080099d0      0x140 ../../libdaisy//build\libdaisy.a(stm32h7xx_hal_rcc.o)
                0x080099d0                HAL_RCC_GetSysClockFreq
 .text.HAL_RCC_ClockConfig
                0x08009b10      0x234 ../../libdaisy//build\libdaisy.a(stm32h7xx_hal_rcc.o)
                0x08009b10                HAL_RCC_ClockConfig
 .text.HAL_RCC_GetHCLKFreq
                0x08009d44       0x2c ../../libdaisy//build\libdaisy.a(stm32h7xx_hal_rcc.o)
                0x08009d44                HAL_RCC_GetHCLKFreq
 .text.HAL_RCC_GetPCLK1Freq
                0x08009d70       0x38 ../../libdaisy//build\libdaisy.a(stm32h7xx_hal_rcc.o)
                0x08009d70                HAL_RCC_GetPCLK1Freq
 .text.HAL_RCC_GetPCLK2Freq
                0x08009da8       0x38 ../../libdaisy//build\libdaisy.a(stm32h7xx_hal_rcc.o)
                0x08009da8                HAL_RCC_GetPCLK2Freq
 .text.RCCEx_PLL2_Config
                0x08009de0       0xf4 ../../libdaisy//build\libdaisy.a(stm32h7xx_hal_rcc_ex.o)
 .text.RCCEx_PLL3_Config
                0x08009ed4       0xf4 ../../libdaisy//build\libdaisy.a(stm32h7xx_hal_rcc_ex.o)
 .text.HAL_RCCEx_PeriphCLKConfig
                0x08009fc8      0xa7c ../../libdaisy//build\libdaisy.a(stm32h7xx_hal_rcc_ex.o)
                0x08009fc8                HAL_RCCEx_PeriphCLKConfig
 .text.HAL_RCCEx_GetD3PCLK1Freq
                0x0800aa44       0x24 ../../libdaisy//build\libdaisy.a(stm32h7xx_hal_rcc_ex.o)
                0x0800aa44                HAL_RCCEx_GetD3PCLK1Freq
 .text.HAL_RCCEx_GetPLL2ClockFreq
                0x0800aa68      0x17c ../../libdaisy//build\libdaisy.a(stm32h7xx_hal_rcc_ex.o)
                0x0800aa68                HAL_RCCEx_GetPLL2ClockFreq
 .text.HAL_RCCEx_GetPLL3ClockFreq
                0x0800abe4      0x17c ../../libdaisy//build\libdaisy.a(stm32h7xx_hal_rcc_ex.o)
                0x0800abe4                HAL_RCCEx_GetPLL3ClockFreq
 .text.HAL_RCCEx_GetPLL1ClockFreq
                0x0800ad60      0x17c ../../libdaisy//build\libdaisy.a(stm32h7xx_hal_rcc_ex.o)
                0x0800ad60                HAL_RCCEx_GetPLL1ClockFreq
 .text.HAL_RCCEx_GetPeriphCLKFreq
                0x0800aedc      0x198 ../../libdaisy//build\libdaisy.a(stm32h7xx_hal_rcc_ex.o)
                0x0800aedc                HAL_RCCEx_GetPeriphCLKFreq
 .text.HAL_RCCEx_GetD1SysClockFreq
                0x0800b074       0x2c ../../libdaisy//build\libdaisy.a(stm32h7xx_hal_rcc_ex.o)
                0x0800b074                HAL_RCCEx_GetD1SysClockFreq
 .text.HAL_SAI_Init.part.0
                0x0800b0a0      0x348 ../../libdaisy//build\libdaisy.a(stm32h7xx_hal_sai.o)
 .text.HAL_SAI_InitProtocol
                0x0800b3e8      0x178 ../../libdaisy//build\libdaisy.a(stm32h7xx_hal_sai.o)
                0x0800b3e8                HAL_SAI_InitProtocol
 .text.HAL_SAI_Transmit_DMA
                0x0800b560      0x124 ../../libdaisy//build\libdaisy.a(stm32h7xx_hal_sai.o)
                0x0800b560                HAL_SAI_Transmit_DMA
 .text.HAL_SAI_Receive_DMA
                0x0800b684       0xd0 ../../libdaisy//build\libdaisy.a(stm32h7xx_hal_sai.o)
                0x0800b684                HAL_SAI_Receive_DMA
 .text.HAL_SAI_TxCpltCallback
                0x0800b754        0x4 ../../libdaisy//build\libdaisy.a(stm32h7xx_hal_sai.o)
                0x0800b754                HAL_SAI_TxCpltCallback
 .text.SAI_DMATxCplt
                0x0800b758       0x64 ../../libdaisy//build\libdaisy.a(stm32h7xx_hal_sai.o)
 .text.HAL_SAI_TxHalfCpltCallback
                0x0800b7bc        0x4 ../../libdaisy//build\libdaisy.a(stm32h7xx_hal_sai.o)
                0x0800b7bc                HAL_SAI_TxHalfCpltCallback
 .text.SAI_DMATxHalfCplt
                0x0800b7c0        0xc ../../libdaisy//build\libdaisy.a(stm32h7xx_hal_sai.o)
 .text.SAI_DMARxCplt
                0x0800b7cc       0x64 ../../libdaisy//build\libdaisy.a(stm32h7xx_hal_sai.o)
 .text.SAI_DMARxHalfCplt
                0x0800b830        0xc ../../libdaisy//build\libdaisy.a(stm32h7xx_hal_sai.o)
 .text.HAL_SAI_ErrorCallback
                0x0800b83c        0x4 ../../libdaisy//build\libdaisy.a(stm32h7xx_hal_sai.o)
                0x0800b83c                HAL_SAI_ErrorCallback
 .text.SAI_DMAError
                0x0800b840       0x6c ../../libdaisy//build\libdaisy.a(stm32h7xx_hal_sai.o)
 .text.HAL_SDRAM_Init
                0x0800b8ac       0x54 ../../libdaisy//build\libdaisy.a(stm32h7xx_hal_sdram.o)
                0x0800b8ac                HAL_SDRAM_Init
 .text.HAL_SDRAM_SendCommand
                0x0800b900       0x40 ../../libdaisy//build\libdaisy.a(stm32h7xx_hal_sdram.o)
                0x0800b900                HAL_SDRAM_SendCommand
 .text.HAL_SDRAM_ProgramRefreshRate
                0x0800b940       0x30 ../../libdaisy//build\libdaisy.a(stm32h7xx_hal_sdram.o)
                0x0800b940                HAL_SDRAM_ProgramRefreshRate
 .text.HAL_UART_Receive_DMA
                0x0800b970       0xac ../../libdaisy//build\libdaisy.a(stm32h7xx_hal_uart.o)
                0x0800b970                HAL_UART_Receive_DMA
 .text.HAL_UART_TxCpltCallback
                0x0800ba1c        0x4 ../../libdaisy//build\libdaisy.a(stm32h7xx_hal_uart.o)
                0x0800ba1c                HAL_UART_TxCpltCallback
 .text.UART_DMAReceiveCplt
                0x0800ba20       0x38 ../../libdaisy//build\libdaisy.a(stm32h7xx_hal_uart.o)
 .text.HAL_UART_RxHalfCpltCallback
                0x0800ba58        0x4 ../../libdaisy//build\libdaisy.a(stm32h7xx_hal_uart.o)
                0x0800ba58                HAL_UART_RxHalfCpltCallback
 .text.UART_DMARxHalfCplt
                0x0800ba5c        0xc ../../libdaisy//build\libdaisy.a(stm32h7xx_hal_uart.o)
 .text.UART_DMAError
                0x0800ba68       0x78 ../../libdaisy//build\libdaisy.a(stm32h7xx_hal_uart.o)
 .text.HAL_UART_IRQHandler
                0x0800bae0      0x1d0 ../../libdaisy//build\libdaisy.a(stm32h7xx_hal_uart.o)
                0x0800bae0                HAL_UART_IRQHandler
 .text.UART_DMAAbortOnError
                0x0800bcb0       0x14 ../../libdaisy//build\libdaisy.a(stm32h7xx_hal_uart.o)
 .text.UART_SetConfig
                0x0800bcc4     0x14b8 ../../libdaisy//build\libdaisy.a(stm32h7xx_hal_uart.o)
                0x0800bcc4                UART_SetConfig
 .text.UART_AdvFeatureConfig
                0x0800d17c       0xb0 ../../libdaisy//build\libdaisy.a(stm32h7xx_hal_uart.o)
                0x0800d17c                UART_AdvFeatureConfig
 .text.UART_CheckIdleState
                0x0800d22c       0x84 ../../libdaisy//build\libdaisy.a(stm32h7xx_hal_uart.o)
                0x0800d22c                UART_CheckIdleState
 .text.HAL_UART_Init
                0x0800d2b0       0x68 ../../libdaisy//build\libdaisy.a(stm32h7xx_hal_uart.o)
                0x0800d2b0                HAL_UART_Init
 .text.HAL_UARTEx_WakeupCallback
                0x0800d318        0x4 ../../libdaisy//build\libdaisy.a(stm32h7xx_hal_uart_ex.o)
                0x0800d318                HAL_UARTEx_WakeupCallback
 .text.HAL_UARTEx_RxFifoFullCallback
                0x0800d31c        0x4 ../../libdaisy//build\libdaisy.a(stm32h7xx_hal_uart_ex.o)
                0x0800d31c                HAL_UARTEx_RxFifoFullCallback
 .text.HAL_UARTEx_TxFifoEmptyCallback
                0x0800d320        0x4 ../../libdaisy//build\libdaisy.a(stm32h7xx_hal_uart_ex.o)
                0x0800d320                HAL_UARTEx_TxFifoEmptyCallback
 .text.HAL_UARTEx_DisableFifoMode
                0x0800d324       0x3c ../../libdaisy//build\libdaisy.a(stm32h7xx_hal_uart_ex.o)
                0x0800d324                HAL_UARTEx_DisableFifoMode
 .text.HAL_UARTEx_SetTxFifoThreshold
                0x0800d360       0xa4 ../../libdaisy//build\libdaisy.a(stm32h7xx_hal_uart_ex.o)
                0x0800d360                HAL_UARTEx_SetTxFifoThreshold
 .text.HAL_UARTEx_SetRxFifoThreshold
                0x0800d404       0xa4 ../../libdaisy//build\libdaisy.a(stm32h7xx_hal_uart_ex.o)
                0x0800d404                HAL_UARTEx_SetRxFifoThreshold
 .text.FMC_SDRAM_Init
                0x0800d4a8       0x7c ../../libdaisy//build\libdaisy.a(stm32h7xx_ll_fmc.o)
                0x0800d4a8                FMC_SDRAM_Init
 .text.FMC_SDRAM_Timing_Init
                0x0800d524       0x98 ../../libdaisy//build\libdaisy.a(stm32h7xx_ll_fmc.o)
                0x0800d524                FMC_SDRAM_Timing_Init
 .text.FMC_SDRAM_SendCommand
                0x0800d5bc       0x28 ../../libdaisy//build\libdaisy.a(stm32h7xx_ll_fmc.o)
                0x0800d5bc                FMC_SDRAM_SendCommand
 .text.FMC_SDRAM_ProgramRefreshRate
                0x0800d5e4       0x1c ../../libdaisy//build\libdaisy.a(stm32h7xx_ll_fmc.o)
                0x0800d5e4                FMC_SDRAM_ProgramRefreshRate
 .text.USB_CoreInit
                0x0800d600       0xfc ../../libdaisy//build\libdaisy.a(stm32h7xx_ll_usb.o)
                0x0800d600                USB_CoreInit
 .text.USB_SetTurnaroundTime
                0x0800d6fc       0xf4 ../../libdaisy//build\libdaisy.a(stm32h7xx_ll_usb.o)
                0x0800d6fc                USB_SetTurnaroundTime
 .text.USB_EnableGlobalInt
                0x0800d7f0       0x10 ../../libdaisy//build\libdaisy.a(stm32h7xx_ll_usb.o)
                0x0800d7f0                USB_EnableGlobalInt
 .text.USB_DisableGlobalInt
                0x0800d800       0x10 ../../libdaisy//build\libdaisy.a(stm32h7xx_ll_usb.o)
                0x0800d800                USB_DisableGlobalInt
 .text.USB_SetCurrentMode
                0x0800d810       0x30 ../../libdaisy//build\libdaisy.a(stm32h7xx_ll_usb.o)
                0x0800d810                USB_SetCurrentMode
 .text.USB_DevInit
                0x0800d840      0x20c ../../libdaisy//build\libdaisy.a(stm32h7xx_ll_usb.o)
                0x0800d840                USB_DevInit
 .text.USB_FlushTxFifo
                0x0800da4c       0x24 ../../libdaisy//build\libdaisy.a(stm32h7xx_ll_usb.o)
                0x0800da4c                USB_FlushTxFifo
 .text.USB_GetDevSpeed
                0x0800da70       0x18 ../../libdaisy//build\libdaisy.a(stm32h7xx_ll_usb.o)
                0x0800da70                USB_GetDevSpeed
 .text.USB_ActivateEndpoint
                0x0800da88       0x90 ../../libdaisy//build\libdaisy.a(stm32h7xx_ll_usb.o)
                0x0800da88                USB_ActivateEndpoint
 .text.USB_DeactivateEndpoint
                0x0800db18       0x84 ../../libdaisy//build\libdaisy.a(stm32h7xx_ll_usb.o)
                0x0800db18                USB_DeactivateEndpoint
 .text.USB_EPStartXfer
                0x0800db9c      0x230 ../../libdaisy//build\libdaisy.a(stm32h7xx_ll_usb.o)
                0x0800db9c                USB_EPStartXfer
 .text.USB_EP0StartXfer
                0x0800ddcc      0x174 ../../libdaisy//build\libdaisy.a(stm32h7xx_ll_usb.o)
                0x0800ddcc                USB_EP0StartXfer
 .text.USB_WritePacket
                0x0800df40       0x2c ../../libdaisy//build\libdaisy.a(stm32h7xx_ll_usb.o)
                0x0800df40                USB_WritePacket
 .text.USB_ReadPacket
                0x0800df6c       0x20 ../../libdaisy//build\libdaisy.a(stm32h7xx_ll_usb.o)
                0x0800df6c                USB_ReadPacket
 .text.USB_EPSetStall
                0x0800df8c       0x68 ../../libdaisy//build\libdaisy.a(stm32h7xx_ll_usb.o)
                0x0800df8c                USB_EPSetStall
 .text.USB_EPClearStall
                0x0800dff4       0x58 ../../libdaisy//build\libdaisy.a(stm32h7xx_ll_usb.o)
                0x0800dff4                USB_EPClearStall
 .text.USB_SetDevAddress
                0x0800e04c       0x24 ../../libdaisy//build\libdaisy.a(stm32h7xx_ll_usb.o)
                0x0800e04c                USB_SetDevAddress
 .text.USB_DevConnect
                0x0800e070       0x1c ../../libdaisy//build\libdaisy.a(stm32h7xx_ll_usb.o)
                0x0800e070                USB_DevConnect
 .text.USB_DevDisconnect
                0x0800e08c       0x1c ../../libdaisy//build\libdaisy.a(stm32h7xx_ll_usb.o)
                0x0800e08c                USB_DevDisconnect
 .text.USB_ReadInterrupts
                0x0800e0a8        0x8 ../../libdaisy//build\libdaisy.a(stm32h7xx_ll_usb.o)
                0x0800e0a8                USB_ReadInterrupts
 .text.USB_ReadDevAllOutEpInterrupt
                0x0800e0b0       0x10 ../../libdaisy//build\libdaisy.a(stm32h7xx_ll_usb.o)
                0x0800e0b0                USB_ReadDevAllOutEpInterrupt
 .text.USB_ReadDevAllInEpInterrupt
                0x0800e0c0       0x10 ../../libdaisy//build\libdaisy.a(stm32h7xx_ll_usb.o)
                0x0800e0c0                USB_ReadDevAllInEpInterrupt
 .text.USB_ReadDevOutEPInterrupt
                0x0800e0d0       0x14 ../../libdaisy//build\libdaisy.a(stm32h7xx_ll_usb.o)
                0x0800e0d0                USB_ReadDevOutEPInterrupt
 .text.USB_ReadDevInEPInterrupt
                0x0800e0e4       0x20 ../../libdaisy//build\libdaisy.a(stm32h7xx_ll_usb.o)
                0x0800e0e4                USB_ReadDevInEPInterrupt
 .text.USB_GetMode
                0x0800e104        0x8 ../../libdaisy//build\libdaisy.a(stm32h7xx_ll_usb.o)
                0x0800e104                USB_GetMode
 .text.USB_ActivateSetup
                0x0800e10c       0x38 ../../libdaisy//build\libdaisy.a(stm32h7xx_ll_usb.o)
                0x0800e10c                USB_ActivateSetup
 .text.USB_EP0_OutStart
                0x0800e144       0x58 ../../libdaisy//build\libdaisy.a(stm32h7xx_ll_usb.o)
                0x0800e144                USB_EP0_OutStart
 .text.USB_InitFSLSPClkSel
                0x0800e19c       0x44 ../../libdaisy//build\libdaisy.a(stm32h7xx_ll_usb.o)
                0x0800e19c                USB_InitFSLSPClkSel
 .text.USB_HC_ReadInterrupt
                0x0800e1e0        0x8 ../../libdaisy//build\libdaisy.a(stm32h7xx_ll_usb.o)
                0x0800e1e0                USB_HC_ReadInterrupt
 .text.USB_HC_Halt
                0x0800e1e8       0xb4 ../../libdaisy//build\libdaisy.a(stm32h7xx_ll_usb.o)
                0x0800e1e8                USB_HC_Halt
 .text.USB_StopHost
                0x0800e29c      0x184 ../../libdaisy//build\libdaisy.a(stm32h7xx_ll_usb.o)
                0x0800e29c                USB_StopHost
 .text.USBD_CDC_EP0_RxReady
                0x0800e420       0x2c ../../libdaisy//build\libdaisy.a(usbd_cdc.o)
 .text.USBD_CDC_GetFSCfgDesc
                0x0800e44c       0x24 ../../libdaisy//build\libdaisy.a(usbd_cdc.o)
 .text.USBD_CDC_GetHSCfgDesc
                0x0800e470       0x24 ../../libdaisy//build\libdaisy.a(usbd_cdc.o)
 .text.USBD_CDC_GetOtherSpeedCfgDesc
                0x0800e494       0x24 ../../libdaisy//build\libdaisy.a(usbd_cdc.o)
 .text.USBD_CDC_GetDeviceQualifierDescriptor
                0x0800e4b8       0x10 ../../libdaisy//build\libdaisy.a(usbd_cdc.o)
                0x0800e4b8                USBD_CDC_GetDeviceQualifierDescriptor
 .text.USBD_CDC_DataOut
                0x0800e4c8       0x30 ../../libdaisy//build\libdaisy.a(usbd_cdc.o)
 .text.USBD_CDC_DataIn
                0x0800e4f8       0x50 ../../libdaisy//build\libdaisy.a(usbd_cdc.o)
 .text.USBD_CDC_Setup
                0x0800e548       0xcc ../../libdaisy//build\libdaisy.a(usbd_cdc.o)
 .text.USBD_CDC_DeInit
                0x0800e614       0x44 ../../libdaisy//build\libdaisy.a(usbd_cdc.o)
 .text.USBD_CDC_Init
                0x0800e658       0x94 ../../libdaisy//build\libdaisy.a(usbd_cdc.o)
 .text.USBD_CDC_RegisterInterface
                0x0800e6ec       0x10 ../../libdaisy//build\libdaisy.a(usbd_cdc.o)
                0x0800e6ec                USBD_CDC_RegisterInterface
 .text.USBD_CDC_SetTxBuffer
                0x0800e6fc       0x14 ../../libdaisy//build\libdaisy.a(usbd_cdc.o)
                0x0800e6fc                USBD_CDC_SetTxBuffer
 .text.USBD_CDC_SetRxBuffer
                0x0800e710       0x10 ../../libdaisy//build\libdaisy.a(usbd_cdc.o)
                0x0800e710                USBD_CDC_SetRxBuffer
 .text.USBD_CDC_TransmitPacket
                0x0800e720       0x34 ../../libdaisy//build\libdaisy.a(usbd_cdc.o)
                0x0800e720                USBD_CDC_TransmitPacket
 .text.USBD_CDC_ReceivePacket
                0x0800e754       0x38 ../../libdaisy//build\libdaisy.a(usbd_cdc.o)
                0x0800e754                USBD_CDC_ReceivePacket
 .text.USBD_Init
                0x0800e78c       0x44 ../../libdaisy//build\libdaisy.a(usbd_core.o)
                0x0800e78c                USBD_Init
 .text.USBD_RegisterClass
                0x0800e7d0       0x2c ../../libdaisy//build\libdaisy.a(usbd_core.o)
                0x0800e7d0                USBD_RegisterClass
 .text.USBD_Start
                0x0800e7fc        0xc ../../libdaisy//build\libdaisy.a(usbd_core.o)
                0x0800e7fc                USBD_Start
 .text.USBD_SetClassConfig
                0x0800e808       0x14 ../../libdaisy//build\libdaisy.a(usbd_core.o)
                0x0800e808                USBD_SetClassConfig
 .text.USBD_ClrClassConfig
                0x0800e81c       0x10 ../../libdaisy//build\libdaisy.a(usbd_core.o)
                0x0800e81c                USBD_ClrClassConfig
 .text.USBD_LL_SetupStage
                0x0800e82c       0x5c ../../libdaisy//build\libdaisy.a(usbd_core.o)
                0x0800e82c                USBD_LL_SetupStage
 .text.USBD_LL_DataOutStage
                0x0800e888       0x7c ../../libdaisy//build\libdaisy.a(usbd_core.o)
                0x0800e888                USBD_LL_DataOutStage
 .text.USBD_LL_DataInStage
                0x0800e904       0xcc ../../libdaisy//build\libdaisy.a(usbd_core.o)
                0x0800e904                USBD_LL_DataInStage
 .text.USBD_LL_Reset
                0x0800e9d0       0x50 ../../libdaisy//build\libdaisy.a(usbd_core.o)
                0x0800e9d0                USBD_LL_Reset
 .text.USBD_LL_SetSpeed
                0x0800ea20        0x8 ../../libdaisy//build\libdaisy.a(usbd_core.o)
                0x0800ea20                USBD_LL_SetSpeed
 .text.USBD_LL_Suspend
                0x0800ea28       0x14 ../../libdaisy//build\libdaisy.a(usbd_core.o)
                0x0800ea28                USBD_LL_Suspend
 .text.USBD_LL_Resume
                0x0800ea3c       0x10 ../../libdaisy//build\libdaisy.a(usbd_core.o)
                0x0800ea3c                USBD_LL_Resume
 .text.USBD_LL_SOF
                0x0800ea4c       0x1c ../../libdaisy//build\libdaisy.a(usbd_core.o)
                0x0800ea4c                USBD_LL_SOF
 .text.USBD_LL_IsoINIncomplete
                0x0800ea68        0x4 ../../libdaisy//build\libdaisy.a(usbd_core.o)
                0x0800ea68                USBD_LL_IsoINIncomplete
 .text.USBD_LL_IsoOUTIncomplete
                0x0800ea6c        0x4 ../../libdaisy//build\libdaisy.a(usbd_core.o)
                0x0800ea6c                USBD_LL_IsoOUTIncomplete
 .text.USBD_LL_DevConnected
                0x0800ea70        0x4 ../../libdaisy//build\libdaisy.a(usbd_core.o)
                0x0800ea70                USBD_LL_DevConnected
 .text.USBD_LL_DevDisconnected
                0x0800ea74       0x18 ../../libdaisy//build\libdaisy.a(usbd_core.o)
                0x0800ea74                USBD_LL_DevDisconnected
 .text.USBD_StdDevReq
                0x0800ea8c      0x304 ../../libdaisy//build\libdaisy.a(usbd_ctlreq.o)
                0x0800ea8c                USBD_StdDevReq
 .text.USBD_StdItfReq
                0x0800ed90       0x68 ../../libdaisy//build\libdaisy.a(usbd_ctlreq.o)
                0x0800ed90                USBD_StdItfReq
 .text.USBD_StdEPReq
                0x0800edf8      0x13c ../../libdaisy//build\libdaisy.a(usbd_ctlreq.o)
                0x0800edf8                USBD_StdEPReq
 .text.USBD_ParseSetupRequest
                0x0800ef34       0x28 ../../libdaisy//build\libdaisy.a(usbd_ctlreq.o)
                0x0800ef34                USBD_ParseSetupRequest
 .text.USBD_CtlError
                0x0800ef5c       0x18 ../../libdaisy//build\libdaisy.a(usbd_ctlreq.o)
                0x0800ef5c                USBD_CtlError
 .text.USBD_GetString
                0x0800ef74       0x54 ../../libdaisy//build\libdaisy.a(usbd_ctlreq.o)
                0x0800ef74                USBD_GetString
 .text.USBD_CtlSendData
                0x0800efc8       0x1c ../../libdaisy//build\libdaisy.a(usbd_ioreq.o)
                0x0800efc8                USBD_CtlSendData
 .text.USBD_CtlContinueSendData
                0x0800efe4       0x14 ../../libdaisy//build\libdaisy.a(usbd_ioreq.o)
                0x0800efe4                USBD_CtlContinueSendData
 .text.USBD_CtlPrepareRx
                0x0800eff8       0x1c ../../libdaisy//build\libdaisy.a(usbd_ioreq.o)
                0x0800eff8                USBD_CtlPrepareRx
 .text.USBD_CtlContinueRx
                0x0800f014       0x14 ../../libdaisy//build\libdaisy.a(usbd_ioreq.o)
                0x0800f014                USBD_CtlContinueRx
 .text.USBD_CtlSendStatus
                0x0800f028       0x18 ../../libdaisy//build\libdaisy.a(usbd_ioreq.o)
                0x0800f028                USBD_CtlSendStatus
 .text.USBD_CtlReceiveStatus
                0x0800f040       0x18 ../../libdaisy//build\libdaisy.a(usbd_ioreq.o)
                0x0800f040                USBD_CtlReceiveStatus
 .text.USBH_LL_IncTimer
                0x0800f058       0x20 ../../libdaisy//build\libdaisy.a(usbh_core.o)
                0x0800f058                USBH_LL_IncTimer
 .text.USBH_LL_PortEnabled
                0x0800f078        0x8 ../../libdaisy//build\libdaisy.a(usbh_core.o)
                0x0800f078                USBH_LL_PortEnabled
 .text.USBH_LL_PortDisabled
                0x0800f080        0x8 ../../libdaisy//build\libdaisy.a(usbh_core.o)
                0x0800f080                USBH_LL_PortDisabled
 .text.USBH_LL_Connect
                0x0800f088       0x18 ../../libdaisy//build\libdaisy.a(usbh_core.o)
                0x0800f088                USBH_LL_Connect
 .text.USBH_LL_Disconnect
                0x0800f0a0       0x2c ../../libdaisy//build\libdaisy.a(usbh_core.o)
                0x0800f0a0                USBH_LL_Disconnect
 .text.USBH_FreePipe
                0x0800f0cc       0x18 ../../libdaisy//build\libdaisy.a(usbh_pipes.o)
                0x0800f0cc                USBH_FreePipe
 .text._ZN5daisy6Random4InitEv
                0x0800f0e4       0x3c ../../libdaisy//build\libdaisy.a(rng.o)
                0x0800f0e4                daisy::Random::Init()
 .text._ZN5daisy9SpiHandle4Impl7InitDmaEv
                0x0800f120       0xec ../../libdaisy//build\libdaisy.a(spi.o)
                0x0800f120                daisy::SpiHandle::Impl::InitDma()
 .text._ZN5daisy9SpiHandle4Impl10StartDmaTxEPhjPFvPvEPFvS3_NS0_6ResultEES3_
                0x0800f20c       0xc8 ../../libdaisy//build\libdaisy.a(spi.o)
                0x0800f20c                daisy::SpiHandle::Impl::StartDmaTx(unsigned char*, unsigned int, void (*)(void*), void (*)(void*, daisy::SpiHandle::Result), void*)
 .text._ZN5daisy9SpiHandle4Impl10StartDmaRxEPhjPFvPvEPFvS3_NS0_6ResultEES3_
                0x0800f2d4       0xc8 ../../libdaisy//build\libdaisy.a(spi.o)
                0x0800f2d4                daisy::SpiHandle::Impl::StartDmaRx(unsigned char*, unsigned int, void (*)(void*), void (*)(void*, daisy::SpiHandle::Result), void*)
 .text._ZN5daisy9SpiHandle4Impl12StartDmaRxTxEPhS2_jPFvPvEPFvS3_NS0_6ResultEES3_
                0x0800f39c       0xcc ../../libdaisy//build\libdaisy.a(spi.o)
                0x0800f39c                daisy::SpiHandle::Impl::StartDmaRxTx(unsigned char*, unsigned char*, unsigned int, void (*)(void*), void (*)(void*, daisy::SpiHandle::Result), void*)
 .text._ZN5daisy9SpiHandle4Impl8InitPinsEv
                0x0800f468      0x274 ../../libdaisy//build\libdaisy.a(spi.o)
                0x0800f468                daisy::SpiHandle::Impl::InitPins()
 .text.HAL_SPI_MspInit
                0x0800f6dc      0x1a8 ../../libdaisy//build\libdaisy.a(spi.o)
                0x0800f6dc                HAL_SPI_MspInit
 .text.dsy_spi_global_init
                0x0800f884       0x80 ../../libdaisy//build\libdaisy.a(spi.o)
                0x0800f884                dsy_spi_global_init
 .text.SPI1_IRQHandler
                0x0800f904        0xc ../../libdaisy//build\libdaisy.a(spi.o)
                0x0800f904                SPI1_IRQHandler
 .text.DMA2_Stream2_IRQHandler
                0x0800f910       0x34 ../../libdaisy//build\libdaisy.a(spi.o)
                0x0800f910                DMA2_Stream2_IRQHandler
 .text.DMA2_Stream3_IRQHandler
                0x0800f944       0x38 ../../libdaisy//build\libdaisy.a(spi.o)
                0x0800f944                DMA2_Stream3_IRQHandler
 .text.HAL_SPI_TxCpltCallback
                0x0800f97c       0xc4 ../../libdaisy//build\libdaisy.a(spi.o)
                0x0800f97c                HAL_SPI_TxCpltCallback
 .text.HAL_SPI_RxCpltCallback
                0x0800fa40       0xc4 ../../libdaisy//build\libdaisy.a(spi.o)
                0x0800fa40                HAL_SPI_RxCpltCallback
 .text.HAL_SPI_TxRxCpltCallback
                0x0800fb04       0xc4 ../../libdaisy//build\libdaisy.a(spi.o)
                0x0800fb04                HAL_SPI_TxRxCpltCallback
 .text.HAL_SPI_ErrorCallback
                0x0800fbc8       0xc8 ../../libdaisy//build\libdaisy.a(spi.o)
                0x0800fbc8                HAL_SPI_ErrorCallback
 .text.startup._GLOBAL__sub_I__Z19MapInstanceToHandleP11SPI_TypeDef
                0x0800fc90      0x1b0 ../../libdaisy//build\libdaisy.a(spi.o)
 .text.HAL_TIM_Base_MspInit
                0x0800fe40       0xcc ../../libdaisy//build\libdaisy.a(tim.o)
                0x0800fe40                HAL_TIM_Base_MspInit
 .text._ZN5daisy11TimerHandle4InitERKNS0_6ConfigE
                0x0800ff0c       0xc4 ../../libdaisy//build\libdaisy.a(tim.o)
                0x0800ff0c                daisy::TimerHandle::Init(daisy::TimerHandle::Config const&)
 .text._ZN5daisy11TimerHandle5StartEv
                0x0800ffd0       0x14 ../../libdaisy//build\libdaisy.a(tim.o)
                0x0800ffd0                daisy::TimerHandle::Start()
 .text.dsy_dma_init
                0x0800ffe4       0xf0 ../../libdaisy//build\libdaisy.a(dma.o)
                0x0800ffe4                dsy_dma_init
 .text.HAL_MDMA_Abort_IT
                0x080100d4       0x2c ../../libdaisy//build\libdaisy.a(stm32h7xx_hal_mdma.o)
                0x080100d4                HAL_MDMA_Abort_IT
 .text.SPI_CloseTransfer
                0x08010100       0xb8 ../../libdaisy//build\libdaisy.a(stm32h7xx_hal_spi.o)
 .text.HAL_SPI_Init
                0x080101b8      0x15c ../../libdaisy//build\libdaisy.a(stm32h7xx_hal_spi.o)
                0x080101b8                HAL_SPI_Init
 .text.HAL_SPI_Transmit_DMA
                0x08010314      0x170 ../../libdaisy//build\libdaisy.a(stm32h7xx_hal_spi.o)
                0x08010314                HAL_SPI_Transmit_DMA
 .text.HAL_SPI_TransmitReceive_DMA
                0x08010484      0x218 ../../libdaisy//build\libdaisy.a(stm32h7xx_hal_spi.o)
                0x08010484                HAL_SPI_TransmitReceive_DMA
 .text.HAL_SPI_Receive_DMA
                0x0801069c      0x1b4 ../../libdaisy//build\libdaisy.a(stm32h7xx_hal_spi.o)
                0x0801069c                HAL_SPI_Receive_DMA
 .text.SPI_DMATransmitCplt
                0x08010850       0x28 ../../libdaisy//build\libdaisy.a(stm32h7xx_hal_spi.o)
 .text.SPI_DMAReceiveCplt
                0x08010878       0x28 ../../libdaisy//build\libdaisy.a(stm32h7xx_hal_spi.o)
 .text.SPI_DMATransmitReceiveCplt
                0x080108a0       0x28 ../../libdaisy//build\libdaisy.a(stm32h7xx_hal_spi.o)
 .text.HAL_SPI_TxHalfCpltCallback
                0x080108c8        0x4 ../../libdaisy//build\libdaisy.a(stm32h7xx_hal_spi.o)
                0x080108c8                HAL_SPI_TxHalfCpltCallback
 .text.SPI_DMAHalfTransmitCplt
                0x080108cc        0xc ../../libdaisy//build\libdaisy.a(stm32h7xx_hal_spi.o)
 .text.HAL_SPI_RxHalfCpltCallback
                0x080108d8        0x4 ../../libdaisy//build\libdaisy.a(stm32h7xx_hal_spi.o)
                0x080108d8                HAL_SPI_RxHalfCpltCallback
 .text.SPI_DMAHalfReceiveCplt
                0x080108dc        0xc ../../libdaisy//build\libdaisy.a(stm32h7xx_hal_spi.o)
 .text.HAL_SPI_TxRxHalfCpltCallback
                0x080108e8        0x4 ../../libdaisy//build\libdaisy.a(stm32h7xx_hal_spi.o)
                0x080108e8                HAL_SPI_TxRxHalfCpltCallback
 .text.SPI_DMAHalfTransmitReceiveCplt
                0x080108ec        0xc ../../libdaisy//build\libdaisy.a(stm32h7xx_hal_spi.o)
 .text.SPI_DMAError
                0x080108f8       0xd8 ../../libdaisy//build\libdaisy.a(stm32h7xx_hal_spi.o)
 .text.HAL_SPI_IRQHandler
                0x080109d0      0x23c ../../libdaisy//build\libdaisy.a(stm32h7xx_hal_spi.o)
                0x080109d0                HAL_SPI_IRQHandler
 .text.SPI_DMAAbortOnError
                0x08010c0c       0x1c ../../libdaisy//build\libdaisy.a(stm32h7xx_hal_spi.o)
 .text.HAL_SPI_GetState
                0x08010c28        0x8 ../../libdaisy//build\libdaisy.a(stm32h7xx_hal_spi.o)
                0x08010c28                HAL_SPI_GetState
 .text.HAL_TIM_Base_Init
                0x08010c30      0x140 ../../libdaisy//build\libdaisy.a(stm32h7xx_hal_tim.o)
                0x08010c30                HAL_TIM_Base_Init
 .text.HAL_TIM_Base_Start
                0x08010d70       0x34 ../../libdaisy//build\libdaisy.a(stm32h7xx_hal_tim.o)
                0x08010d70                HAL_TIM_Base_Start
 .text.HAL_TIM_ConfigClockSource
                0x08010da4      0x17c ../../libdaisy//build\libdaisy.a(stm32h7xx_hal_tim.o)
                0x08010da4                HAL_TIM_ConfigClockSource
 .text.HAL_TIMEx_MasterConfigSynchronization
                0x08010f20       0x64 ../../libdaisy//build\libdaisy.a(stm32h7xx_hal_tim_ex.o)
                0x08010f20                HAL_TIMEx_MasterConfigSynchronization
 .text.__aeabi_atexit
                0x08010f84        0xa c:/users/amelia/desktop/capstone/daisy/daisytoolchain-0.3.1/windows/bin/../lib/gcc/arm-none-eabi/10.2.1/../../../../arm-none-eabi/lib/thumb/v7e-m+dp/hard\libstdc++_nano.a(atexit_arm.o)
                0x08010f84                __aeabi_atexit
 .text._ZNK10__cxxabiv117__class_type_info11__do_upcastEPKS0_PPv
                0x08010f8e       0x32 c:/users/amelia/desktop/capstone/daisy/daisytoolchain-0.3.1/windows/bin/../lib/gcc/arm-none-eabi/10.2.1/../../../../arm-none-eabi/lib/thumb/v7e-m+dp/hard\libstdc++_nano.a(class_type_info.o)
                0x08010f8e                __cxxabiv1::__class_type_info::__do_upcast(__cxxabiv1::__class_type_info const*, void**) const
 .text._ZNK10__cxxabiv117__class_type_info20__do_find_public_srcEiPKvPKS0_S2_
                0x08010fc0        0xc c:/users/amelia/desktop/capstone/daisy/daisytoolchain-0.3.1/windows/bin/../lib/gcc/arm-none-eabi/10.2.1/../../../../arm-none-eabi/lib/thumb/v7e-m+dp/hard\libstdc++_nano.a(class_type_info.o)
                0x08010fc0                __cxxabiv1::__class_type_info::__do_find_public_src(int, void const*, __cxxabiv1::__class_type_info const*, void const*) const
 .text._ZN10__cxxabiv117__class_type_infoD2Ev
                0x08010fcc       0x14 c:/users/amelia/desktop/capstone/daisy/daisytoolchain-0.3.1/windows/bin/../lib/gcc/arm-none-eabi/10.2.1/../../../../arm-none-eabi/lib/thumb/v7e-m+dp/hard\libstdc++_nano.a(class_type_info.o)
                0x08010fcc                __cxxabiv1::__class_type_info::~__class_type_info()
                0x08010fcc                __cxxabiv1::__class_type_info::~__class_type_info()
 .text._ZN10__cxxabiv117__class_type_infoD0Ev
                0x08010fe0       0x14 c:/users/amelia/desktop/capstone/daisy/daisytoolchain-0.3.1/windows/bin/../lib/gcc/arm-none-eabi/10.2.1/../../../../arm-none-eabi/lib/thumb/v7e-m+dp/hard\libstdc++_nano.a(class_type_info.o)
                0x08010fe0                __cxxabiv1::__class_type_info::~__class_type_info()
 .text._ZNK10__cxxabiv117__class_type_info12__do_dyncastEiNS0_10__sub_kindEPKS0_PKvS3_S5_RNS0_16__dyncast_resultE
                0x08010ff4       0x3e c:/users/amelia/desktop/capstone/daisy/daisytoolchain-0.3.1/windows/bin/../lib/gcc/arm-none-eabi/10.2.1/../../../../arm-none-eabi/lib/thumb/v7e-m+dp/hard\libstdc++_nano.a(class_type_info.o)
                0x08010ff4                __cxxabiv1::__class_type_info::__do_dyncast(int, __cxxabiv1::__class_type_info::__sub_kind, __cxxabiv1::__class_type_info const*, void const*, __cxxabiv1::__class_type_info const*, void const*, __cxxabiv1::__class_type_info::__dyncast_result&) const
 .text._ZNK10__cxxabiv117__class_type_info11__do_upcastEPKS0_PKvRNS0_15__upcast_resultE
                0x08011032       0x18 c:/users/amelia/desktop/capstone/daisy/daisytoolchain-0.3.1/windows/bin/../lib/gcc/arm-none-eabi/10.2.1/../../../../arm-none-eabi/lib/thumb/v7e-m+dp/hard\libstdc++_nano.a(class_type_info.o)
                0x08011032                __cxxabiv1::__class_type_info::__do_upcast(__cxxabiv1::__class_type_info const*, void const*, __cxxabiv1::__class_type_info::__upcast_result&) const
 .text._ZNK10__cxxabiv117__class_type_info10__do_catchEPKSt9type_infoPPvj
                0x0801104a       0x2a c:/users/amelia/desktop/capstone/daisy/daisytoolchain-0.3.1/windows/bin/../lib/gcc/arm-none-eabi/10.2.1/../../../../arm-none-eabi/lib/thumb/v7e-m+dp/hard\libstdc++_nano.a(class_type_info.o)
                0x0801104a                __cxxabiv1::__class_type_info::__do_catch(std::type_info const*, void**, unsigned int) const
 .text._ZdlPvj  0x08011074        0x4 c:/users/amelia/desktop/capstone/daisy/daisytoolchain-0.3.1/windows/bin/../lib/gcc/arm-none-eabi/10.2.1/../../../../arm-none-eabi/lib/thumb/v7e-m+dp/hard\libstdc++_nano.a(del_ops.o)
                0x08011074                operator delete(void*, unsigned int)
 .text._Znwj    0x08011078       0x22 c:/users/amelia/desktop/capstone/daisy/daisytoolchain-0.3.1/windows/bin/../lib/gcc/arm-none-eabi/10.2.1/../../../../arm-none-eabi/lib/thumb/v7e-m+dp/hard\libstdc++_nano.a(new_op.o)
                0x08011078                operator new(unsigned int)
 *fill*         0x0801109a        0x2 
 .text._ZN10__cxxabiv120__si_class_type_infoD2Ev
                0x0801109c       0x14 c:/users/amelia/desktop/capstone/daisy/daisytoolchain-0.3.1/windows/bin/../lib/gcc/arm-none-eabi/10.2.1/../../../../arm-none-eabi/lib/thumb/v7e-m+dp/hard\libstdc++_nano.a(si_class_type_info.o)
                0x0801109c                __cxxabiv1::__si_class_type_info::~__si_class_type_info()
                0x0801109c                __cxxabiv1::__si_class_type_info::~__si_class_type_info()
 .text._ZN10__cxxabiv120__si_class_type_infoD0Ev